Added Component: Designator=F1(1812_PTC_Polyfuse_Littelfuse)
Add component (AddParameter): Name = "Component Type"; Value = "Littelfuse_PTC_1812"; VariantName = "[No Variations]"
Add component (AddParameter): Name = "ComponentLink1Description"; Value = "Datasheet"; VariantName = "[No Variations]"
Add component (AddParameter): Name = "ComponentLink1URL"; Value = "https://www.littelfuse.com/~/media/electronics/datasheets/resettable_ptcs/littelfuse_ptc_surface_mount_catalog_datasheet.pdf.pdf"; VariantName = "[No Variations]"
Add component (AddParameter): Name = "Created"; Value = "2019_02_10_AGeiger"; VariantName = "[No Variations]"
Add component (AddParameter): Name = "Created from"; Value = "MHlatky"; VariantName = "[No Variations]"
Add component (AddParameter): Name = "Created On"; Value = "07.05.2021 06:50:33"; VariantName = "[No Variations]"
Add component (AddParameter): Name = "Hold Current"; Value = "1.1A"; VariantName = "[No Variations]"
Add component (AddParameter): Name = "Last Updated"; Value = "20.12.2021 12:44:16"; VariantName = "[No Variations]"
Add component (AddParameter): Name = "Live Cycle Status"; Value = "1"; VariantName = "[No Variations]"
Add component (AddParameter): Name = "Manufacturer"; Value = "Littelfuse"; VariantName = "[No Variations]"
Add component (AddParameter): Name = "Manufacturer Part Number"; Value = "Littelfuse_PTC_1812"; VariantName = "[No Variations]"
Add component (AddParameter): Name = "MF"; Value = "Littelfuse"; VariantName = "[No Variations]"
Add component (AddParameter): Name = "Mounting Type"; Value = "SMD"; VariantName = "[No Variations]"
Add component (AddParameter): Name = "MPN"; Value = "miniASMDC110F/24"; VariantName = "[No Variations]"
Add component (AddParameter): Name = "Nominal current"; Value = "1 A"; VariantName = "[No Variations]"
Add component (AddParameter): Name = "Operating Temperature"; Value = "-40 - 85 °C"; VariantName = "[No Variations]"
Add component (AddParameter): Name = "Package"; Value = "1812"; VariantName = "[No Variations]"
Add component (AddParameter): Name = "PartID"; Value = "5"; VariantName = "[No Variations]"
Add component (AddParameter): Name = "Resistance"; Value = "0.18 Ohm"; VariantName = "[No Variations]"
Add component (AddParameter): Name = "Trip Current"; Value = "2.2A"; VariantName = "[No Variations]"
Add component (AddParameter): Name = "Type"; Value = "Fuse"; VariantName = "[No Variations]"
Add component (AddParameter): Name = "Value"; Value = "PTC, 1.1 A, 24V"; VariantName = "[No Variations]"
Add component (AddParameter): Name = "Voltage"; Value = "24V"; VariantName = "[No Variations]"
Added Component: Designator=F2(1812_PTC_Polyfuse_Littelfuse)
Add component (AddParameter): Name = "Component Type"; Value = "Littelfuse_PTC_1812"; VariantName = "[No Variations]"
Add component (AddParameter): Name = "ComponentLink1Description"; Value = "Datasheet"; VariantName = "[No Variations]"
Add component (AddParameter): Name = "ComponentLink1URL"; Value = "https://www.littelfuse.com/~/media/electronics/datasheets/resettable_ptcs/littelfuse_ptc_surface_mount_catalog_datasheet.pdf.pdf"; VariantName = "[No Variations]"
Add component (AddParameter): Name = "Created"; Value = "2019_02_10_AGeiger"; VariantName = "[No Variations]"
Add component (AddParameter): Name = "Created from"; Value = "MHlatky"; VariantName = "[No Variations]"
Add component (AddParameter): Name = "Created On"; Value = "07.05.2021 06:50:33"; VariantName = "[No Variations]"
Add component (AddParameter): Name = "Hold Current"; Value = "1.1A"; VariantName = "[No Variations]"
Add component (AddParameter): Name = "Last Updated"; Value = "20.12.2021 12:44:16"; VariantName = "[No Variations]"
Add component (AddParameter): Name = "Live Cycle Status"; Value = "1"; VariantName = "[No Variations]"
Add component (AddParameter): Name = "Manufacturer"; Value = "Littelfuse"; VariantName = "[No Variations]"
Add component (AddParameter): Name = "Manufacturer Part Number"; Value = "Littelfuse_PTC_1812"; VariantName = "[No Variations]"
Add component (AddParameter): Name = "MF"; Value = "Littelfuse"; VariantName = "[No Variations]"
Add component (AddParameter): Name = "Mounting Type"; Value = "SMD"; VariantName = "[No Variations]"
Add component (AddParameter): Name = "MPN"; Value = "miniASMDC110F/24"; VariantName = "[No Variations]"
Add component (AddParameter): Name = "Nominal current"; Value = "1 A"; VariantName = "[No Variations]"
Add component (AddParameter): Name = "Operating Temperature"; Value = "-40 - 85 °C"; VariantName = "[No Variations]"
Add component (AddParameter): Name = "Package"; Value = "1812"; VariantName = "[No Variations]"
Add component (AddParameter): Name = "PartID"; Value = "5"; VariantName = "[No Variations]"
Add component (AddParameter): Name = "Resistance"; Value = "0.18 Ohm"; VariantName = "[No Variations]"
Add component (AddParameter): Name = "Trip Current"; Value = "2.2A"; VariantName = "[No Variations]"
Add component (AddParameter): Name = "Type"; Value = "Fuse"; VariantName = "[No Variations]"
Add component (AddParameter): Name = "Value"; Value = "PTC, 1.1 A, 24V"; VariantName = "[No Variations]"
Add component (AddParameter): Name = "Voltage"; Value = "24V"; VariantName = "[No Variations]"
Added Component: Designator=F3(1812_PTC_Polyfuse_Littelfuse)
Add component (AddParameter): Name = "Component Type"; Value = "Littelfuse_PTC_1812"; VariantName = "[No Variations]"
Add component (AddParameter): Name = "ComponentLink1Description"; Value = "Datasheet"; VariantName = "[No Variations]"
Add component (AddParameter): Name = "ComponentLink1URL"; Value = "https://www.littelfuse.com/~/media/electronics/datasheets/resettable_ptcs/littelfuse_ptc_surface_mount_catalog_datasheet.pdf.pdf"; VariantName = "[No Variations]"
Add component (AddParameter): Name = "Created"; Value = "2019_02_10_AGeiger"; VariantName = "[No Variations]"
Add component (AddParameter): Name = "Created from"; Value = "MHlatky"; VariantName = "[No Variations]"
Add component (AddParameter): Name = "Created On"; Value = "07.05.2021 06:50:33"; VariantName = "[No Variations]"
Add component (AddParameter): Name = "Hold Current"; Value = "1.1A"; VariantName = "[No Variations]"
Add component (AddParameter): Name = "Last Updated"; Value = "20.12.2021 12:44:16"; VariantName = "[No Variations]"
Add component (AddParameter): Name = "Live Cycle Status"; Value = "1"; VariantName = "[No Variations]"
Add component (AddParameter): Name = "Manufacturer"; Value = "Littelfuse"; VariantName = "[No Variations]"
Add component (AddParameter): Name = "Manufacturer Part Number"; Value = "Littelfuse_PTC_1812"; VariantName = "[No Variations]"
Add component (AddParameter): Name = "MF"; Value = "Littelfuse"; VariantName = "[No Variations]"
Add component (AddParameter): Name = "Mounting Type"; Value = "SMD"; VariantName = "[No Variations]"
Add component (AddParameter): Name = "MPN"; Value = "miniASMDC110F/24"; VariantName = "[No Variations]"
Add component (AddParameter): Name = "Nominal current"; Value = "1 A"; VariantName = "[No Variations]"
Add component (AddParameter): Name = "Operating Temperature"; Value = "-40 - 85 °C"; VariantName = "[No Variations]"
Add component (AddParameter): Name = "Package"; Value = "1812"; VariantName = "[No Variations]"
Add component (AddParameter): Name = "PartID"; Value = "5"; VariantName = "[No Variations]"
Add component (AddParameter): Name = "Resistance"; Value = "0.18 Ohm"; VariantName = "[No Variations]"
Add component (AddParameter): Name = "Trip Current"; Value = "2.2A"; VariantName = "[No Variations]"
Add component (AddParameter): Name = "Type"; Value = "Fuse"; VariantName = "[No Variations]"
Add component (AddParameter): Name = "Value"; Value = "PTC, 1.1 A, 24V"; VariantName = "[No Variations]"
Add component (AddParameter): Name = "Voltage"; Value = "24V"; VariantName = "[No Variations]"
Added Pin To Net: NetName=VIN Pin=F1-1
Added Pin To Net: NetName=VIN_fused Pin=F1-2
Added Pin To Net: NetName=5V_PER Pin=F2-1
Added Pin To Net: NetName=5V_PER_fused Pin=F2-2
Added Pin To Net: NetName=3V3_PER Pin=F3-1
Added Pin To Net: NetName=3V3_PER_fused Pin=F3-2
Added Pin To Net: NetName=GND Pin=X2-03
Added Pin To Net: NetName=GND Pin=X2-06
Added Pin To Net: NetName=GND Pin=X2-09
Added Pin To Net: NetName=GND Pin=X2-12
Added Pin To Net: NetName=GND Pin=X2-15
Added Pin To Net: NetName=GND Pin=X2-18
Added Pin To Net: NetName=GND Pin=X2-21
Added Pin To Net: NetName=GND Pin=X2-24
Added Pin To Net: NetName=GND Pin=X2-27
Added Pin To Net: NetName=GND Pin=X2-30
Added Pin To Net: NetName=GND Pin=X3-03
Added Pin To Net: NetName=GND Pin=X3-06
Added Member To Class: ClassName=Encoder Member=Component F1 Littelfuse_PTC_1812
Added Member To Class: ClassName=Encoder Member=Component F2 Littelfuse_PTC_1812
Added Member To Class: ClassName=Encoder Member=Component F3 Littelfuse_PTC_1812
