Removed Pin From Net: NetName=A+_1 Pin=R4_1-1
Removed Pin From Net: NetName=A-_1 Pin=R4_1-2
Removed Pin From Net: NetName=Z+_1 Pin=R4_1-5
Removed Pin From Net: NetName=Z-_1 Pin=R4_1-6
Removed Pin From Net: NetName=A+_2 Pin=R4_2-1
Removed Pin From Net: NetName=A-_2 Pin=R4_2-2
Removed Pin From Net: NetName=Z+_2 Pin=R4_2-5
Removed Pin From Net: NetName=Z-_2 Pin=R4_2-6
Removed Pin From Net: NetName=A+_3 Pin=R4_3-1
Removed Pin From Net: NetName=A-_3 Pin=R4_3-2
Removed Pin From Net: NetName=Z+_3 Pin=R4_3-5
Removed Pin From Net: NetName=Z-_3 Pin=R4_3-6
Added Pin To Net: NetName=Z+_1 Pin=R4_1-1
Added Pin To Net: NetName=Z-_1 Pin=R4_1-2
Added Pin To Net: NetName=A+_1 Pin=R4_1-5
Added Pin To Net: NetName=A-_1 Pin=R4_1-6
Added Pin To Net: NetName=Z+_2 Pin=R4_2-1
Added Pin To Net: NetName=Z-_2 Pin=R4_2-2
Added Pin To Net: NetName=A+_2 Pin=R4_2-5
Added Pin To Net: NetName=A-_2 Pin=R4_2-6
Added Pin To Net: NetName=Z+_3 Pin=R4_3-1
Added Pin To Net: NetName=Z-_3 Pin=R4_3-2
Added Pin To Net: NetName=A+_3 Pin=R4_3-5
Added Pin To Net: NetName=A-_3 Pin=R4_3-6
