Added Component: Designator=Date(COMMENT)
Add component (AddParameter): Name = "Component Type"; Value = "Date of Project Finalization"; VariantName = "[No Variations]"
Add component (AddParameter): Name = "Created from"; Value = "T. Wendt"; VariantName = "[No Variations]"
Add component (AddParameter): Name = "Created On"; Value = "01.03.2021 09:01:41"; VariantName = "[No Variations]"
Add component (AddParameter): Name = "Last Updated"; Value = "01.03.2021 09:01:41"; VariantName = "[No Variations]"
Add component (AddParameter): Name = "Live Cycle Status"; Value = "1"; VariantName = "[No Variations]"
Add component (AddParameter): Name = "Manufacturer"; Value = "PCB Manufacturer"; VariantName = "[No Variations]"
Add component (AddParameter): Name = "Manufacturer Part Number"; Value = "Project End Date"; VariantName = "[No Variations]"
Add component (AddParameter): Name = "PartID"; Value = "5"; VariantName = "[No Variations]"
Add component (AddParameter): Name = "Type"; Value = "Standard (No BOM)"; VariantName = "[No Variations]"
Add component (AddParameter): Name = "Value"; Value = "2020/01"; VariantName = "[No Variations]"
Added Component: Designator=Designer(Designator:comment)
Add component (AddParameter): Name = "Component Type"; Value = "Project Author"; VariantName = "[No Variations]"
Add component (AddParameter): Name = "Created from"; Value = "T. Wendt"; VariantName = "[No Variations]"
Add component (AddParameter): Name = "Created On"; Value = "01.03.2021 08:53:41"; VariantName = "[No Variations]"
Add component (AddParameter): Name = "Last Updated"; Value = "01.03.2021 09:20:27"; VariantName = "[No Variations]"
Add component (AddParameter): Name = "Live Cycle Status"; Value = "1"; VariantName = "[No Variations]"
Add component (AddParameter): Name = "Manufacturer"; Value = "PCB Manufacturer"; VariantName = "[No Variations]"
Add component (AddParameter): Name = "Manufacturer Part Number"; Value = "Project Author"; VariantName = "[No Variations]"
Add component (AddParameter): Name = "PartID"; Value = "4"; VariantName = "[No Variations]"
Add component (AddParameter): Name = "Type"; Value = "Standard (No BOM)"; VariantName = "[No Variations]"
Add component (AddParameter): Name = "Value"; Value = "Michaela Hlatky"; VariantName = "[No Variations]"
Added Component: Designator=LOGO?(UZ_Logo_large)
Add component (AddParameter): Name = "Component Type"; Value = "Logo"; VariantName = "[No Variations]"
Add component (AddParameter): Name = "ComponentLink1Description"; Value = "Homepage"; VariantName = "[No Variations]"
Add component (AddParameter): Name = "ComponentLink1URL"; Value = "https://ultrazohm.com"; VariantName = "[No Variations]"
Add component (AddParameter): Name = "Created from"; Value = "T. Wendt"; VariantName = "[No Variations]"
Add component (AddParameter): Name = "Created On"; Value = "19.02.2021 16:55:56"; VariantName = "[No Variations]"
Add component (AddParameter): Name = "Last Updated"; Value = "02.03.2021 14:31:24"; VariantName = "[No Variations]"
Add component (AddParameter): Name = "Live Cycle Status"; Value = "1"; VariantName = "[No Variations]"
Add component (AddParameter): Name = "Manufacturer"; Value = "PCB Manufacturer"; VariantName = "[No Variations]"
Add component (AddParameter): Name = "Manufacturer Part Number"; Value = "UltraZohm Logo"; VariantName = "[No Variations]"
Add component (AddParameter): Name = "PartID"; Value = "1"; VariantName = "[No Variations]"
Add component (AddParameter): Name = "Type"; Value = "Standard (No BOM)"; VariantName = "[No Variations]"
Added Component: Designator=Project(COMMENT)
Add component (AddParameter): Name = "Component Type"; Value = "Project Name"; VariantName = "[No Variations]"
Add component (AddParameter): Name = "Created from"; Value = "T. Wendt"; VariantName = "[No Variations]"
Add component (AddParameter): Name = "Created On"; Value = "01.03.2021 08:43:57"; VariantName = "[No Variations]"
Add component (AddParameter): Name = "Last Updated"; Value = "01.03.2021 09:07:27"; VariantName = "[No Variations]"
Add component (AddParameter): Name = "Live Cycle Status"; Value = "1"; VariantName = "[No Variations]"
Add component (AddParameter): Name = "Manufacturer"; Value = "PCB Manufacturer"; VariantName = "[No Variations]"
Add component (AddParameter): Name = "Manufacturer Part Number"; Value = "Project Name"; VariantName = "[No Variations]"
Add component (AddParameter): Name = "PartID"; Value = "2"; VariantName = "[No Variations]"
Add component (AddParameter): Name = "Type"; Value = "Standard (No BOM)"; VariantName = "[No Variations]"
Add component (AddParameter): Name = "Value"; Value = "UltraZohm_DigitalVoltage"; VariantName = "[No Variations]"
Added Component: Designator=Revision(Designator:comment)
Add component (AddParameter): Name = "Component Type"; Value = "Project Revision"; VariantName = "[No Variations]"
Add component (AddParameter): Name = "Created from"; Value = "T. Wendt"; VariantName = "[No Variations]"
Add component (AddParameter): Name = "Created On"; Value = "01.03.2021 08:50:34"; VariantName = "[No Variations]"
Add component (AddParameter): Name = "Last Updated"; Value = "01.03.2021 09:28:36"; VariantName = "[No Variations]"
Add component (AddParameter): Name = "Live Cycle Status"; Value = "1"; VariantName = "[No Variations]"
Add component (AddParameter): Name = "Manufacturer"; Value = "PCB Manufacturer"; VariantName = "[No Variations]"
Add component (AddParameter): Name = "Manufacturer Part Number"; Value = "Project Revision"; VariantName = "[No Variations]"
Add component (AddParameter): Name = "PartID"; Value = "3"; VariantName = "[No Variations]"
Add component (AddParameter): Name = "Type"; Value = "Standard (No BOM)"; VariantName = "[No Variations]"
Add component (AddParameter): Name = "Value"; Value = "1v00"; VariantName = "[No Variations]"
Added Component: Designator=Serial(SERIAL)
Add component (AddParameter): Name = "Component Type"; Value = "Serial Number"; VariantName = "[No Variations]"
Add component (AddParameter): Name = "Created from"; Value = "T. Wendt"; VariantName = "[No Variations]"
Add component (AddParameter): Name = "Created On"; Value = "02.03.2021 14:31:24"; VariantName = "[No Variations]"
Add component (AddParameter): Name = "Last Updated"; Value = "02.03.2021 14:31:24"; VariantName = "[No Variations]"
Add component (AddParameter): Name = "Live Cycle Status"; Value = "1"; VariantName = "[No Variations]"
Add component (AddParameter): Name = "Manufacturer"; Value = "PCB Manufacturer"; VariantName = "[No Variations]"
Add component (AddParameter): Name = "Manufacturer Part Number"; Value = "Serial Number"; VariantName = "[No Variations]"
Add component (AddParameter): Name = "PartID"; Value = "6"; VariantName = "[No Variations]"
Add component (AddParameter): Name = "Type"; Value = "Standard (No BOM)"; VariantName = "[No Variations]"
