Added Component: Designator=Date(COMMENT)
Add component (AddParameter): Name = "Component Type"; Value = "Date of Project Finalization"; VariantName = "[No Variations]"
Add component (AddParameter): Name = "Created from"; Value = "T. Wendt"; VariantName = "[No Variations]"
Add component (AddParameter): Name = "Created On"; Value = "01.03.2021 09:01:41"; VariantName = "[No Variations]"
Add component (AddParameter): Name = "Last Updated"; Value = "01.03.2021 09:01:41"; VariantName = "[No Variations]"
Add component (AddParameter): Name = "Live Cycle Status"; Value = "1"; VariantName = "[No Variations]"
Add component (AddParameter): Name = "Manufacturer"; Value = "PCB Manufacturer"; VariantName = "[No Variations]"
Add component (AddParameter): Name = "Manufacturer Part Number"; Value = "Project End Date"; VariantName = "[No Variations]"
Add component (AddParameter): Name = "PartID"; Value = "5"; VariantName = "[No Variations]"
Add component (AddParameter): Name = "Type"; Value = "Standard (No BOM)"; VariantName = "[No Variations]"
Add component (AddParameter): Name = "Value"; Value = "2020/01"; VariantName = "[No Variations]"
Added Component: Designator=Designer(Designator:comment)
Add component (AddParameter): Name = "Component Type"; Value = "Project Author"; VariantName = "[No Variations]"
Add component (AddParameter): Name = "Created from"; Value = "T. Wendt"; VariantName = "[No Variations]"
Add component (AddParameter): Name = "Created On"; Value = "01.03.2021 08:53:41"; VariantName = "[No Variations]"
Add component (AddParameter): Name = "Last Updated"; Value = "01.03.2021 09:20:27"; VariantName = "[No Variations]"
Add component (AddParameter): Name = "Live Cycle Status"; Value = "1"; VariantName = "[No Variations]"
Add component (AddParameter): Name = "Manufacturer"; Value = "PCB Manufacturer"; VariantName = "[No Variations]"
Add component (AddParameter): Name = "Manufacturer Part Number"; Value = "Project Author"; VariantName = "[No Variations]"
Add component (AddParameter): Name = "PartID"; Value = "4"; VariantName = "[No Variations]"
Add component (AddParameter): Name = "Type"; Value = "Standard (No BOM)"; VariantName = "[No Variations]"
Add component (AddParameter): Name = "Value"; Value = "Michaela Hlatky"; VariantName = "[No Variations]"
Added Component: Designator=LOGO?(UZ_Logo_large)
Add component (AddParameter): Name = "Component Type"; Value = "Logo"; VariantName = "[No Variations]"
Add component (AddParameter): Name = "ComponentLink1Description"; Value = "Homepage"; VariantName = "[No Variations]"
Add component (AddParameter): Name = "ComponentLink1URL"; Value = "https://ultrazohm.com"; VariantName = "[No Variations]"
Add component (AddParameter): Name = "Created from"; Value = "T. Wendt"; VariantName = "[No Variations]"
Add component (AddParameter): Name = "Created On"; Value = "19.02.2021 16:55:56"; VariantName = "[No Variations]"
Add component (AddParameter): Name = "Last Updated"; Value = "02.03.2021 14:31:24"; VariantName = "[No Variations]"
Add component (AddParameter): Name = "Live Cycle Status"; Value = "1"; VariantName = "[No Variations]"
Add component (AddParameter): Name = "Manufacturer"; Value = "PCB Manufacturer"; VariantName = "[No Variations]"
Add component (AddParameter): Name = "Manufacturer Part Number"; Value = "UltraZohm Logo"; VariantName = "[No Variations]"
Add component (AddParameter): Name = "PartID"; Value = "1"; VariantName = "[No Variations]"
Add component (AddParameter): Name = "Type"; Value = "Standard (No BOM)"; VariantName = "[No Variations]"
Added Component: Designator=Project(COMMENT)
Add component (AddParameter): Name = "Component Type"; Value = "Project Name"; VariantName = "[No Variations]"
Add component (AddParameter): Name = "Created from"; Value = "T. Wendt"; VariantName = "[No Variations]"
Add component (AddParameter): Name = "Created On"; Value = "01.03.2021 08:43:57"; VariantName = "[No Variations]"
Add component (AddParameter): Name = "Last Updated"; Value = "01.03.2021 09:07:27"; VariantName = "[No Variations]"
Add component (AddParameter): Name = "Live Cycle Status"; Value = "1"; VariantName = "[No Variations]"
Add component (AddParameter): Name = "Manufacturer"; Value = "PCB Manufacturer"; VariantName = "[No Variations]"
Add component (AddParameter): Name = "Manufacturer Part Number"; Value = "Project Name"; VariantName = "[No Variations]"
Add component (AddParameter): Name = "PartID"; Value = "2"; VariantName = "[No Variations]"
Add component (AddParameter): Name = "Type"; Value = "Standard (No BOM)"; VariantName = "[No Variations]"
Add component (AddParameter): Name = "Value"; Value = "UltraZohm_DigitalVoltage"; VariantName = "[No Variations]"
Added Component: Designator=Revision(Designator:comment)
Add component (AddParameter): Name = "Component Type"; Value = "Project Revision"; VariantName = "[No Variations]"
Add component (AddParameter): Name = "Created from"; Value = "T. Wendt"; VariantName = "[No Variations]"
Add component (AddParameter): Name = "Created On"; Value = "01.03.2021 08:50:34"; VariantName = "[No Variations]"
Add component (AddParameter): Name = "Last Updated"; Value = "01.03.2021 09:28:36"; VariantName = "[No Variations]"
Add component (AddParameter): Name = "Live Cycle Status"; Value = "1"; VariantName = "[No Variations]"
Add component (AddParameter): Name = "Manufacturer"; Value = "PCB Manufacturer"; VariantName = "[No Variations]"
Add component (AddParameter): Name = "Manufacturer Part Number"; Value = "Project Revision"; VariantName = "[No Variations]"
Add component (AddParameter): Name = "PartID"; Value = "3"; VariantName = "[No Variations]"
Add component (AddParameter): Name = "Type"; Value = "Standard (No BOM)"; VariantName = "[No Variations]"
Add component (AddParameter): Name = "Value"; Value = "1v00"; VariantName = "[No Variations]"
Added Component: Designator=Serial(SERIAL)
Add component (AddParameter): Name = "Component Type"; Value = "Serial Number"; VariantName = "[No Variations]"
Add component (AddParameter): Name = "Created from"; Value = "T. Wendt"; VariantName = "[No Variations]"
Add component (AddParameter): Name = "Created On"; Value = "02.03.2021 14:31:24"; VariantName = "[No Variations]"
Add component (AddParameter): Name = "Last Updated"; Value = "02.03.2021 14:31:24"; VariantName = "[No Variations]"
Add component (AddParameter): Name = "Live Cycle Status"; Value = "1"; VariantName = "[No Variations]"
Add component (AddParameter): Name = "Manufacturer"; Value = "PCB Manufacturer"; VariantName = "[No Variations]"
Add component (AddParameter): Name = "Manufacturer Part Number"; Value = "Serial Number"; VariantName = "[No Variations]"
Add component (AddParameter): Name = "PartID"; Value = "6"; VariantName = "[No Variations]"
Add component (AddParameter): Name = "Type"; Value = "Standard (No BOM)"; VariantName = "[No Variations]"
Added Component: Designator=U2(M16A_M)
Add component (AddParameter): Name = "Code_IPC"; Value = "SOIC127P600-16"; VariantName = "[No Variations]"
Add component (AddParameter): Name = "Code_JEDEC"; Value = "MS-012-AC"; VariantName = "[No Variations]"
Add component (AddParameter): Name = "Component Type"; Value = "Microcontroller"; VariantName = "[No Variations]"
Add component (AddParameter): Name = "ComponentLink1Description"; Value = "Datasheet"; VariantName = "[No Variations]"
Add component (AddParameter): Name = "ComponentLink1URL"; Value = "https://media.digikey.com/pdf/Data%20Sheets/Texas%20Instruments%20PDFs/DS26LS32AC,C,M,DS26LS33M.pdf"; VariantName = "[No Variations]"
Add component (AddParameter): Name = "ComponentLink2Description"; Value = "DS26LS32AC Web Page"; VariantName = "[No Variations]"
Add component (AddParameter): Name = "ComponentLink2URL"; Value = "http://www.national.com/pf/DS/DS26LS32AC.html"; VariantName = "[No Variations]"
Add component (AddParameter): Name = "ComponentLink3Description"; Value = "M16A Package Page"; VariantName = "[No Variations]"
Add component (AddParameter): Name = "ComponentLink3URL"; Value = "http://www.national.com/packaging/folders/m16a.html"; VariantName = "[No Variations]"
Add component (AddParameter): Name = "CompType"; Value = "Interface IC"; VariantName = "[No Variations]"
Add component (AddParameter): Name = "Created from"; Value = "MHlatky"; VariantName = "[No Variations]"
Add component (AddParameter): Name = "Created On"; Value = "26.01.2021 09:03:43"; VariantName = "[No Variations]"
Add component (AddParameter): Name = "DatasheetVersion"; Value = "May-1999"; VariantName = "[No Variations]"
Add component (AddParameter): Name = "Last Updated"; Value = "17.06.2021 08:32:47"; VariantName = "[No Variations]"
Add component (AddParameter): Name = "Live Cycle Status"; Value = "1"; VariantName = "[No Variations]"
Add component (AddParameter): Name = "Manufacturer"; Value = "Texas Instruments"; VariantName = "[No Variations]"
Add component (AddParameter): Name = "Manufacturer Part Number"; Value = "DS26LS32ACM"; VariantName = "[No Variations]"
Add component (AddParameter): Name = "Mounting Type"; Value = "SOIC"; VariantName = "[No Variations]"
Add component (AddParameter): Name = "Operating Temperature"; Value = "0 - 70 °C"; VariantName = "[No Variations]"
Add component (AddParameter): Name = "PackageDescription"; Value = "Molded Package, SO, .150in Wide, 16 Lead"; VariantName = "[No Variations]"
Add component (AddParameter): Name = "PackageReference"; Value = "M16A"; VariantName = "[No Variations]"
Add component (AddParameter): Name = "PackageTopMarking"; Value = "NSUZXYTTE#*DS26LS32*ACM"; VariantName = "[No Variations]"
Add component (AddParameter): Name = "PackageVersion"; Value = "revJ, Aug-1995"; VariantName = "[No Variations]"
Add component (AddParameter): Name = "PartID"; Value = "6"; VariantName = "[No Variations]"
Add component (AddParameter): Name = "PartNumber"; Value = "DS26LS32ACM"; VariantName = "[No Variations]"
Add component (AddParameter): Name = "PinCount"; Value = "16"; VariantName = "[No Variations]"
Add component (AddParameter): Name = "PowerWise"; Value = "N"; VariantName = "[No Variations]"
Add component (AddParameter): Name = "Published"; Value = "4-Dec-2008"; VariantName = "[No Variations]"
Add component (AddParameter): Name = "Publisher"; Value = "Altium Limited"; VariantName = "[No Variations]"
Add component (AddParameter): Name = "RoHS"; Value = "N"; VariantName = "[No Variations]"
Add component (AddParameter): Name = "Stock number"; Value = "not stored"; VariantName = "[No Variations]"
Add component (AddParameter): Name = "Supplier 1"; Value = "Mouser"; VariantName = "[No Variations]"
Add component (AddParameter): Name = "Supplier Part Number 1"; Value = "926-DS26LS32ACM"; VariantName = "[No Variations]"
Add component (AddParameter): Name = "Type"; Value = "Microcontroller"; VariantName = "[No Variations]"
Added Component: Designator=U4(M16A_M)
Add component (AddParameter): Name = "Code_IPC"; Value = "SOIC127P600-16"; VariantName = "[No Variations]"
Add component (AddParameter): Name = "Code_JEDEC"; Value = "MS-012-AC"; VariantName = "[No Variations]"
Add component (AddParameter): Name = "Component Type"; Value = "Microcontroller"; VariantName = "[No Variations]"
Add component (AddParameter): Name = "ComponentLink1Description"; Value = "Datasheet"; VariantName = "[No Variations]"
Add component (AddParameter): Name = "ComponentLink1URL"; Value = "https://media.digikey.com/pdf/Data%20Sheets/Texas%20Instruments%20PDFs/DS26LS32AC,C,M,DS26LS33M.pdf"; VariantName = "[No Variations]"
Add component (AddParameter): Name = "ComponentLink2Description"; Value = "DS26LS32AC Web Page"; VariantName = "[No Variations]"
Add component (AddParameter): Name = "ComponentLink2URL"; Value = "http://www.national.com/pf/DS/DS26LS32AC.html"; VariantName = "[No Variations]"
Add component (AddParameter): Name = "ComponentLink3Description"; Value = "M16A Package Page"; VariantName = "[No Variations]"
Add component (AddParameter): Name = "ComponentLink3URL"; Value = "http://www.national.com/packaging/folders/m16a.html"; VariantName = "[No Variations]"
Add component (AddParameter): Name = "CompType"; Value = "Interface IC"; VariantName = "[No Variations]"
Add component (AddParameter): Name = "Created from"; Value = "MHlatky"; VariantName = "[No Variations]"
Add component (AddParameter): Name = "Created On"; Value = "26.01.2021 09:03:43"; VariantName = "[No Variations]"
Add component (AddParameter): Name = "DatasheetVersion"; Value = "May-1999"; VariantName = "[No Variations]"
Add component (AddParameter): Name = "Last Updated"; Value = "17.06.2021 08:32:47"; VariantName = "[No Variations]"
Add component (AddParameter): Name = "Live Cycle Status"; Value = "1"; VariantName = "[No Variations]"
Add component (AddParameter): Name = "Manufacturer"; Value = "Texas Instruments"; VariantName = "[No Variations]"
Add component (AddParameter): Name = "Manufacturer Part Number"; Value = "DS26LS32ACM"; VariantName = "[No Variations]"
Add component (AddParameter): Name = "Mounting Type"; Value = "SOIC"; VariantName = "[No Variations]"
Add component (AddParameter): Name = "Operating Temperature"; Value = "0 - 70 °C"; VariantName = "[No Variations]"
Add component (AddParameter): Name = "PackageDescription"; Value = "Molded Package, SO, .150in Wide, 16 Lead"; VariantName = "[No Variations]"
Add component (AddParameter): Name = "PackageReference"; Value = "M16A"; VariantName = "[No Variations]"
Add component (AddParameter): Name = "PackageTopMarking"; Value = "NSUZXYTTE#*DS26LS32*ACM"; VariantName = "[No Variations]"
Add component (AddParameter): Name = "PackageVersion"; Value = "revJ, Aug-1995"; VariantName = "[No Variations]"
Add component (AddParameter): Name = "PartID"; Value = "6"; VariantName = "[No Variations]"
Add component (AddParameter): Name = "PartNumber"; Value = "DS26LS32ACM"; VariantName = "[No Variations]"
Add component (AddParameter): Name = "PinCount"; Value = "16"; VariantName = "[No Variations]"
Add component (AddParameter): Name = "PowerWise"; Value = "N"; VariantName = "[No Variations]"
Add component (AddParameter): Name = "Published"; Value = "4-Dec-2008"; VariantName = "[No Variations]"
Add component (AddParameter): Name = "Publisher"; Value = "Altium Limited"; VariantName = "[No Variations]"
Add component (AddParameter): Name = "RoHS"; Value = "N"; VariantName = "[No Variations]"
Add component (AddParameter): Name = "Stock number"; Value = "not stored"; VariantName = "[No Variations]"
Add component (AddParameter): Name = "Supplier 1"; Value = "Mouser"; VariantName = "[No Variations]"
Add component (AddParameter): Name = "Supplier Part Number 1"; Value = "926-DS26LS32ACM"; VariantName = "[No Variations]"
Add component (AddParameter): Name = "Type"; Value = "Microcontroller"; VariantName = "[No Variations]"
Added Component: Designator=U7(M16A_M)
Add component (AddParameter): Name = "Code_IPC"; Value = "SOIC127P600-16"; VariantName = "[No Variations]"
Add component (AddParameter): Name = "Code_JEDEC"; Value = "MS-012-AC"; VariantName = "[No Variations]"
Add component (AddParameter): Name = "Component Type"; Value = "Microcontroller"; VariantName = "[No Variations]"
Add component (AddParameter): Name = "ComponentLink1Description"; Value = "Datasheet"; VariantName = "[No Variations]"
Add component (AddParameter): Name = "ComponentLink1URL"; Value = "https://media.digikey.com/pdf/Data%20Sheets/Texas%20Instruments%20PDFs/DS26LS32AC,C,M,DS26LS33M.pdf"; VariantName = "[No Variations]"
Add component (AddParameter): Name = "ComponentLink2Description"; Value = "DS26LS32AC Web Page"; VariantName = "[No Variations]"
Add component (AddParameter): Name = "ComponentLink2URL"; Value = "http://www.national.com/pf/DS/DS26LS32AC.html"; VariantName = "[No Variations]"
Add component (AddParameter): Name = "ComponentLink3Description"; Value = "M16A Package Page"; VariantName = "[No Variations]"
Add component (AddParameter): Name = "ComponentLink3URL"; Value = "http://www.national.com/packaging/folders/m16a.html"; VariantName = "[No Variations]"
Add component (AddParameter): Name = "CompType"; Value = "Interface IC"; VariantName = "[No Variations]"
Add component (AddParameter): Name = "Created from"; Value = "MHlatky"; VariantName = "[No Variations]"
Add component (AddParameter): Name = "Created On"; Value = "26.01.2021 09:03:43"; VariantName = "[No Variations]"
Add component (AddParameter): Name = "DatasheetVersion"; Value = "May-1999"; VariantName = "[No Variations]"
Add component (AddParameter): Name = "Last Updated"; Value = "17.06.2021 08:32:47"; VariantName = "[No Variations]"
Add component (AddParameter): Name = "Live Cycle Status"; Value = "1"; VariantName = "[No Variations]"
Add component (AddParameter): Name = "Manufacturer"; Value = "Texas Instruments"; VariantName = "[No Variations]"
Add component (AddParameter): Name = "Manufacturer Part Number"; Value = "DS26LS32ACM"; VariantName = "[No Variations]"
Add component (AddParameter): Name = "Mounting Type"; Value = "SOIC"; VariantName = "[No Variations]"
Add component (AddParameter): Name = "Operating Temperature"; Value = "0 - 70 °C"; VariantName = "[No Variations]"
Add component (AddParameter): Name = "PackageDescription"; Value = "Molded Package, SO, .150in Wide, 16 Lead"; VariantName = "[No Variations]"
Add component (AddParameter): Name = "PackageReference"; Value = "M16A"; VariantName = "[No Variations]"
Add component (AddParameter): Name = "PackageTopMarking"; Value = "NSUZXYTTE#*DS26LS32*ACM"; VariantName = "[No Variations]"
Add component (AddParameter): Name = "PackageVersion"; Value = "revJ, Aug-1995"; VariantName = "[No Variations]"
Add component (AddParameter): Name = "PartID"; Value = "6"; VariantName = "[No Variations]"
Add component (AddParameter): Name = "PartNumber"; Value = "DS26LS32ACM"; VariantName = "[No Variations]"
Add component (AddParameter): Name = "PinCount"; Value = "16"; VariantName = "[No Variations]"
Add component (AddParameter): Name = "PowerWise"; Value = "N"; VariantName = "[No Variations]"
Add component (AddParameter): Name = "Published"; Value = "4-Dec-2008"; VariantName = "[No Variations]"
Add component (AddParameter): Name = "Publisher"; Value = "Altium Limited"; VariantName = "[No Variations]"
Add component (AddParameter): Name = "RoHS"; Value = "N"; VariantName = "[No Variations]"
Add component (AddParameter): Name = "Stock number"; Value = "not stored"; VariantName = "[No Variations]"
Add component (AddParameter): Name = "Supplier 1"; Value = "Mouser"; VariantName = "[No Variations]"
Add component (AddParameter): Name = "Supplier Part Number 1"; Value = "926-DS26LS32ACM"; VariantName = "[No Variations]"
Add component (AddParameter): Name = "Type"; Value = "Microcontroller"; VariantName = "[No Variations]"
Added Pin To Net: NetName=A+_CH1 Pin=U2-1
Added Pin To Net: NetName=A+_CH1 Pin=U2-2
Added Pin To Net: NetName=A_single_CH1 Pin=U2-3
Added Pin To Net: NetName=VCC_ENC_CH1 Pin=U2-4
Added Pin To Net: NetName=Z_single_CH1 Pin=U2-5
Added Pin To Net: NetName=A+_CH1 Pin=U2-6
Added Pin To Net: NetName=A+_CH1 Pin=U2-7
Added Pin To Net: NetName=GND_ENC_CH1 Pin=U2-8
Added Pin To Net: NetName=GND_ENC_CH1 Pin=U2-9
Added Pin To Net: NetName=GND_ENC_CH1 Pin=U2-10
Added Pin To Net: NetName=GND_ENC_CH1 Pin=U2-12
Added Pin To Net: NetName=B_single_CH1 Pin=U2-13
Added Pin To Net: NetName=A+_CH1 Pin=U2-14
Added Pin To Net: NetName=A+_CH1 Pin=U2-15
Added Pin To Net: NetName=VCC_ENC_CH1 Pin=U2-16
Added Pin To Net: NetName=A+_CH2 Pin=U4-1
Added Pin To Net: NetName=A+_CH2 Pin=U4-2
Added Pin To Net: NetName=A_single_CH2 Pin=U4-3
Added Pin To Net: NetName=VCC_ENC_CH2 Pin=U4-4
Added Pin To Net: NetName=Z_single_CH2 Pin=U4-5
Added Pin To Net: NetName=A+_CH2 Pin=U4-6
Added Pin To Net: NetName=A+_CH2 Pin=U4-7
Added Pin To Net: NetName=GND_ENC_CH2 Pin=U4-8
Added Pin To Net: NetName=GND_ENC_CH2 Pin=U4-9
Added Pin To Net: NetName=GND_ENC_CH2 Pin=U4-10
Added Pin To Net: NetName=GND_ENC_CH2 Pin=U4-12
Added Pin To Net: NetName=B_single_CH2 Pin=U4-13
Added Pin To Net: NetName=A+_CH2 Pin=U4-14
Added Pin To Net: NetName=A+_CH2 Pin=U4-15
Added Pin To Net: NetName=VCC_ENC_CH2 Pin=U4-16
Added Pin To Net: NetName=A+_CH3 Pin=U7-1
Added Pin To Net: NetName=A+_CH3 Pin=U7-2
Added Pin To Net: NetName=A_single_CH3 Pin=U7-3
Added Pin To Net: NetName=VCC_ENC_CH3 Pin=U7-4
Added Pin To Net: NetName=Z_single_CH3 Pin=U7-5
Added Pin To Net: NetName=A+_CH3 Pin=U7-6
Added Pin To Net: NetName=A+_CH3 Pin=U7-7
Added Pin To Net: NetName=GND_ENC_CH3 Pin=U7-8
Added Pin To Net: NetName=GND_ENC_CH3 Pin=U7-9
Added Pin To Net: NetName=GND_ENC_CH3 Pin=U7-10
Added Pin To Net: NetName=GND_ENC_CH3 Pin=U7-12
Added Pin To Net: NetName=B_single_CH3 Pin=U7-13
Added Pin To Net: NetName=A+_CH3 Pin=U7-14
Added Pin To Net: NetName=A+_CH3 Pin=U7-15
Added Pin To Net: NetName=VCC_ENC_CH3 Pin=U7-16
Added Member To Class: ClassName=Encoder1 Member=Component U2 DS26LS32ACM
Added Member To Class: ClassName=Encoder2 Member=Component U4 DS26LS32ACM
Added Member To Class: ClassName=Encoder3 Member=Component U7 DS26LS32ACM
Change Room Name: Old Name=Encoder_2 New Name=Encoder3
Change Room Scope: Old Scope=InComponentClass('Encoder') New Scope=InComponentClass('Encoder3')
Added Room: Name=Encoder1
Added Room: Name=Encoder2
