Removed Pin From Net: NetName=B_encoder3 Pin=X2-02
Removed Pin From Net: NetName=DIG_IO_02 Pin=X2-05
Removed Pin From Net: NetName=DIG_IO_04 Pin=X2-08
Removed Pin From Net: NetName=DIG_IO_06 Pin=X2-11
Removed Pin From Net: NetName=DIG_IO_08 Pin=X2-14
Removed Pin From Net: NetName=DIG_IO_10 Pin=X2-17
Removed Pin From Net: NetName=DIG_IO_12 Pin=X2-20
Removed Pin From Net: NetName=A_encoder1 Pin=X2-23
Removed Pin From Net: NetName=B_encoder2 Pin=X2-26
Removed Pin From Net: NetName=DIG_IO_18 Pin=X2-29
Added Pin To Net: NetName=DIG_IO_02 Pin=X2-02
Added Pin To Net: NetName=DIG_IO_04 Pin=X2-05
Added Pin To Net: NetName=DIG_IO_06 Pin=X2-08
Added Pin To Net: NetName=DIG_IO_08 Pin=X2-11
Added Pin To Net: NetName=DIG_IO_10 Pin=X2-14
Added Pin To Net: NetName=DIG_IO_12 Pin=X2-17
Added Pin To Net: NetName=A_encoder1 Pin=X2-20
Added Pin To Net: NetName=B_encoder2 Pin=X2-23
Added Pin To Net: NetName=DIG_IO_18 Pin=X2-26
Added Pin To Net: NetName=B_encoder3 Pin=X2-29
