Change Component Designator: OldDesignator=C1_Encoder11 NewDesignator=C1A
Change Component Designator: OldDesignator=C1_Encoder22 NewDesignator=C1B
Change Component Designator: OldDesignator=C1_Encoder33 NewDesignator=C1C
Change Component Designator: OldDesignator=C2_Encoder11 NewDesignator=C2A
Change Component Designator: OldDesignator=C2_Encoder22 NewDesignator=C2B
Change Component Designator: OldDesignator=C2_Encoder33 NewDesignator=C2C
Change Component Designator: OldDesignator=C3_Encoder11 NewDesignator=C3A
Change Component Designator: OldDesignator=C3_Encoder22 NewDesignator=C3B
Change Component Designator: OldDesignator=C3_Encoder33 NewDesignator=C3C
Change Component Designator: OldDesignator=C4_Encoder11 NewDesignator=C4A
Change Component Designator: OldDesignator=C4_Encoder22 NewDesignator=C4B
Change Component Designator: OldDesignator=C4_Encoder33 NewDesignator=C4C
Change Component Designator: OldDesignator=C5_Encoder11 NewDesignator=C5A
Change Component Designator: OldDesignator=C5_Encoder22 NewDesignator=C5B
Change Component Designator: OldDesignator=C5_Encoder33 NewDesignator=C5C
Change Component Designator: OldDesignator=C6_Encoder11 NewDesignator=C6A
Change Component Designator: OldDesignator=C6_Encoder22 NewDesignator=C6B
Change Component Designator: OldDesignator=C6_Encoder33 NewDesignator=C6C
Change Component Designator: OldDesignator=J1_Encoder11 NewDesignator=J1A
Change Component Designator: OldDesignator=J1_Encoder22 NewDesignator=J1B
Change Component Designator: OldDesignator=J1_Encoder33 NewDesignator=J1C
Change Component Designator: OldDesignator=R1_Encoder11 NewDesignator=R1A
Change Component Designator: OldDesignator=R1_Encoder22 NewDesignator=R1B
Change Component Designator: OldDesignator=R1_Encoder33 NewDesignator=R1C
Change Component Designator: OldDesignator=R2_Encoder11 NewDesignator=R2A
Change Component Designator: OldDesignator=R2_Encoder22 NewDesignator=R2B
Change Component Designator: OldDesignator=R2_Encoder33 NewDesignator=R2C
Change Component Designator: OldDesignator=R3_Encoder11 NewDesignator=R3A
Change Component Designator: OldDesignator=R3_Encoder22 NewDesignator=R3B
Change Component Designator: OldDesignator=R3_Encoder33 NewDesignator=R3C
Change Component Designator: OldDesignator=R4_Encoder11 NewDesignator=R4A
Change Component Designator: OldDesignator=R4_Encoder22 NewDesignator=R4B
Change Component Designator: OldDesignator=R4_Encoder33 NewDesignator=R4C
Change Component Designator: OldDesignator=U1_Encoder11 NewDesignator=U1A
Change Component Designator: OldDesignator=U1_Encoder22 NewDesignator=U1B
Change Component Designator: OldDesignator=U1_Encoder33 NewDesignator=U1C
Change Component Designator: OldDesignator=U2_Encoder11 NewDesignator=U2A
Change Component Designator: OldDesignator=U2_Encoder22 NewDesignator=U2B
Change Component Designator: OldDesignator=U2_Encoder33 NewDesignator=U2C
Change Component Designator: OldDesignator=U3_Encoder11 NewDesignator=U3A
Change Component Designator: OldDesignator=U3_Encoder22 NewDesignator=U3B
Change Component Designator: OldDesignator=U3_Encoder33 NewDesignator=U3C
Change Component Designator: OldDesignator=X5_Encoder11 NewDesignator=X5A
Change Component Designator: OldDesignator=X5_Encoder22 NewDesignator=X5B
Change Component Designator: OldDesignator=X5_Encoder33 NewDesignator=X5C
Change Net Name : Old Net Name=A+_Encoder11 New Net Name=A+A
Change Net Name : Old Net Name=A+_Encoder22 New Net Name=A+B
Change Net Name : Old Net Name=A+_Encoder33 New Net Name=A+C
Change Net Name : Old Net Name=A-_Encoder11 New Net Name=A-A
Change Net Name : Old Net Name=A-_Encoder22 New Net Name=A-B
Change Net Name : Old Net Name=A-_Encoder33 New Net Name=A-C
Change Net Name : Old Net Name=A_encoder_Encoder11 New Net Name=A_encoderA
Change Net Name : Old Net Name=A_encoder_Encoder22 New Net Name=A_encoderB
Change Net Name : Old Net Name=A_encoder_Encoder33 New Net Name=A_encoderC
Change Net Name : Old Net Name=A_single_Encoder11 New Net Name=A_singleA
Change Net Name : Old Net Name=A_single_Encoder22 New Net Name=A_singleB
Change Net Name : Old Net Name=A_single_Encoder33 New Net Name=A_singleC
Change Net Name : Old Net Name=B+_Encoder11 New Net Name=B+A
Change Net Name : Old Net Name=B+_Encoder22 New Net Name=B+B
Change Net Name : Old Net Name=B+_Encoder33 New Net Name=B+C
Change Net Name : Old Net Name=B-_Encoder11 New Net Name=B-A
Change Net Name : Old Net Name=B-_Encoder22 New Net Name=B-B
Change Net Name : Old Net Name=B-_Encoder33 New Net Name=B-C
Change Net Name : Old Net Name=B_encoder_Encoder11 New Net Name=B_encoderA
Change Net Name : Old Net Name=B_encoder_Encoder22 New Net Name=B_encoderB
Change Net Name : Old Net Name=B_encoder_Encoder33 New Net Name=B_encoderC
Change Net Name : Old Net Name=B_single_Encoder11 New Net Name=B_singleA
Change Net Name : Old Net Name=B_single_Encoder22 New Net Name=B_singleB
Change Net Name : Old Net Name=B_single_Encoder33 New Net Name=B_singleC
Change Net Name : Old Net Name=GND_ENC_Encoder11 New Net Name=GND_ENCA
Change Net Name : Old Net Name=GND_ENC_Encoder22 New Net Name=GND_ENCB
Change Net Name : Old Net Name=GND_ENC_Encoder33 New Net Name=GND_ENCC
Change Net Name : Old Net Name=NetC3_Encoder11_1 New Net Name=NetC3A_1
Change Net Name : Old Net Name=NetC3_Encoder22_1 New Net Name=NetC3B_1
Change Net Name : Old Net Name=NetC3_Encoder33_1 New Net Name=NetC3C_1
Change Net Name : Old Net Name=NetC4_Encoder11_1 New Net Name=NetC4A_1
Change Net Name : Old Net Name=NetC4_Encoder22_1 New Net Name=NetC4B_1
Change Net Name : Old Net Name=NetC4_Encoder33_1 New Net Name=NetC4C_1
Change Net Name : Old Net Name=NetC6_Encoder11_1 New Net Name=NetC6A_1
Change Net Name : Old Net Name=NetC6_Encoder22_1 New Net Name=NetC6B_1
Change Net Name : Old Net Name=NetC6_Encoder33_1 New Net Name=NetC6C_1
Change Net Name : Old Net Name=VCC_ENC_Encoder11 New Net Name=VCC_ENCA
Change Net Name : Old Net Name=VCC_ENC_Encoder22 New Net Name=VCC_ENCB
Change Net Name : Old Net Name=VCC_ENC_Encoder33 New Net Name=VCC_ENCC
Change Net Name : Old Net Name=Z+_Encoder11 New Net Name=Z+A
Change Net Name : Old Net Name=Z+_Encoder22 New Net Name=Z+B
Change Net Name : Old Net Name=Z+_Encoder33 New Net Name=Z+C
Change Net Name : Old Net Name=Z-_Encoder11 New Net Name=Z-A
Change Net Name : Old Net Name=Z-_Encoder22 New Net Name=Z-B
Change Net Name : Old Net Name=Z-_Encoder33 New Net Name=Z-C
Change Net Name : Old Net Name=Z_single_Encoder11 New Net Name=Z_singleA
Change Net Name : Old Net Name=Z_single_Encoder22 New Net Name=Z_singleB
Change Net Name : Old Net Name=Z_single_Encoder33 New Net Name=Z_singleC
