Removed Pin From Net: NetName=A+_CH1 Pin=C3-2
Removed Pin From Net: NetName=A+_CH1 Pin=C4-2
Removed Pin From Net: NetName=A+_CH1 Pin=C6-2
Removed Pin From Net: NetName=A+_CH1 Pin=J1-4
Removed Pin From Net: NetName=A+_CH1 Pin=J1-5
Removed Pin From Net: NetName=A+_CH1 Pin=J1-7
Removed Pin From Net: NetName=A+_CH1 Pin=J1-8
Removed Pin From Net: NetName=A+_CH1 Pin=J1-9
Removed Pin From Net: NetName=A+_CH1 Pin=R2-1
Removed Pin From Net: NetName=A+_CH1 Pin=R3-1
Removed Pin From Net: NetName=A+_CH1 Pin=R4-1
Removed Pin From Net: NetName=A+_CH1 Pin=R4-3
Removed Pin From Net: NetName=A+_CH1 Pin=R4-4
Removed Pin From Net: NetName=A+_CH1 Pin=R4-5
Removed Pin From Net: NetName=A+_CH1 Pin=R4-6
Removed Pin From Net: NetName=A+_CH1 Pin=U2-1
Removed Pin From Net: NetName=A+_CH1 Pin=U2-6
Removed Pin From Net: NetName=A+_CH1 Pin=U2-7
Removed Pin From Net: NetName=A+_CH1 Pin=U2-14
Removed Pin From Net: NetName=A+_CH1 Pin=U2-15
Removed Pin From Net: NetName=A+_CH1 Pin=X5-1
Removed Pin From Net: NetName=A+_CH1 Pin=X5-2
Removed Pin From Net: NetName=A+_CH1 Pin=X5-3
Removed Pin From Net: NetName=A+_CH1 Pin=X5-4
Removed Pin From Net: NetName=A+_CH1 Pin=X5-6
Added Pin To Net: NetName=A-_CH1 Pin=C3-2
Added Pin To Net: NetName=A-_CH1 Pin=J1-4
Added Pin To Net: NetName=A-_CH1 Pin=R4-1
Added Pin To Net: NetName=A-_CH1 Pin=U2-1
Added Pin To Net: NetName=A-_CH1 Pin=X5-6
Added Net: Name=A-_CH1
Added Pin To Net: NetName=B+_CH1 Pin=J1-8
Added Pin To Net: NetName=B+_CH1 Pin=R2-1
Added Pin To Net: NetName=B+_CH1 Pin=R4-3
Added Pin To Net: NetName=B+_CH1 Pin=U2-14
Added Pin To Net: NetName=B+_CH1 Pin=X5-3
Added Net: Name=B+_CH1
Added Pin To Net: NetName=B-_CH1 Pin=C4-2
Added Pin To Net: NetName=B-_CH1 Pin=J1-7
Added Pin To Net: NetName=B-_CH1 Pin=R4-4
Added Pin To Net: NetName=B-_CH1 Pin=U2-15
Added Pin To Net: NetName=B-_CH1 Pin=X5-4
Added Net: Name=B-_CH1
Added Pin To Net: NetName=Z+_CH1 Pin=J1-5
Added Pin To Net: NetName=Z+_CH1 Pin=R3-1
Added Pin To Net: NetName=Z+_CH1 Pin=R4-5
Added Pin To Net: NetName=Z+_CH1 Pin=U2-6
Added Pin To Net: NetName=Z+_CH1 Pin=X5-1
Added Net: Name=Z+_CH1
Added Pin To Net: NetName=Z-_CH1 Pin=C6-2
Added Pin To Net: NetName=Z-_CH1 Pin=J1-9
Added Pin To Net: NetName=Z-_CH1 Pin=R4-6
Added Pin To Net: NetName=Z-_CH1 Pin=U2-7
Added Pin To Net: NetName=Z-_CH1 Pin=X5-2
Added Net: Name=Z-_CH1
