Removed Pin From Net: NetName=GND Pin=C12-1
Removed Pin From Net: NetName=3V3_PER_fused Pin=C12-2
Removed Pin From Net: NetName=GND Pin=C18-1
Removed Pin From Net: NetName=3V3_PER_fused Pin=C18-2
Removed Pin From Net: NetName=5V_PER_fused Pin=U5-1
Removed Pin From Net: NetName=GND Pin=U5-2
Removed Pin From Net: NetName=GND Pin=U6-9
Removed Pin From Net: NetName=3V3_PER_fused Pin=U6-10
Removed Pin From Net: NetName=DIG_IO_15 Pin=U6-14
Removed Pin From Net: NetName=GND Pin=U6-15
Removed Pin From Net: NetName=3V3_PER_fused Pin=U6-16
Removed Pin From Net: NetName=5V_PER_fused Pin=U8-1
Removed Pin From Net: NetName=GND Pin=U8-2
Removed Pin From Net: NetName=GND Pin=U9-9
Removed Pin From Net: NetName=3V3_PER_fused Pin=U9-10
Removed Pin From Net: NetName=DIG_IO_18 Pin=U9-14
Removed Pin From Net: NetName=GND Pin=U9-15
Removed Pin From Net: NetName=3V3_PER_fused Pin=U9-16
Removed Pin From Net: NetName=DIG_Res_08 Pin=X1-77
Removed Pin From Net: NetName=DIG_Res_00 Pin=X1-78
Removed Pin From Net: NetName=DIG_Res_01 Pin=X1-79
Removed Pin From Net: NetName=DIG_Res_02 Pin=X1-80
Removed Pin From Net: NetName=CPLD_DigIn_01 Pin=X1-83
Removed Pin From Net: NetName=CPLD_DigOut_01 Pin=X1-84
Removed Pin From Net: NetName=CPLD_DigIn_02 Pin=X1-85
Removed Pin From Net: NetName=CPLD_DigOut_02 Pin=X1-86
Removed Pin From Net: NetName=I2C0_SCL Pin=X1-89
Removed Pin From Net: NetName=I2C0_SCA Pin=X1-90
Removed Pin From Net: NetName=DIG_Res_03 Pin=X1-91
Removed Pin From Net: NetName=DIG_Res_04 Pin=X1-92
Removed Pin From Net: NetName=DIG_Res_05 Pin=X1-93
Removed Pin From Net: NetName=DIG_Res_06 Pin=X1-94
Removed Pin From Net: NetName=DIG_Res_07 Pin=X1-95
Removed Pin From Net: NetName=Collective_FLT Pin=X1-96
Removed Pin From Net: NetName=PILOT_OUT Pin=X3-28
Removed Pin From Net: NetName=PILOT_IN Pin=X3-29
Removed Member From Class: ClassName=Encoder2 Member=C7
Removed Member From Class: ClassName=Encoder2 Member=C8
Removed Member From Class: ClassName=Encoder2 Member=C9
Removed Member From Class: ClassName=Encoder2 Member=C10
Removed Member From Class: ClassName=Encoder2 Member=C11
Removed Member From Class: ClassName=Encoder2 Member=C12
Removed Member From Class: ClassName=Encoder3 Member=C13
Removed Member From Class: ClassName=Encoder3 Member=C14
Removed Member From Class: ClassName=Encoder3 Member=C15
Removed Member From Class: ClassName=Encoder3 Member=C16
Removed Member From Class: ClassName=Encoder3 Member=C17
Removed Member From Class: ClassName=Encoder3 Member=C18
Removed Member From Class: ClassName=Encoder2 Member=J2
Removed Member From Class: ClassName=Encoder3 Member=J3
Removed Member From Class: ClassName=Encoder2 Member=R7
Removed Member From Class: ClassName=Encoder2 Member=R8
Removed Member From Class: ClassName=Encoder2 Member=R9
Removed Member From Class: ClassName=Encoder2 Member=R10
Removed Member From Class: ClassName=Encoder3 Member=R11
Removed Member From Class: ClassName=Encoder3 Member=R12
Removed Member From Class: ClassName=Encoder3 Member=R13
Removed Member From Class: ClassName=Encoder3 Member=R14
Removed Member From Class: ClassName=Encoder2 Member=U4
Removed Member From Class: ClassName=Encoder2 Member=U5
Removed Member From Class: ClassName=Encoder2 Member=U6
Removed Member From Class: ClassName=Encoder3 Member=U7
Removed Member From Class: ClassName=Encoder3 Member=U8
Removed Member From Class: ClassName=Encoder3 Member=U9
Removed Member From Class: ClassName=Encoder2 Member=X6
Removed Member From Class: ClassName=Encoder3 Member=X7
Change Component Designator: OldDesignator=C1 NewDesignator=C1_Encoder11
Change Component Designator: OldDesignator=C2 NewDesignator=C2_Encoder11
Change Component Designator: OldDesignator=C3 NewDesignator=C3_Encoder11
Change Component Designator: OldDesignator=C4 NewDesignator=C4_Encoder11
Change Component Designator: OldDesignator=C5 NewDesignator=C5_Encoder11
Change Component Designator: OldDesignator=C6 NewDesignator=C6_Encoder11
Change Component Designator: OldDesignator=J1 NewDesignator=J1_Encoder11
Change Component Designator: OldDesignator=R1 NewDesignator=R1_Encoder11
Change Component Designator: OldDesignator=R2 NewDesignator=R2_Encoder11
Change Component Designator: OldDesignator=R3 NewDesignator=R3_Encoder11
Change Component Designator: OldDesignator=R4 NewDesignator=R4_Encoder11
Change Component Designator: OldDesignator=U1 NewDesignator=U1_Encoder11
Change Component Designator: OldDesignator=U2 NewDesignator=U2_Encoder11
Change Component Designator: OldDesignator=U3 NewDesignator=U3_Encoder11
Change Component Designator: OldDesignator=X5 NewDesignator=X5_Encoder11
Added Component: Designator=C1_Encoder22(C_0805)
Add component (AddParameter): Name = "Component Type"; Value = "Capacitor 0805"; VariantName = "[No Variations]"
Add component (AddParameter): Name = "ComponentLink1Description"; Value = "Datasheet"; VariantName = "[No Variations]"
Add component (AddParameter): Name = "ComponentLink1URL"; Value = "https://www.mouser.de/datasheet/2/212/KEM_C1002_X7R_SMD-1102033.pdf"; VariantName = "[No Variations]"
Add component (AddParameter): Name = "Created from"; Value = "MGremer"; VariantName = "[No Variations]"
Add component (AddParameter): Name = "Created On"; Value = "20.12.2020 13:54:13"; VariantName = "[No Variations]"
Add component (AddParameter): Name = "Device Package"; Value = "0805"; VariantName = "[No Variations]"
Add component (AddParameter): Name = "Last Updated"; Value = "20.12.2020 16:34:30"; VariantName = "[No Variations]"
Add component (AddParameter): Name = "Live Cycle Status"; Value = "1"; VariantName = "[No Variations]"
Add component (AddParameter): Name = "Manufacturer"; Value = "KEMET"; VariantName = "[No Variations]"
Add component (AddParameter): Name = "Manufacturer Part Number"; Value = "C0805C104J5RECTU"; VariantName = "[No Variations]"
Add component (AddParameter): Name = "Mounting Type"; Value = "SMD"; VariantName = "[No Variations]"
Add component (AddParameter): Name = "Operating Temperature"; Value = "-55 - 125°C"; VariantName = "[No Variations]"
Add component (AddParameter): Name = "PartID"; Value = "17"; VariantName = "[No Variations]"
Add component (AddParameter): Name = "Series"; Value = "SMD Comm X7R"; VariantName = "[No Variations]"
Add component (AddParameter): Name = "Stock number"; Value = "Labor SMD Container"; VariantName = "[No Variations]"
Add component (AddParameter): Name = "Supplier 1"; Value = "Mouser"; VariantName = "[No Variations]"
Add component (AddParameter): Name = "Supplier Part Number 1"; Value = "80-C0805C104J5RECTU"; VariantName = "[No Variations]"
Add component (AddParameter): Name = "Tolerance"; Value = "5 %"; VariantName = "[No Variations]"
Add component (AddParameter): Name = "Type"; Value = "Capacitor"; VariantName = "[No Variations]"
Add component (AddParameter): Name = "Value"; Value = "0.1 µF"; VariantName = "[No Variations]"
Add component (AddParameter): Name = "Voltage Rating"; Value = "50 VDC"; VariantName = "[No Variations]"
Added Component: Designator=C1_Encoder33(C_0805)
Add component (AddParameter): Name = "Component Type"; Value = "Capacitor 0805"; VariantName = "[No Variations]"
Add component (AddParameter): Name = "ComponentLink1Description"; Value = "Datasheet"; VariantName = "[No Variations]"
Add component (AddParameter): Name = "ComponentLink1URL"; Value = "https://www.mouser.de/datasheet/2/212/KEM_C1002_X7R_SMD-1102033.pdf"; VariantName = "[No Variations]"
Add component (AddParameter): Name = "Created from"; Value = "MGremer"; VariantName = "[No Variations]"
Add component (AddParameter): Name = "Created On"; Value = "20.12.2020 13:54:13"; VariantName = "[No Variations]"
Add component (AddParameter): Name = "Device Package"; Value = "0805"; VariantName = "[No Variations]"
Add component (AddParameter): Name = "Last Updated"; Value = "20.12.2020 16:34:30"; VariantName = "[No Variations]"
Add component (AddParameter): Name = "Live Cycle Status"; Value = "1"; VariantName = "[No Variations]"
Add component (AddParameter): Name = "Manufacturer"; Value = "KEMET"; VariantName = "[No Variations]"
Add component (AddParameter): Name = "Manufacturer Part Number"; Value = "C0805C104J5RECTU"; VariantName = "[No Variations]"
Add component (AddParameter): Name = "Mounting Type"; Value = "SMD"; VariantName = "[No Variations]"
Add component (AddParameter): Name = "Operating Temperature"; Value = "-55 - 125°C"; VariantName = "[No Variations]"
Add component (AddParameter): Name = "PartID"; Value = "17"; VariantName = "[No Variations]"
Add component (AddParameter): Name = "Series"; Value = "SMD Comm X7R"; VariantName = "[No Variations]"
Add component (AddParameter): Name = "Stock number"; Value = "Labor SMD Container"; VariantName = "[No Variations]"
Add component (AddParameter): Name = "Supplier 1"; Value = "Mouser"; VariantName = "[No Variations]"
Add component (AddParameter): Name = "Supplier Part Number 1"; Value = "80-C0805C104J5RECTU"; VariantName = "[No Variations]"
Add component (AddParameter): Name = "Tolerance"; Value = "5 %"; VariantName = "[No Variations]"
Add component (AddParameter): Name = "Type"; Value = "Capacitor"; VariantName = "[No Variations]"
Add component (AddParameter): Name = "Value"; Value = "0.1 µF"; VariantName = "[No Variations]"
Add component (AddParameter): Name = "Voltage Rating"; Value = "50 VDC"; VariantName = "[No Variations]"
Added Component: Designator=C2_Encoder22(C_0805)
Add component (AddParameter): Name = "Component Type"; Value = "Capacitor 0805"; VariantName = "[No Variations]"
Add component (AddParameter): Name = "ComponentLink1Description"; Value = "Datasheet"; VariantName = "[No Variations]"
Add component (AddParameter): Name = "ComponentLink1URL"; Value = "https://www.mouser.de/datasheet/2/212/KEM_C1002_X7R_SMD-1102033.pdf"; VariantName = "[No Variations]"
Add component (AddParameter): Name = "Created from"; Value = "MGremer"; VariantName = "[No Variations]"
Add component (AddParameter): Name = "Created On"; Value = "20.12.2020 13:54:13"; VariantName = "[No Variations]"
Add component (AddParameter): Name = "Device Package"; Value = "0805"; VariantName = "[No Variations]"
Add component (AddParameter): Name = "Last Updated"; Value = "20.12.2020 16:34:30"; VariantName = "[No Variations]"
Add component (AddParameter): Name = "Live Cycle Status"; Value = "1"; VariantName = "[No Variations]"
Add component (AddParameter): Name = "Manufacturer"; Value = "KEMET"; VariantName = "[No Variations]"
Add component (AddParameter): Name = "Manufacturer Part Number"; Value = "C0805C104J5RECTU"; VariantName = "[No Variations]"
Add component (AddParameter): Name = "Mounting Type"; Value = "SMD"; VariantName = "[No Variations]"
Add component (AddParameter): Name = "Operating Temperature"; Value = "-55 - 125°C"; VariantName = "[No Variations]"
Add component (AddParameter): Name = "PartID"; Value = "17"; VariantName = "[No Variations]"
Add component (AddParameter): Name = "Series"; Value = "SMD Comm X7R"; VariantName = "[No Variations]"
Add component (AddParameter): Name = "Stock number"; Value = "Labor SMD Container"; VariantName = "[No Variations]"
Add component (AddParameter): Name = "Supplier 1"; Value = "Mouser"; VariantName = "[No Variations]"
Add component (AddParameter): Name = "Supplier Part Number 1"; Value = "80-C0805C104J5RECTU"; VariantName = "[No Variations]"
Add component (AddParameter): Name = "Tolerance"; Value = "5 %"; VariantName = "[No Variations]"
Add component (AddParameter): Name = "Type"; Value = "Capacitor"; VariantName = "[No Variations]"
Add component (AddParameter): Name = "Value"; Value = "0.1 µF"; VariantName = "[No Variations]"
Add component (AddParameter): Name = "Voltage Rating"; Value = "50 VDC"; VariantName = "[No Variations]"
Added Component: Designator=C2_Encoder33(C_0805)
Add component (AddParameter): Name = "Component Type"; Value = "Capacitor 0805"; VariantName = "[No Variations]"
Add component (AddParameter): Name = "ComponentLink1Description"; Value = "Datasheet"; VariantName = "[No Variations]"
Add component (AddParameter): Name = "ComponentLink1URL"; Value = "https://www.mouser.de/datasheet/2/212/KEM_C1002_X7R_SMD-1102033.pdf"; VariantName = "[No Variations]"
Add component (AddParameter): Name = "Created from"; Value = "MGremer"; VariantName = "[No Variations]"
Add component (AddParameter): Name = "Created On"; Value = "20.12.2020 13:54:13"; VariantName = "[No Variations]"
Add component (AddParameter): Name = "Device Package"; Value = "0805"; VariantName = "[No Variations]"
Add component (AddParameter): Name = "Last Updated"; Value = "20.12.2020 16:34:30"; VariantName = "[No Variations]"
Add component (AddParameter): Name = "Live Cycle Status"; Value = "1"; VariantName = "[No Variations]"
Add component (AddParameter): Name = "Manufacturer"; Value = "KEMET"; VariantName = "[No Variations]"
Add component (AddParameter): Name = "Manufacturer Part Number"; Value = "C0805C104J5RECTU"; VariantName = "[No Variations]"
Add component (AddParameter): Name = "Mounting Type"; Value = "SMD"; VariantName = "[No Variations]"
Add component (AddParameter): Name = "Operating Temperature"; Value = "-55 - 125°C"; VariantName = "[No Variations]"
Add component (AddParameter): Name = "PartID"; Value = "17"; VariantName = "[No Variations]"
Add component (AddParameter): Name = "Series"; Value = "SMD Comm X7R"; VariantName = "[No Variations]"
Add component (AddParameter): Name = "Stock number"; Value = "Labor SMD Container"; VariantName = "[No Variations]"
Add component (AddParameter): Name = "Supplier 1"; Value = "Mouser"; VariantName = "[No Variations]"
Add component (AddParameter): Name = "Supplier Part Number 1"; Value = "80-C0805C104J5RECTU"; VariantName = "[No Variations]"
Add component (AddParameter): Name = "Tolerance"; Value = "5 %"; VariantName = "[No Variations]"
Add component (AddParameter): Name = "Type"; Value = "Capacitor"; VariantName = "[No Variations]"
Add component (AddParameter): Name = "Value"; Value = "0.1 µF"; VariantName = "[No Variations]"
Add component (AddParameter): Name = "Voltage Rating"; Value = "50 VDC"; VariantName = "[No Variations]"
Added Component: Designator=C3_Encoder22(C_0805)
Add component (AddParameter): Name = "Component Type"; Value = "Capacitor 0805"; VariantName = "[No Variations]"
Add component (AddParameter): Name = "ComponentLink1Description"; Value = "Datasheet"; VariantName = "[No Variations]"
Add component (AddParameter): Name = "ComponentLink1URL"; Value = "https://www.mouser.de/datasheet/2/281/1/GRM21BR72A103KA01_01C-1986947.pdf"; VariantName = "[No Variations]"
Add component (AddParameter): Name = "Created from"; Value = "MGremer"; VariantName = "[No Variations]"
Add component (AddParameter): Name = "Created On"; Value = "20.12.2020 13:54:13"; VariantName = "[No Variations]"
Add component (AddParameter): Name = "Device Package"; Value = "0805"; VariantName = "[No Variations]"
Add component (AddParameter): Name = "Last Updated"; Value = "17.11.2021 11:27:00"; VariantName = "[No Variations]"
Add component (AddParameter): Name = "Live Cycle Status"; Value = "1"; VariantName = "[No Variations]"
Add component (AddParameter): Name = "Manufacturer"; Value = "Murata Electronics"; VariantName = "[No Variations]"
Add component (AddParameter): Name = "Manufacturer Part Number"; Value = "GRM21BR72A103KA01L"; VariantName = "[No Variations]"
Add component (AddParameter): Name = "Mounting Type"; Value = "SMD"; VariantName = "[No Variations]"
Add component (AddParameter): Name = "Operating Temperature"; Value = "-55 - 125°C"; VariantName = "[No Variations]"
Add component (AddParameter): Name = "PartID"; Value = "86"; VariantName = "[No Variations]"
Add component (AddParameter): Name = "Series"; Value = "GRM"; VariantName = "[No Variations]"
Add component (AddParameter): Name = "Stock number"; Value = "not stored"; VariantName = "[No Variations]"
Add component (AddParameter): Name = "Supplier 1"; Value = "Mouser"; VariantName = "[No Variations]"
Add component (AddParameter): Name = "Supplier Part Number 1"; Value = "81-GRM21BR72A103K"; VariantName = "[No Variations]"
Add component (AddParameter): Name = "Tolerance"; Value = "10 %"; VariantName = "[No Variations]"
Add component (AddParameter): Name = "Type"; Value = "Capacitor"; VariantName = "[No Variations]"
Add component (AddParameter): Name = "Value"; Value = "0.01 µF"; VariantName = "[No Variations]"
Add component (AddParameter): Name = "Voltage Rating"; Value = "100 VDC"; VariantName = "[No Variations]"
Added Component: Designator=C3_Encoder33(C_0805)
Add component (AddParameter): Name = "Component Type"; Value = "Capacitor 0805"; VariantName = "[No Variations]"
Add component (AddParameter): Name = "ComponentLink1Description"; Value = "Datasheet"; VariantName = "[No Variations]"
Add component (AddParameter): Name = "ComponentLink1URL"; Value = "https://www.mouser.de/datasheet/2/281/1/GRM21BR72A103KA01_01C-1986947.pdf"; VariantName = "[No Variations]"
Add component (AddParameter): Name = "Created from"; Value = "MGremer"; VariantName = "[No Variations]"
Add component (AddParameter): Name = "Created On"; Value = "20.12.2020 13:54:13"; VariantName = "[No Variations]"
Add component (AddParameter): Name = "Device Package"; Value = "0805"; VariantName = "[No Variations]"
Add component (AddParameter): Name = "Last Updated"; Value = "17.11.2021 11:27:00"; VariantName = "[No Variations]"
Add component (AddParameter): Name = "Live Cycle Status"; Value = "1"; VariantName = "[No Variations]"
Add component (AddParameter): Name = "Manufacturer"; Value = "Murata Electronics"; VariantName = "[No Variations]"
Add component (AddParameter): Name = "Manufacturer Part Number"; Value = "GRM21BR72A103KA01L"; VariantName = "[No Variations]"
Add component (AddParameter): Name = "Mounting Type"; Value = "SMD"; VariantName = "[No Variations]"
Add component (AddParameter): Name = "Operating Temperature"; Value = "-55 - 125°C"; VariantName = "[No Variations]"
Add component (AddParameter): Name = "PartID"; Value = "86"; VariantName = "[No Variations]"
Add component (AddParameter): Name = "Series"; Value = "GRM"; VariantName = "[No Variations]"
Add component (AddParameter): Name = "Stock number"; Value = "not stored"; VariantName = "[No Variations]"
Add component (AddParameter): Name = "Supplier 1"; Value = "Mouser"; VariantName = "[No Variations]"
Add component (AddParameter): Name = "Supplier Part Number 1"; Value = "81-GRM21BR72A103K"; VariantName = "[No Variations]"
Add component (AddParameter): Name = "Tolerance"; Value = "10 %"; VariantName = "[No Variations]"
Add component (AddParameter): Name = "Type"; Value = "Capacitor"; VariantName = "[No Variations]"
Add component (AddParameter): Name = "Value"; Value = "0.01 µF"; VariantName = "[No Variations]"
Add component (AddParameter): Name = "Voltage Rating"; Value = "100 VDC"; VariantName = "[No Variations]"
Added Component: Designator=C4_Encoder22(C_0805)
Add component (AddParameter): Name = "Component Type"; Value = "Capacitor 0805"; VariantName = "[No Variations]"
Add component (AddParameter): Name = "ComponentLink1Description"; Value = "Datasheet"; VariantName = "[No Variations]"
Add component (AddParameter): Name = "ComponentLink1URL"; Value = "https://www.mouser.de/datasheet/2/281/1/GRM21BR72A103KA01_01C-1986947.pdf"; VariantName = "[No Variations]"
Add component (AddParameter): Name = "Created from"; Value = "MGremer"; VariantName = "[No Variations]"
Add component (AddParameter): Name = "Created On"; Value = "20.12.2020 13:54:13"; VariantName = "[No Variations]"
Add component (AddParameter): Name = "Device Package"; Value = "0805"; VariantName = "[No Variations]"
Add component (AddParameter): Name = "Last Updated"; Value = "17.11.2021 11:27:00"; VariantName = "[No Variations]"
Add component (AddParameter): Name = "Live Cycle Status"; Value = "1"; VariantName = "[No Variations]"
Add component (AddParameter): Name = "Manufacturer"; Value = "Murata Electronics"; VariantName = "[No Variations]"
Add component (AddParameter): Name = "Manufacturer Part Number"; Value = "GRM21BR72A103KA01L"; VariantName = "[No Variations]"
Add component (AddParameter): Name = "Mounting Type"; Value = "SMD"; VariantName = "[No Variations]"
Add component (AddParameter): Name = "Operating Temperature"; Value = "-55 - 125°C"; VariantName = "[No Variations]"
Add component (AddParameter): Name = "PartID"; Value = "86"; VariantName = "[No Variations]"
Add component (AddParameter): Name = "Series"; Value = "GRM"; VariantName = "[No Variations]"
Add component (AddParameter): Name = "Stock number"; Value = "not stored"; VariantName = "[No Variations]"
Add component (AddParameter): Name = "Supplier 1"; Value = "Mouser"; VariantName = "[No Variations]"
Add component (AddParameter): Name = "Supplier Part Number 1"; Value = "81-GRM21BR72A103K"; VariantName = "[No Variations]"
Add component (AddParameter): Name = "Tolerance"; Value = "10 %"; VariantName = "[No Variations]"
Add component (AddParameter): Name = "Type"; Value = "Capacitor"; VariantName = "[No Variations]"
Add component (AddParameter): Name = "Value"; Value = "0.01 µF"; VariantName = "[No Variations]"
Add component (AddParameter): Name = "Voltage Rating"; Value = "100 VDC"; VariantName = "[No Variations]"
Added Component: Designator=C4_Encoder33(C_0805)
Add component (AddParameter): Name = "Component Type"; Value = "Capacitor 0805"; VariantName = "[No Variations]"
Add component (AddParameter): Name = "ComponentLink1Description"; Value = "Datasheet"; VariantName = "[No Variations]"
Add component (AddParameter): Name = "ComponentLink1URL"; Value = "https://www.mouser.de/datasheet/2/281/1/GRM21BR72A103KA01_01C-1986947.pdf"; VariantName = "[No Variations]"
Add component (AddParameter): Name = "Created from"; Value = "MGremer"; VariantName = "[No Variations]"
Add component (AddParameter): Name = "Created On"; Value = "20.12.2020 13:54:13"; VariantName = "[No Variations]"
Add component (AddParameter): Name = "Device Package"; Value = "0805"; VariantName = "[No Variations]"
Add component (AddParameter): Name = "Last Updated"; Value = "17.11.2021 11:27:00"; VariantName = "[No Variations]"
Add component (AddParameter): Name = "Live Cycle Status"; Value = "1"; VariantName = "[No Variations]"
Add component (AddParameter): Name = "Manufacturer"; Value = "Murata Electronics"; VariantName = "[No Variations]"
Add component (AddParameter): Name = "Manufacturer Part Number"; Value = "GRM21BR72A103KA01L"; VariantName = "[No Variations]"
Add component (AddParameter): Name = "Mounting Type"; Value = "SMD"; VariantName = "[No Variations]"
Add component (AddParameter): Name = "Operating Temperature"; Value = "-55 - 125°C"; VariantName = "[No Variations]"
Add component (AddParameter): Name = "PartID"; Value = "86"; VariantName = "[No Variations]"
Add component (AddParameter): Name = "Series"; Value = "GRM"; VariantName = "[No Variations]"
Add component (AddParameter): Name = "Stock number"; Value = "not stored"; VariantName = "[No Variations]"
Add component (AddParameter): Name = "Supplier 1"; Value = "Mouser"; VariantName = "[No Variations]"
Add component (AddParameter): Name = "Supplier Part Number 1"; Value = "81-GRM21BR72A103K"; VariantName = "[No Variations]"
Add component (AddParameter): Name = "Tolerance"; Value = "10 %"; VariantName = "[No Variations]"
Add component (AddParameter): Name = "Type"; Value = "Capacitor"; VariantName = "[No Variations]"
Add component (AddParameter): Name = "Value"; Value = "0.01 µF"; VariantName = "[No Variations]"
Add component (AddParameter): Name = "Voltage Rating"; Value = "100 VDC"; VariantName = "[No Variations]"
Added Component: Designator=C5_Encoder22(CAPR5-4X5)
Add component (AddParameter): Name = "Component Type"; Value = "Capacitor"; VariantName = "[No Variations]"
Add component (AddParameter): Name = "ComponentLink1Description"; Value = "Datasheet"; VariantName = "[No Variations]"
Add component (AddParameter): Name = "Created from"; Value = "MHlatky"; VariantName = "[No Variations]"
Add component (AddParameter): Name = "Created On"; Value = "25.05.2021 10:46:00"; VariantName = "[No Variations]"
Add component (AddParameter): Name = "Last Updated"; Value = "30.11.2021 13:37:41"; VariantName = "[No Variations]"
Add component (AddParameter): Name = "Live Cycle Status"; Value = "1"; VariantName = "[No Variations]"
Add component (AddParameter): Name = "Manufacturer Part Number"; Value = "CAPR5-4X5"; VariantName = "[No Variations]"
Add component (AddParameter): Name = "PackageDescription"; Value = "Capacitor; 2 Leads"; VariantName = "[No Variations]"
Add component (AddParameter): Name = "PackageReference"; Value = "CAPR5-4X5"; VariantName = "[No Variations]"
Add component (AddParameter): Name = "PartID"; Value = "5"; VariantName = "[No Variations]"
Add component (AddParameter): Name = "Published"; Value = "23-Sep-2002"; VariantName = "[No Variations]"
Add component (AddParameter): Name = "Publisher"; Value = "Altium Limited"; VariantName = "[No Variations]"
Add component (AddParameter): Name = "Supplier Part Number 1"; Value = "CAPR5-4X5"; VariantName = "[No Variations]"
Add component (AddParameter): Name = "Type"; Value = "Capacitor"; VariantName = "[No Variations]"
Add component (AddParameter): Name = "Value"; Value = "10 µF"; VariantName = "[No Variations]"
Added Component: Designator=C5_Encoder33(CAPR5-4X5)
Add component (AddParameter): Name = "Component Type"; Value = "Capacitor"; VariantName = "[No Variations]"
Add component (AddParameter): Name = "ComponentLink1Description"; Value = "Datasheet"; VariantName = "[No Variations]"
Add component (AddParameter): Name = "Created from"; Value = "MHlatky"; VariantName = "[No Variations]"
Add component (AddParameter): Name = "Created On"; Value = "25.05.2021 10:46:00"; VariantName = "[No Variations]"
Add component (AddParameter): Name = "Last Updated"; Value = "30.11.2021 13:37:41"; VariantName = "[No Variations]"
Add component (AddParameter): Name = "Live Cycle Status"; Value = "1"; VariantName = "[No Variations]"
Add component (AddParameter): Name = "Manufacturer Part Number"; Value = "CAPR5-4X5"; VariantName = "[No Variations]"
Add component (AddParameter): Name = "PackageDescription"; Value = "Capacitor; 2 Leads"; VariantName = "[No Variations]"
Add component (AddParameter): Name = "PackageReference"; Value = "CAPR5-4X5"; VariantName = "[No Variations]"
Add component (AddParameter): Name = "PartID"; Value = "5"; VariantName = "[No Variations]"
Add component (AddParameter): Name = "Published"; Value = "23-Sep-2002"; VariantName = "[No Variations]"
Add component (AddParameter): Name = "Publisher"; Value = "Altium Limited"; VariantName = "[No Variations]"
Add component (AddParameter): Name = "Supplier Part Number 1"; Value = "CAPR5-4X5"; VariantName = "[No Variations]"
Add component (AddParameter): Name = "Type"; Value = "Capacitor"; VariantName = "[No Variations]"
Add component (AddParameter): Name = "Value"; Value = "10 µF"; VariantName = "[No Variations]"
Added Component: Designator=C6_Encoder22(C_0805)
Add component (AddParameter): Name = "Component Type"; Value = "Capacitor 0805"; VariantName = "[No Variations]"
Add component (AddParameter): Name = "ComponentLink1Description"; Value = "Datasheet"; VariantName = "[No Variations]"
Add component (AddParameter): Name = "ComponentLink1URL"; Value = "https://www.mouser.de/datasheet/2/281/1/GRM21BR72A103KA01_01C-1986947.pdf"; VariantName = "[No Variations]"
Add component (AddParameter): Name = "Created from"; Value = "MGremer"; VariantName = "[No Variations]"
Add component (AddParameter): Name = "Created On"; Value = "20.12.2020 13:54:13"; VariantName = "[No Variations]"
Add component (AddParameter): Name = "Device Package"; Value = "0805"; VariantName = "[No Variations]"
Add component (AddParameter): Name = "Last Updated"; Value = "17.11.2021 11:27:00"; VariantName = "[No Variations]"
Add component (AddParameter): Name = "Live Cycle Status"; Value = "1"; VariantName = "[No Variations]"
Add component (AddParameter): Name = "Manufacturer"; Value = "Murata Electronics"; VariantName = "[No Variations]"
Add component (AddParameter): Name = "Manufacturer Part Number"; Value = "GRM21BR72A103KA01L"; VariantName = "[No Variations]"
Add component (AddParameter): Name = "Mounting Type"; Value = "SMD"; VariantName = "[No Variations]"
Add component (AddParameter): Name = "Operating Temperature"; Value = "-55 - 125°C"; VariantName = "[No Variations]"
Add component (AddParameter): Name = "PartID"; Value = "86"; VariantName = "[No Variations]"
Add component (AddParameter): Name = "Series"; Value = "GRM"; VariantName = "[No Variations]"
Add component (AddParameter): Name = "Stock number"; Value = "not stored"; VariantName = "[No Variations]"
Add component (AddParameter): Name = "Supplier 1"; Value = "Mouser"; VariantName = "[No Variations]"
Add component (AddParameter): Name = "Supplier Part Number 1"; Value = "81-GRM21BR72A103K"; VariantName = "[No Variations]"
Add component (AddParameter): Name = "Tolerance"; Value = "10 %"; VariantName = "[No Variations]"
Add component (AddParameter): Name = "Type"; Value = "Capacitor"; VariantName = "[No Variations]"
Add component (AddParameter): Name = "Value"; Value = "0.01 µF"; VariantName = "[No Variations]"
Add component (AddParameter): Name = "Voltage Rating"; Value = "100 VDC"; VariantName = "[No Variations]"
Added Component: Designator=C6_Encoder33(C_0805)
Add component (AddParameter): Name = "Component Type"; Value = "Capacitor 0805"; VariantName = "[No Variations]"
Add component (AddParameter): Name = "ComponentLink1Description"; Value = "Datasheet"; VariantName = "[No Variations]"
Add component (AddParameter): Name = "ComponentLink1URL"; Value = "https://www.mouser.de/datasheet/2/281/1/GRM21BR72A103KA01_01C-1986947.pdf"; VariantName = "[No Variations]"
Add component (AddParameter): Name = "Created from"; Value = "MGremer"; VariantName = "[No Variations]"
Add component (AddParameter): Name = "Created On"; Value = "20.12.2020 13:54:13"; VariantName = "[No Variations]"
Add component (AddParameter): Name = "Device Package"; Value = "0805"; VariantName = "[No Variations]"
Add component (AddParameter): Name = "Last Updated"; Value = "17.11.2021 11:27:00"; VariantName = "[No Variations]"
Add component (AddParameter): Name = "Live Cycle Status"; Value = "1"; VariantName = "[No Variations]"
Add component (AddParameter): Name = "Manufacturer"; Value = "Murata Electronics"; VariantName = "[No Variations]"
Add component (AddParameter): Name = "Manufacturer Part Number"; Value = "GRM21BR72A103KA01L"; VariantName = "[No Variations]"
Add component (AddParameter): Name = "Mounting Type"; Value = "SMD"; VariantName = "[No Variations]"
Add component (AddParameter): Name = "Operating Temperature"; Value = "-55 - 125°C"; VariantName = "[No Variations]"
Add component (AddParameter): Name = "PartID"; Value = "86"; VariantName = "[No Variations]"
Add component (AddParameter): Name = "Series"; Value = "GRM"; VariantName = "[No Variations]"
Add component (AddParameter): Name = "Stock number"; Value = "not stored"; VariantName = "[No Variations]"
Add component (AddParameter): Name = "Supplier 1"; Value = "Mouser"; VariantName = "[No Variations]"
Add component (AddParameter): Name = "Supplier Part Number 1"; Value = "81-GRM21BR72A103K"; VariantName = "[No Variations]"
Add component (AddParameter): Name = "Tolerance"; Value = "10 %"; VariantName = "[No Variations]"
Add component (AddParameter): Name = "Type"; Value = "Capacitor"; VariantName = "[No Variations]"
Add component (AddParameter): Name = "Value"; Value = "0.01 µF"; VariantName = "[No Variations]"
Add component (AddParameter): Name = "Voltage Rating"; Value = "100 VDC"; VariantName = "[No Variations]"
Added Component: Designator=J1_Encoder22(DSUB1.385-2H9)
Add component (AddParameter): Name = "Component Type"; Value = "DSUB Connector"; VariantName = "[No Variations]"
Add component (AddParameter): Name = "ComponentLink1Description"; Value = "Datasheet"; VariantName = "[No Variations]"
Add component (AddParameter): Name = "ComponentLink1URL"; Value = "[NULL]"; VariantName = "[No Variations]"
Add component (AddParameter): Name = "Created from"; Value = "MHlatky"; VariantName = "[No Variations]"
Add component (AddParameter): Name = "Created On"; Value = "26.01.2021 09:19:51"; VariantName = "[No Variations]"
Add component (AddParameter): Name = "DatasheetDocument"; Value = "1-Sep-1999"; VariantName = "[No Variations]"
Add component (AddParameter): Name = "Device Package"; Value = "-"; VariantName = "[No Variations]"
Add component (AddParameter): Name = "Gender"; Value = "Receptacle"; VariantName = "[No Variations]"
Add component (AddParameter): Name = "Last Updated"; Value = "20.12.2021 09:43:18"; VariantName = "[No Variations]"
Add component (AddParameter): Name = "LatestRevisionDate"; Value = "17-Jul-2002"; VariantName = "[No Variations]"
Add component (AddParameter): Name = "LatestRevisionNote"; Value = "Re-released for DXP Platform."; VariantName = "[No Variations]"
Add component (AddParameter): Name = "Live Cycle Status"; Value = "1"; VariantName = "[No Variations]"
Add component (AddParameter): Name = "Manufacturer"; Value = "Altium"; VariantName = "[No Variations]"
Add component (AddParameter): Name = "Manufacturer Part Number"; Value = "DSUB1.385-2H9"; VariantName = "[No Variations]"
Add component (AddParameter): Name = "Orientation"; Value = "Right Angle"; VariantName = "[No Variations]"
Add component (AddParameter): Name = "PackageDocument"; Value = "O"; VariantName = "[No Variations]"
Add component (AddParameter): Name = "PackageReference"; Value = "788750"; VariantName = "[No Variations]"
Add component (AddParameter): Name = "PartID"; Value = "15"; VariantName = "[No Variations]"
Add component (AddParameter): Name = "Positions"; Value = "9"; VariantName = "[No Variations]"
Add component (AddParameter): Name = "Published"; Value = "15-Jun-2001"; VariantName = "[No Variations]"
Add component (AddParameter): Name = "Publisher"; Value = "Altium Limited"; VariantName = "[No Variations]"
Add component (AddParameter): Name = "Stock number"; Value = "not stored"; VariantName = "[No Variations]"
Add component (AddParameter): Name = "Type"; Value = "DSUB Connector"; VariantName = "[No Variations]"
Added Component: Designator=J1_Encoder33(DSUB1.385-2H9)
Add component (AddParameter): Name = "Component Type"; Value = "DSUB Connector"; VariantName = "[No Variations]"
Add component (AddParameter): Name = "ComponentLink1Description"; Value = "Datasheet"; VariantName = "[No Variations]"
Add component (AddParameter): Name = "ComponentLink1URL"; Value = "[NULL]"; VariantName = "[No Variations]"
Add component (AddParameter): Name = "Created from"; Value = "MHlatky"; VariantName = "[No Variations]"
Add component (AddParameter): Name = "Created On"; Value = "26.01.2021 09:19:51"; VariantName = "[No Variations]"
Add component (AddParameter): Name = "DatasheetDocument"; Value = "1-Sep-1999"; VariantName = "[No Variations]"
Add component (AddParameter): Name = "Device Package"; Value = "-"; VariantName = "[No Variations]"
Add component (AddParameter): Name = "Gender"; Value = "Receptacle"; VariantName = "[No Variations]"
Add component (AddParameter): Name = "Last Updated"; Value = "20.12.2021 09:43:18"; VariantName = "[No Variations]"
Add component (AddParameter): Name = "LatestRevisionDate"; Value = "17-Jul-2002"; VariantName = "[No Variations]"
Add component (AddParameter): Name = "LatestRevisionNote"; Value = "Re-released for DXP Platform."; VariantName = "[No Variations]"
Add component (AddParameter): Name = "Live Cycle Status"; Value = "1"; VariantName = "[No Variations]"
Add component (AddParameter): Name = "Manufacturer"; Value = "Altium"; VariantName = "[No Variations]"
Add component (AddParameter): Name = "Manufacturer Part Number"; Value = "DSUB1.385-2H9"; VariantName = "[No Variations]"
Add component (AddParameter): Name = "Orientation"; Value = "Right Angle"; VariantName = "[No Variations]"
Add component (AddParameter): Name = "PackageDocument"; Value = "O"; VariantName = "[No Variations]"
Add component (AddParameter): Name = "PackageReference"; Value = "788750"; VariantName = "[No Variations]"
Add component (AddParameter): Name = "PartID"; Value = "15"; VariantName = "[No Variations]"
Add component (AddParameter): Name = "Positions"; Value = "9"; VariantName = "[No Variations]"
Add component (AddParameter): Name = "Published"; Value = "15-Jun-2001"; VariantName = "[No Variations]"
Add component (AddParameter): Name = "Publisher"; Value = "Altium Limited"; VariantName = "[No Variations]"
Add component (AddParameter): Name = "Stock number"; Value = "not stored"; VariantName = "[No Variations]"
Add component (AddParameter): Name = "Type"; Value = "DSUB Connector"; VariantName = "[No Variations]"
Added Component: Designator=R1_Encoder22(RES 0603_1608)
Add component (AddParameter): Name = "Component Type"; Value = "SMD resistor"; VariantName = "[No Variations]"
Add component (AddParameter): Name = "ComponentLink1Description"; Value = "Datasheet"; VariantName = "[No Variations]"
Add component (AddParameter): Name = "ComponentLink1URL"; Value = "https://www.mouser.de/datasheet/2/219/RK73B-1825463.pdf"; VariantName = "[No Variations]"
Add component (AddParameter): Name = "Created from"; Value = "MGremer"; VariantName = "[No Variations]"
Add component (AddParameter): Name = "Created On"; Value = "14.12.2020 16:17:14"; VariantName = "[No Variations]"
Add component (AddParameter): Name = "Device Package"; Value = "0603"; VariantName = "[No Variations]"
Add component (AddParameter): Name = "Last Updated"; Value = "02.03.2021 14:07:32"; VariantName = "[No Variations]"
Add component (AddParameter): Name = "Live Cycle Status"; Value = "1"; VariantName = "[No Variations]"
Add component (AddParameter): Name = "Manufacturer"; Value = "KOA Speer"; VariantName = "[No Variations]"
Add component (AddParameter): Name = "Manufacturer Part Number"; Value = "RK73B1JTTD121J"; VariantName = "[No Variations]"
Add component (AddParameter): Name = "Mounting Type"; Value = "SMD"; VariantName = "[No Variations]"
Add component (AddParameter): Name = "PartID"; Value = "52"; VariantName = "[No Variations]"
Add component (AddParameter): Name = "Stock number"; Value = "Labor SMD Container"; VariantName = "[No Variations]"
Add component (AddParameter): Name = "Supplier 1"; Value = "Mouser"; VariantName = "[No Variations]"
Add component (AddParameter): Name = "Supplier Part Number 1"; Value = "660-RK73B1JTTD121J"; VariantName = "[No Variations]"
Add component (AddParameter): Name = "Tolerance"; Value = "5%"; VariantName = "[No Variations]"
Add component (AddParameter): Name = "Type"; Value = "Resistor"; VariantName = "[No Variations]"
Add component (AddParameter): Name = "Value"; Value = "120R"; VariantName = "[No Variations]"
Added Component: Designator=R1_Encoder33(RES 0603_1608)
Add component (AddParameter): Name = "Component Type"; Value = "SMD resistor"; VariantName = "[No Variations]"
Add component (AddParameter): Name = "ComponentLink1Description"; Value = "Datasheet"; VariantName = "[No Variations]"
Add component (AddParameter): Name = "ComponentLink1URL"; Value = "https://www.mouser.de/datasheet/2/219/RK73B-1825463.pdf"; VariantName = "[No Variations]"
Add component (AddParameter): Name = "Created from"; Value = "MGremer"; VariantName = "[No Variations]"
Add component (AddParameter): Name = "Created On"; Value = "14.12.2020 16:17:14"; VariantName = "[No Variations]"
Add component (AddParameter): Name = "Device Package"; Value = "0603"; VariantName = "[No Variations]"
Add component (AddParameter): Name = "Last Updated"; Value = "02.03.2021 14:07:32"; VariantName = "[No Variations]"
Add component (AddParameter): Name = "Live Cycle Status"; Value = "1"; VariantName = "[No Variations]"
Add component (AddParameter): Name = "Manufacturer"; Value = "KOA Speer"; VariantName = "[No Variations]"
Add component (AddParameter): Name = "Manufacturer Part Number"; Value = "RK73B1JTTD121J"; VariantName = "[No Variations]"
Add component (AddParameter): Name = "Mounting Type"; Value = "SMD"; VariantName = "[No Variations]"
Add component (AddParameter): Name = "PartID"; Value = "52"; VariantName = "[No Variations]"
Add component (AddParameter): Name = "Stock number"; Value = "Labor SMD Container"; VariantName = "[No Variations]"
Add component (AddParameter): Name = "Supplier 1"; Value = "Mouser"; VariantName = "[No Variations]"
Add component (AddParameter): Name = "Supplier Part Number 1"; Value = "660-RK73B1JTTD121J"; VariantName = "[No Variations]"
Add component (AddParameter): Name = "Tolerance"; Value = "5%"; VariantName = "[No Variations]"
Add component (AddParameter): Name = "Type"; Value = "Resistor"; VariantName = "[No Variations]"
Add component (AddParameter): Name = "Value"; Value = "120R"; VariantName = "[No Variations]"
Added Component: Designator=R2_Encoder22(RES 0603_1608)
Add component (AddParameter): Name = "Component Type"; Value = "SMD resistor"; VariantName = "[No Variations]"
Add component (AddParameter): Name = "ComponentLink1Description"; Value = "Datasheet"; VariantName = "[No Variations]"
Add component (AddParameter): Name = "ComponentLink1URL"; Value = "https://www.mouser.de/datasheet/2/219/RK73B-1825463.pdf"; VariantName = "[No Variations]"
Add component (AddParameter): Name = "Created from"; Value = "MGremer"; VariantName = "[No Variations]"
Add component (AddParameter): Name = "Created On"; Value = "14.12.2020 16:17:14"; VariantName = "[No Variations]"
Add component (AddParameter): Name = "Device Package"; Value = "0603"; VariantName = "[No Variations]"
Add component (AddParameter): Name = "Last Updated"; Value = "02.03.2021 14:07:32"; VariantName = "[No Variations]"
Add component (AddParameter): Name = "Live Cycle Status"; Value = "1"; VariantName = "[No Variations]"
Add component (AddParameter): Name = "Manufacturer"; Value = "KOA Speer"; VariantName = "[No Variations]"
Add component (AddParameter): Name = "Manufacturer Part Number"; Value = "RK73B1JTTD121J"; VariantName = "[No Variations]"
Add component (AddParameter): Name = "Mounting Type"; Value = "SMD"; VariantName = "[No Variations]"
Add component (AddParameter): Name = "PartID"; Value = "52"; VariantName = "[No Variations]"
Add component (AddParameter): Name = "Stock number"; Value = "Labor SMD Container"; VariantName = "[No Variations]"
Add component (AddParameter): Name = "Supplier 1"; Value = "Mouser"; VariantName = "[No Variations]"
Add component (AddParameter): Name = "Supplier Part Number 1"; Value = "660-RK73B1JTTD121J"; VariantName = "[No Variations]"
Add component (AddParameter): Name = "Tolerance"; Value = "5%"; VariantName = "[No Variations]"
Add component (AddParameter): Name = "Type"; Value = "Resistor"; VariantName = "[No Variations]"
Add component (AddParameter): Name = "Value"; Value = "120R"; VariantName = "[No Variations]"
Added Component: Designator=R2_Encoder33(RES 0603_1608)
Add component (AddParameter): Name = "Component Type"; Value = "SMD resistor"; VariantName = "[No Variations]"
Add component (AddParameter): Name = "ComponentLink1Description"; Value = "Datasheet"; VariantName = "[No Variations]"
Add component (AddParameter): Name = "ComponentLink1URL"; Value = "https://www.mouser.de/datasheet/2/219/RK73B-1825463.pdf"; VariantName = "[No Variations]"
Add component (AddParameter): Name = "Created from"; Value = "MGremer"; VariantName = "[No Variations]"
Add component (AddParameter): Name = "Created On"; Value = "14.12.2020 16:17:14"; VariantName = "[No Variations]"
Add component (AddParameter): Name = "Device Package"; Value = "0603"; VariantName = "[No Variations]"
Add component (AddParameter): Name = "Last Updated"; Value = "02.03.2021 14:07:32"; VariantName = "[No Variations]"
Add component (AddParameter): Name = "Live Cycle Status"; Value = "1"; VariantName = "[No Variations]"
Add component (AddParameter): Name = "Manufacturer"; Value = "KOA Speer"; VariantName = "[No Variations]"
Add component (AddParameter): Name = "Manufacturer Part Number"; Value = "RK73B1JTTD121J"; VariantName = "[No Variations]"
Add component (AddParameter): Name = "Mounting Type"; Value = "SMD"; VariantName = "[No Variations]"
Add component (AddParameter): Name = "PartID"; Value = "52"; VariantName = "[No Variations]"
Add component (AddParameter): Name = "Stock number"; Value = "Labor SMD Container"; VariantName = "[No Variations]"
Add component (AddParameter): Name = "Supplier 1"; Value = "Mouser"; VariantName = "[No Variations]"
Add component (AddParameter): Name = "Supplier Part Number 1"; Value = "660-RK73B1JTTD121J"; VariantName = "[No Variations]"
Add component (AddParameter): Name = "Tolerance"; Value = "5%"; VariantName = "[No Variations]"
Add component (AddParameter): Name = "Type"; Value = "Resistor"; VariantName = "[No Variations]"
Add component (AddParameter): Name = "Value"; Value = "120R"; VariantName = "[No Variations]"
Added Component: Designator=R3_Encoder22(RES 0603_1608)
Add component (AddParameter): Name = "Component Type"; Value = "SMD resistor"; VariantName = "[No Variations]"
Add component (AddParameter): Name = "ComponentLink1Description"; Value = "Datasheet"; VariantName = "[No Variations]"
Add component (AddParameter): Name = "ComponentLink1URL"; Value = "https://www.mouser.de/datasheet/2/219/RK73B-1825463.pdf"; VariantName = "[No Variations]"
Add component (AddParameter): Name = "Created from"; Value = "MGremer"; VariantName = "[No Variations]"
Add component (AddParameter): Name = "Created On"; Value = "14.12.2020 16:17:14"; VariantName = "[No Variations]"
Add component (AddParameter): Name = "Device Package"; Value = "0603"; VariantName = "[No Variations]"
Add component (AddParameter): Name = "Last Updated"; Value = "02.03.2021 14:07:32"; VariantName = "[No Variations]"
Add component (AddParameter): Name = "Live Cycle Status"; Value = "1"; VariantName = "[No Variations]"
Add component (AddParameter): Name = "Manufacturer"; Value = "KOA Speer"; VariantName = "[No Variations]"
Add component (AddParameter): Name = "Manufacturer Part Number"; Value = "RK73B1JTTD121J"; VariantName = "[No Variations]"
Add component (AddParameter): Name = "Mounting Type"; Value = "SMD"; VariantName = "[No Variations]"
Add component (AddParameter): Name = "PartID"; Value = "52"; VariantName = "[No Variations]"
Add component (AddParameter): Name = "Stock number"; Value = "Labor SMD Container"; VariantName = "[No Variations]"
Add component (AddParameter): Name = "Supplier 1"; Value = "Mouser"; VariantName = "[No Variations]"
Add component (AddParameter): Name = "Supplier Part Number 1"; Value = "660-RK73B1JTTD121J"; VariantName = "[No Variations]"
Add component (AddParameter): Name = "Tolerance"; Value = "5%"; VariantName = "[No Variations]"
Add component (AddParameter): Name = "Type"; Value = "Resistor"; VariantName = "[No Variations]"
Add component (AddParameter): Name = "Value"; Value = "120R"; VariantName = "[No Variations]"
Added Component: Designator=R3_Encoder33(RES 0603_1608)
Add component (AddParameter): Name = "Component Type"; Value = "SMD resistor"; VariantName = "[No Variations]"
Add component (AddParameter): Name = "ComponentLink1Description"; Value = "Datasheet"; VariantName = "[No Variations]"
Add component (AddParameter): Name = "ComponentLink1URL"; Value = "https://www.mouser.de/datasheet/2/219/RK73B-1825463.pdf"; VariantName = "[No Variations]"
Add component (AddParameter): Name = "Created from"; Value = "MGremer"; VariantName = "[No Variations]"
Add component (AddParameter): Name = "Created On"; Value = "14.12.2020 16:17:14"; VariantName = "[No Variations]"
Add component (AddParameter): Name = "Device Package"; Value = "0603"; VariantName = "[No Variations]"
Add component (AddParameter): Name = "Last Updated"; Value = "02.03.2021 14:07:32"; VariantName = "[No Variations]"
Add component (AddParameter): Name = "Live Cycle Status"; Value = "1"; VariantName = "[No Variations]"
Add component (AddParameter): Name = "Manufacturer"; Value = "KOA Speer"; VariantName = "[No Variations]"
Add component (AddParameter): Name = "Manufacturer Part Number"; Value = "RK73B1JTTD121J"; VariantName = "[No Variations]"
Add component (AddParameter): Name = "Mounting Type"; Value = "SMD"; VariantName = "[No Variations]"
Add component (AddParameter): Name = "PartID"; Value = "52"; VariantName = "[No Variations]"
Add component (AddParameter): Name = "Stock number"; Value = "Labor SMD Container"; VariantName = "[No Variations]"
Add component (AddParameter): Name = "Supplier 1"; Value = "Mouser"; VariantName = "[No Variations]"
Add component (AddParameter): Name = "Supplier Part Number 1"; Value = "660-RK73B1JTTD121J"; VariantName = "[No Variations]"
Add component (AddParameter): Name = "Tolerance"; Value = "5%"; VariantName = "[No Variations]"
Add component (AddParameter): Name = "Type"; Value = "Resistor"; VariantName = "[No Variations]"
Add component (AddParameter): Name = "Value"; Value = "120R"; VariantName = "[No Variations]"
Added Component: Designator=R4_Encoder22(SO-16_N)
Add component (AddParameter): Name = "Code_IPC"; Value = "SOIC127P600-16"; VariantName = "[No Variations]"
Add component (AddParameter): Name = "Code_JEDEC"; Value = "MS-012-AC"; VariantName = "[No Variations]"
Add component (AddParameter): Name = "Component Type"; Value = "Res Pack3"; VariantName = "[No Variations]"
Add component (AddParameter): Name = "ComponentLink1Description"; Value = "Datasheet"; VariantName = "[No Variations]"
Add component (AddParameter): Name = "Created from"; Value = "MHlatky"; VariantName = "[No Variations]"
Add component (AddParameter): Name = "Created On"; Value = "14.12.2020 16:17:14"; VariantName = "[No Variations]"
Add component (AddParameter): Name = "Device Package"; Value = "SOIC"; VariantName = "[No Variations]"
Add component (AddParameter): Name = "Last Updated"; Value = "20.12.2021 09:54:47"; VariantName = "[No Variations]"
Add component (AddParameter): Name = "LatestRevisionDate"; Value = "29-May-2009"; VariantName = "[No Variations]"
Add component (AddParameter): Name = "LatestRevisionNote"; Value = "IPC-7351 Footprint Added."; VariantName = "[No Variations]"
Add component (AddParameter): Name = "Live Cycle Status"; Value = "1"; VariantName = "[No Variations]"
Add component (AddParameter): Name = "Manufacturer Part Number"; Value = "Res Pack3"; VariantName = "[No Variations]"
Add component (AddParameter): Name = "Mounting Type"; Value = "SMD"; VariantName = "[No Variations]"
Add component (AddParameter): Name = "PackageDescription"; Value = "16-Pin Small Outline Integrated Circuit 1.27 mm Pitch"; VariantName = "[No Variations]"
Add component (AddParameter): Name = "PackageReference"; Value = "SO-16"; VariantName = "[No Variations]"
Add component (AddParameter): Name = "PartID"; Value = "207"; VariantName = "[No Variations]"
Add component (AddParameter): Name = "Published"; Value = "24-Mar-1999"; VariantName = "[No Variations]"
Add component (AddParameter): Name = "Publisher"; Value = "Altium Limited"; VariantName = "[No Variations]"
Add component (AddParameter): Name = "Supplier 1"; Value = "Altium"; VariantName = "[No Variations]"
Add component (AddParameter): Name = "Type"; Value = "Resistor"; VariantName = "[No Variations]"
Add component (AddParameter): Name = "Value"; Value = "4.7K"; VariantName = "[No Variations]"
Added Component: Designator=R4_Encoder33(SO-16_N)
Add component (AddParameter): Name = "Code_IPC"; Value = "SOIC127P600-16"; VariantName = "[No Variations]"
Add component (AddParameter): Name = "Code_JEDEC"; Value = "MS-012-AC"; VariantName = "[No Variations]"
Add component (AddParameter): Name = "Component Type"; Value = "Res Pack3"; VariantName = "[No Variations]"
Add component (AddParameter): Name = "ComponentLink1Description"; Value = "Datasheet"; VariantName = "[No Variations]"
Add component (AddParameter): Name = "Created from"; Value = "MHlatky"; VariantName = "[No Variations]"
Add component (AddParameter): Name = "Created On"; Value = "14.12.2020 16:17:14"; VariantName = "[No Variations]"
Add component (AddParameter): Name = "Device Package"; Value = "SOIC"; VariantName = "[No Variations]"
Add component (AddParameter): Name = "Last Updated"; Value = "20.12.2021 09:54:47"; VariantName = "[No Variations]"
Add component (AddParameter): Name = "LatestRevisionDate"; Value = "29-May-2009"; VariantName = "[No Variations]"
Add component (AddParameter): Name = "LatestRevisionNote"; Value = "IPC-7351 Footprint Added."; VariantName = "[No Variations]"
Add component (AddParameter): Name = "Live Cycle Status"; Value = "1"; VariantName = "[No Variations]"
Add component (AddParameter): Name = "Manufacturer Part Number"; Value = "Res Pack3"; VariantName = "[No Variations]"
Add component (AddParameter): Name = "Mounting Type"; Value = "SMD"; VariantName = "[No Variations]"
Add component (AddParameter): Name = "PackageDescription"; Value = "16-Pin Small Outline Integrated Circuit 1.27 mm Pitch"; VariantName = "[No Variations]"
Add component (AddParameter): Name = "PackageReference"; Value = "SO-16"; VariantName = "[No Variations]"
Add component (AddParameter): Name = "PartID"; Value = "207"; VariantName = "[No Variations]"
Add component (AddParameter): Name = "Published"; Value = "24-Mar-1999"; VariantName = "[No Variations]"
Add component (AddParameter): Name = "Publisher"; Value = "Altium Limited"; VariantName = "[No Variations]"
Add component (AddParameter): Name = "Supplier 1"; Value = "Altium"; VariantName = "[No Variations]"
Add component (AddParameter): Name = "Type"; Value = "Resistor"; VariantName = "[No Variations]"
Add component (AddParameter): Name = "Value"; Value = "4.7K"; VariantName = "[No Variations]"
Added Component: Designator=U1_Encoder22(TI ISO7230 SOIC)
Add component (AddParameter): Name = "Component Type"; Value = "Microcontroller"; VariantName = "[No Variations]"
Add component (AddParameter): Name = "ComponentLink1Description"; Value = "Datasheet"; VariantName = "[No Variations]"
Add component (AddParameter): Name = "ComponentLink1URL"; Value = "https://www.ti.com/lit/ds/symlink/iso7230m.pdf?HQS=dis-mous-null-mousermode-dsf-pf-null-wwe&ts=1639988443497&ref_url=https%253A%252F%252Fwww.mouser.de%252F"; VariantName = "[No Variations]"
Add component (AddParameter): Name = "Created from"; Value = "MHlatky"; VariantName = "[No Variations]"
Add component (AddParameter): Name = "Created On"; Value = "26.01.2021 09:03:43"; VariantName = "[No Variations]"
Add component (AddParameter): Name = "Last Updated"; Value = "17.06.2021 08:32:47"; VariantName = "[No Variations]"
Add component (AddParameter): Name = "Live Cycle Status"; Value = "1"; VariantName = "[No Variations]"
Add component (AddParameter): Name = "Manufacturer"; Value = "Analog Devices"; VariantName = "[No Variations]"
Add component (AddParameter): Name = "Manufacturer Part Number"; Value = "ISO7230MDW"; VariantName = "[No Variations]"
Add component (AddParameter): Name = "Mounting Type"; Value = "SOIC"; VariantName = "[No Variations]"
Add component (AddParameter): Name = "Operating Temperature"; Value = "-40 - +125 °C"; VariantName = "[No Variations]"
Add component (AddParameter): Name = "PartID"; Value = "5"; VariantName = "[No Variations]"
Add component (AddParameter): Name = "Stock number"; Value = "not stored"; VariantName = "[No Variations]"
Add component (AddParameter): Name = "Supplier 1"; Value = "Mouser"; VariantName = "[No Variations]"
Add component (AddParameter): Name = "Supplier Part Number 1"; Value = "595-ISO7230MDW"; VariantName = "[No Variations]"
Add component (AddParameter): Name = "Type"; Value = "Microcontroller"; VariantName = "[No Variations]"
Added Component: Designator=U1_Encoder33(TI ISO7230 SOIC)
Add component (AddParameter): Name = "Component Type"; Value = "Microcontroller"; VariantName = "[No Variations]"
Add component (AddParameter): Name = "ComponentLink1Description"; Value = "Datasheet"; VariantName = "[No Variations]"
Add component (AddParameter): Name = "ComponentLink1URL"; Value = "https://www.ti.com/lit/ds/symlink/iso7230m.pdf?HQS=dis-mous-null-mousermode-dsf-pf-null-wwe&ts=1639988443497&ref_url=https%253A%252F%252Fwww.mouser.de%252F"; VariantName = "[No Variations]"
Add component (AddParameter): Name = "Created from"; Value = "MHlatky"; VariantName = "[No Variations]"
Add component (AddParameter): Name = "Created On"; Value = "26.01.2021 09:03:43"; VariantName = "[No Variations]"
Add component (AddParameter): Name = "Last Updated"; Value = "17.06.2021 08:32:47"; VariantName = "[No Variations]"
Add component (AddParameter): Name = "Live Cycle Status"; Value = "1"; VariantName = "[No Variations]"
Add component (AddParameter): Name = "Manufacturer"; Value = "Analog Devices"; VariantName = "[No Variations]"
Add component (AddParameter): Name = "Manufacturer Part Number"; Value = "ISO7230MDW"; VariantName = "[No Variations]"
Add component (AddParameter): Name = "Mounting Type"; Value = "SOIC"; VariantName = "[No Variations]"
Add component (AddParameter): Name = "Operating Temperature"; Value = "-40 - +125 °C"; VariantName = "[No Variations]"
Add component (AddParameter): Name = "PartID"; Value = "5"; VariantName = "[No Variations]"
Add component (AddParameter): Name = "Stock number"; Value = "not stored"; VariantName = "[No Variations]"
Add component (AddParameter): Name = "Supplier 1"; Value = "Mouser"; VariantName = "[No Variations]"
Add component (AddParameter): Name = "Supplier Part Number 1"; Value = "595-ISO7230MDW"; VariantName = "[No Variations]"
Add component (AddParameter): Name = "Type"; Value = "Microcontroller"; VariantName = "[No Variations]"
Added Component: Designator=U2_Encoder22(M16A_M)
Add component (AddParameter): Name = "Code_IPC"; Value = "SOIC127P600-16"; VariantName = "[No Variations]"
Add component (AddParameter): Name = "Code_JEDEC"; Value = "MS-012-AC"; VariantName = "[No Variations]"
Add component (AddParameter): Name = "Component Type"; Value = "Microcontroller"; VariantName = "[No Variations]"
Add component (AddParameter): Name = "ComponentLink1Description"; Value = "Datasheet"; VariantName = "[No Variations]"
Add component (AddParameter): Name = "ComponentLink1URL"; Value = "https://media.digikey.com/pdf/Data%20Sheets/Texas%20Instruments%20PDFs/DS26LS32AC,C,M,DS26LS33M.pdf"; VariantName = "[No Variations]"
Add component (AddParameter): Name = "ComponentLink2Description"; Value = "DS26LS32AC Web Page"; VariantName = "[No Variations]"
Add component (AddParameter): Name = "ComponentLink2URL"; Value = "http://www.national.com/pf/DS/DS26LS32AC.html"; VariantName = "[No Variations]"
Add component (AddParameter): Name = "ComponentLink3Description"; Value = "M16A Package Page"; VariantName = "[No Variations]"
Add component (AddParameter): Name = "ComponentLink3URL"; Value = "http://www.national.com/packaging/folders/m16a.html"; VariantName = "[No Variations]"
Add component (AddParameter): Name = "CompType"; Value = "Interface IC"; VariantName = "[No Variations]"
Add component (AddParameter): Name = "Created from"; Value = "MHlatky"; VariantName = "[No Variations]"
Add component (AddParameter): Name = "Created On"; Value = "26.01.2021 09:03:43"; VariantName = "[No Variations]"
Add component (AddParameter): Name = "DatasheetVersion"; Value = "May-1999"; VariantName = "[No Variations]"
Add component (AddParameter): Name = "Last Updated"; Value = "17.06.2021 08:32:47"; VariantName = "[No Variations]"
Add component (AddParameter): Name = "Live Cycle Status"; Value = "1"; VariantName = "[No Variations]"
Add component (AddParameter): Name = "Manufacturer"; Value = "Texas Instruments"; VariantName = "[No Variations]"
Add component (AddParameter): Name = "Manufacturer Part Number"; Value = "DS26LS32ACM"; VariantName = "[No Variations]"
Add component (AddParameter): Name = "Mounting Type"; Value = "SOIC"; VariantName = "[No Variations]"
Add component (AddParameter): Name = "Operating Temperature"; Value = "0 - 70 °C"; VariantName = "[No Variations]"
Add component (AddParameter): Name = "PackageDescription"; Value = "Molded Package, SO, .150in Wide, 16 Lead"; VariantName = "[No Variations]"
Add component (AddParameter): Name = "PackageReference"; Value = "M16A"; VariantName = "[No Variations]"
Add component (AddParameter): Name = "PackageTopMarking"; Value = "NSUZXYTTE#*DS26LS32*ACM"; VariantName = "[No Variations]"
Add component (AddParameter): Name = "PackageVersion"; Value = "revJ, Aug-1995"; VariantName = "[No Variations]"
Add component (AddParameter): Name = "PartID"; Value = "6"; VariantName = "[No Variations]"
Add component (AddParameter): Name = "PartNumber"; Value = "DS26LS32ACM"; VariantName = "[No Variations]"
Add component (AddParameter): Name = "PinCount"; Value = "16"; VariantName = "[No Variations]"
Add component (AddParameter): Name = "PowerWise"; Value = "N"; VariantName = "[No Variations]"
Add component (AddParameter): Name = "Published"; Value = "4-Dec-2008"; VariantName = "[No Variations]"
Add component (AddParameter): Name = "Publisher"; Value = "Altium Limited"; VariantName = "[No Variations]"
Add component (AddParameter): Name = "RoHS"; Value = "N"; VariantName = "[No Variations]"
Add component (AddParameter): Name = "Stock number"; Value = "not stored"; VariantName = "[No Variations]"
Add component (AddParameter): Name = "Supplier 1"; Value = "Mouser"; VariantName = "[No Variations]"
Add component (AddParameter): Name = "Supplier Part Number 1"; Value = "926-DS26LS32ACM"; VariantName = "[No Variations]"
Add component (AddParameter): Name = "Type"; Value = "Microcontroller"; VariantName = "[No Variations]"
Added Component: Designator=U2_Encoder33(M16A_M)
Add component (AddParameter): Name = "Code_IPC"; Value = "SOIC127P600-16"; VariantName = "[No Variations]"
Add component (AddParameter): Name = "Code_JEDEC"; Value = "MS-012-AC"; VariantName = "[No Variations]"
Add component (AddParameter): Name = "Component Type"; Value = "Microcontroller"; VariantName = "[No Variations]"
Add component (AddParameter): Name = "ComponentLink1Description"; Value = "Datasheet"; VariantName = "[No Variations]"
Add component (AddParameter): Name = "ComponentLink1URL"; Value = "https://media.digikey.com/pdf/Data%20Sheets/Texas%20Instruments%20PDFs/DS26LS32AC,C,M,DS26LS33M.pdf"; VariantName = "[No Variations]"
Add component (AddParameter): Name = "ComponentLink2Description"; Value = "DS26LS32AC Web Page"; VariantName = "[No Variations]"
Add component (AddParameter): Name = "ComponentLink2URL"; Value = "http://www.national.com/pf/DS/DS26LS32AC.html"; VariantName = "[No Variations]"
Add component (AddParameter): Name = "ComponentLink3Description"; Value = "M16A Package Page"; VariantName = "[No Variations]"
Add component (AddParameter): Name = "ComponentLink3URL"; Value = "http://www.national.com/packaging/folders/m16a.html"; VariantName = "[No Variations]"
Add component (AddParameter): Name = "CompType"; Value = "Interface IC"; VariantName = "[No Variations]"
Add component (AddParameter): Name = "Created from"; Value = "MHlatky"; VariantName = "[No Variations]"
Add component (AddParameter): Name = "Created On"; Value = "26.01.2021 09:03:43"; VariantName = "[No Variations]"
Add component (AddParameter): Name = "DatasheetVersion"; Value = "May-1999"; VariantName = "[No Variations]"
Add component (AddParameter): Name = "Last Updated"; Value = "17.06.2021 08:32:47"; VariantName = "[No Variations]"
Add component (AddParameter): Name = "Live Cycle Status"; Value = "1"; VariantName = "[No Variations]"
Add component (AddParameter): Name = "Manufacturer"; Value = "Texas Instruments"; VariantName = "[No Variations]"
Add component (AddParameter): Name = "Manufacturer Part Number"; Value = "DS26LS32ACM"; VariantName = "[No Variations]"
Add component (AddParameter): Name = "Mounting Type"; Value = "SOIC"; VariantName = "[No Variations]"
Add component (AddParameter): Name = "Operating Temperature"; Value = "0 - 70 °C"; VariantName = "[No Variations]"
Add component (AddParameter): Name = "PackageDescription"; Value = "Molded Package, SO, .150in Wide, 16 Lead"; VariantName = "[No Variations]"
Add component (AddParameter): Name = "PackageReference"; Value = "M16A"; VariantName = "[No Variations]"
Add component (AddParameter): Name = "PackageTopMarking"; Value = "NSUZXYTTE#*DS26LS32*ACM"; VariantName = "[No Variations]"
Add component (AddParameter): Name = "PackageVersion"; Value = "revJ, Aug-1995"; VariantName = "[No Variations]"
Add component (AddParameter): Name = "PartID"; Value = "6"; VariantName = "[No Variations]"
Add component (AddParameter): Name = "PartNumber"; Value = "DS26LS32ACM"; VariantName = "[No Variations]"
Add component (AddParameter): Name = "PinCount"; Value = "16"; VariantName = "[No Variations]"
Add component (AddParameter): Name = "PowerWise"; Value = "N"; VariantName = "[No Variations]"
Add component (AddParameter): Name = "Published"; Value = "4-Dec-2008"; VariantName = "[No Variations]"
Add component (AddParameter): Name = "Publisher"; Value = "Altium Limited"; VariantName = "[No Variations]"
Add component (AddParameter): Name = "RoHS"; Value = "N"; VariantName = "[No Variations]"
Add component (AddParameter): Name = "Stock number"; Value = "not stored"; VariantName = "[No Variations]"
Add component (AddParameter): Name = "Supplier 1"; Value = "Mouser"; VariantName = "[No Variations]"
Add component (AddParameter): Name = "Supplier Part Number 1"; Value = "926-DS26LS32ACM"; VariantName = "[No Variations]"
Add component (AddParameter): Name = "Type"; Value = "Microcontroller"; VariantName = "[No Variations]"
Added Component: Designator=U3_Encoder22(SIL-6(7))
Add component (AddParameter): Name = "Component Type"; Value = "DC-DC Converter"; VariantName = "[No Variations]"
Add component (AddParameter): Name = "ComponentLink1Description"; Value = "Datasheet"; VariantName = "[No Variations]"
Add component (AddParameter): Name = "ComponentLink1URL"; Value = "https://www.tracopower.com/products/tmh.pdf"; VariantName = "[No Variations]"
Add component (AddParameter): Name = "Created from"; Value = "MHlatky"; VariantName = "[No Variations]"
Add component (AddParameter): Name = "Created On"; Value = "16.11.2021 07:44:11"; VariantName = "[No Variations]"
Add component (AddParameter): Name = "Device Package"; Value = "SIP"; VariantName = "[No Variations]"
Add component (AddParameter): Name = "Last Updated"; Value = "16.11.2021 07:44:11"; VariantName = "[No Variations]"
Add component (AddParameter): Name = "Live Cycle Status"; Value = "1"; VariantName = "[No Variations]"
Add component (AddParameter): Name = "Manufacturer"; Value = "Traco"; VariantName = "[No Variations]"
Add component (AddParameter): Name = "Manufacturer Part Number"; Value = "TMH 0505S"; VariantName = "[No Variations]"
Add component (AddParameter): Name = "Mounting Type"; Value = "SMD"; VariantName = "[No Variations]"
Add component (AddParameter): Name = "Operating Temperature"; Value = "-40 - 85 °C"; VariantName = "[No Variations]"
Add component (AddParameter): Name = "PartID"; Value = "20"; VariantName = "[No Variations]"
Add component (AddParameter): Name = "Series"; Value = "TMH"; VariantName = "[No Variations]"
Add component (AddParameter): Name = "Stock number"; Value = "not stored"; VariantName = "[No Variations]"
Add component (AddParameter): Name = "Supplier 1"; Value = "Mouser"; VariantName = "[No Variations]"
Add component (AddParameter): Name = "Supplier Part Number 1"; Value = "495-TMH-0505S"; VariantName = "[No Variations]"
Add component (AddParameter): Name = "Type"; Value = "isolated DC-DC Converter"; VariantName = "[No Variations]"
Added Component: Designator=U3_Encoder33(SIL-6(7))
Add component (AddParameter): Name = "Component Type"; Value = "DC-DC Converter"; VariantName = "[No Variations]"
Add component (AddParameter): Name = "ComponentLink1Description"; Value = "Datasheet"; VariantName = "[No Variations]"
Add component (AddParameter): Name = "ComponentLink1URL"; Value = "https://www.tracopower.com/products/tmh.pdf"; VariantName = "[No Variations]"
Add component (AddParameter): Name = "Created from"; Value = "MHlatky"; VariantName = "[No Variations]"
Add component (AddParameter): Name = "Created On"; Value = "16.11.2021 07:44:11"; VariantName = "[No Variations]"
Add component (AddParameter): Name = "Device Package"; Value = "SIP"; VariantName = "[No Variations]"
Add component (AddParameter): Name = "Last Updated"; Value = "16.11.2021 07:44:11"; VariantName = "[No Variations]"
Add component (AddParameter): Name = "Live Cycle Status"; Value = "1"; VariantName = "[No Variations]"
Add component (AddParameter): Name = "Manufacturer"; Value = "Traco"; VariantName = "[No Variations]"
Add component (AddParameter): Name = "Manufacturer Part Number"; Value = "TMH 0505S"; VariantName = "[No Variations]"
Add component (AddParameter): Name = "Mounting Type"; Value = "SMD"; VariantName = "[No Variations]"
Add component (AddParameter): Name = "Operating Temperature"; Value = "-40 - 85 °C"; VariantName = "[No Variations]"
Add component (AddParameter): Name = "PartID"; Value = "20"; VariantName = "[No Variations]"
Add component (AddParameter): Name = "Series"; Value = "TMH"; VariantName = "[No Variations]"
Add component (AddParameter): Name = "Stock number"; Value = "not stored"; VariantName = "[No Variations]"
Add component (AddParameter): Name = "Supplier 1"; Value = "Mouser"; VariantName = "[No Variations]"
Add component (AddParameter): Name = "Supplier Part Number 1"; Value = "495-TMH-0505S"; VariantName = "[No Variations]"
Add component (AddParameter): Name = "Type"; Value = "isolated DC-DC Converter"; VariantName = "[No Variations]"
Added Component: Designator=X5_Encoder22(HDR1X8)
Add component (AddParameter): Name = "Component Type"; Value = "Pin Header"; VariantName = "[No Variations]"
Add component (AddParameter): Name = "ComponentLink1Description"; Value = "Datasheet"; VariantName = "[No Variations]"
Add component (AddParameter): Name = "Created from"; Value = "MHlatky"; VariantName = "[No Variations]"
Add component (AddParameter): Name = "Created On"; Value = "22.11.2021 15:31:45"; VariantName = "[No Variations]"
Add component (AddParameter): Name = "Last Updated"; Value = "20.12.2021 07:38:08"; VariantName = "[No Variations]"
Add component (AddParameter): Name = "Live Cycle Status"; Value = "1"; VariantName = "[No Variations]"
Add component (AddParameter): Name = "Manufacturer Part Number"; Value = "HDR1X8"; VariantName = "[No Variations]"
Add component (AddParameter): Name = "PartID"; Value = "9"; VariantName = "[No Variations]"
Add component (AddParameter): Name = "Stock number"; Value = "not stored"; VariantName = "[No Variations]"
Add component (AddParameter): Name = "Supplier 1"; Value = "Altium"; VariantName = "[No Variations]"
Add component (AddParameter): Name = "Supplier Part Number 1"; Value = "HDR1X8"; VariantName = "[No Variations]"
Add component (AddParameter): Name = "Type"; Value = "Pin Header"; VariantName = "[No Variations]"
Added Component: Designator=X5_Encoder33(HDR1X8)
Add component (AddParameter): Name = "Component Type"; Value = "Pin Header"; VariantName = "[No Variations]"
Add component (AddParameter): Name = "ComponentLink1Description"; Value = "Datasheet"; VariantName = "[No Variations]"
Add component (AddParameter): Name = "Created from"; Value = "MHlatky"; VariantName = "[No Variations]"
Add component (AddParameter): Name = "Created On"; Value = "22.11.2021 15:31:45"; VariantName = "[No Variations]"
Add component (AddParameter): Name = "Last Updated"; Value = "20.12.2021 07:38:08"; VariantName = "[No Variations]"
Add component (AddParameter): Name = "Live Cycle Status"; Value = "1"; VariantName = "[No Variations]"
Add component (AddParameter): Name = "Manufacturer Part Number"; Value = "HDR1X8"; VariantName = "[No Variations]"
Add component (AddParameter): Name = "PartID"; Value = "9"; VariantName = "[No Variations]"
Add component (AddParameter): Name = "Stock number"; Value = "not stored"; VariantName = "[No Variations]"
Add component (AddParameter): Name = "Supplier 1"; Value = "Altium"; VariantName = "[No Variations]"
Add component (AddParameter): Name = "Supplier Part Number 1"; Value = "HDR1X8"; VariantName = "[No Variations]"
Add component (AddParameter): Name = "Type"; Value = "Pin Header"; VariantName = "[No Variations]"
Added Pin To Net: NetName=GND Pin=C2_Encoder22-1
Added Pin To Net: NetName=3V3_PER_fused Pin=C2_Encoder22-2
Added Pin To Net: NetName=GND Pin=C2_Encoder33-1
Added Pin To Net: NetName=3V3_PER_fused Pin=C2_Encoder33-2
Added Pin To Net: NetName=GND Pin=U1_Encoder22-9
Added Pin To Net: NetName=3V3_PER_fused Pin=U1_Encoder22-10
Added Pin To Net: NetName=DIG_IO_15 Pin=U1_Encoder22-14
Added Pin To Net: NetName=GND Pin=U1_Encoder22-15
Added Pin To Net: NetName=3V3_PER_fused Pin=U1_Encoder22-16
Added Pin To Net: NetName=GND Pin=U1_Encoder33-9
Added Pin To Net: NetName=3V3_PER_fused Pin=U1_Encoder33-10
Added Pin To Net: NetName=DIG_IO_18 Pin=U1_Encoder33-14
Added Pin To Net: NetName=GND Pin=U1_Encoder33-15
Added Pin To Net: NetName=3V3_PER_fused Pin=U1_Encoder33-16
Added Pin To Net: NetName=5V_PER_fused Pin=U3_Encoder22-1
Added Pin To Net: NetName=GND Pin=U3_Encoder22-2
Added Pin To Net: NetName=5V_PER_fused Pin=U3_Encoder33-1
Added Pin To Net: NetName=GND Pin=U3_Encoder33-2
Change Net Name : Old Net Name=A+_CH1 New Net Name=A+_Encoder11
Change Net Name : Old Net Name=A-_CH1 New Net Name=A-_Encoder11
Change Net Name : Old Net Name=A_encoder1 New Net Name=A_encoder_Encoder11
Change Net Name : Old Net Name=A_single_CH1 New Net Name=A_single_Encoder11
Change Net Name : Old Net Name=B+_CH1 New Net Name=B+_Encoder11
Change Net Name : Old Net Name=B-_CH1 New Net Name=B-_Encoder11
Change Net Name : Old Net Name=B_encoder1 New Net Name=B_encoder_Encoder11
Change Net Name : Old Net Name=B_single_CH1 New Net Name=B_single_Encoder11
Change Net Name : Old Net Name=GND_ENC_CH1 New Net Name=GND_ENC_Encoder11
Change Net Name : Old Net Name=NetC3_1 New Net Name=NetC3_Encoder11_1
Change Net Name : Old Net Name=NetC4_1 New Net Name=NetC4_Encoder11_1
Change Net Name : Old Net Name=NetC6_1 New Net Name=NetC6_Encoder11_1
Change Net Name : Old Net Name=VCC_ENC_CH1 New Net Name=VCC_ENC_Encoder11
Change Net Name : Old Net Name=Z+_CH1 New Net Name=Z+_Encoder11
Change Net Name : Old Net Name=Z-_CH1 New Net Name=Z-_Encoder11
Change Net Name : Old Net Name=Z_single_CH1 New Net Name=Z_single_Encoder11
Added Pin To Net: NetName=A+_Encoder22 Pin=J1_Encoder22-3
Added Pin To Net: NetName=A+_Encoder22 Pin=R1_Encoder22-1
Added Pin To Net: NetName=A+_Encoder22 Pin=R4_Encoder22-1
Added Pin To Net: NetName=A+_Encoder22 Pin=U2_Encoder22-2
Added Pin To Net: NetName=A+_Encoder22 Pin=X5_Encoder22-5
Added Net: Name=A+_Encoder22
Added Pin To Net: NetName=A+_Encoder33 Pin=J1_Encoder33-3
Added Pin To Net: NetName=A+_Encoder33 Pin=R1_Encoder33-1
Added Pin To Net: NetName=A+_Encoder33 Pin=R4_Encoder33-1
Added Pin To Net: NetName=A+_Encoder33 Pin=U2_Encoder33-2
Added Pin To Net: NetName=A+_Encoder33 Pin=X5_Encoder33-5
Added Net: Name=A+_Encoder33
Added Pin To Net: NetName=A-_Encoder22 Pin=C3_Encoder22-2
Added Pin To Net: NetName=A-_Encoder22 Pin=J1_Encoder22-4
Added Pin To Net: NetName=A-_Encoder22 Pin=R4_Encoder22-2
Added Pin To Net: NetName=A-_Encoder22 Pin=U2_Encoder22-1
Added Pin To Net: NetName=A-_Encoder22 Pin=X5_Encoder22-6
Added Net: Name=A-_Encoder22
Added Pin To Net: NetName=A-_Encoder33 Pin=C3_Encoder33-2
Added Pin To Net: NetName=A-_Encoder33 Pin=J1_Encoder33-4
Added Pin To Net: NetName=A-_Encoder33 Pin=R4_Encoder33-2
Added Pin To Net: NetName=A-_Encoder33 Pin=U2_Encoder33-1
Added Pin To Net: NetName=A-_Encoder33 Pin=X5_Encoder33-6
Added Net: Name=A-_Encoder33
Added Pin To Net: NetName=A_encoder_Encoder22 Pin=U1_Encoder22-12
Added Pin To Net: NetName=A_encoder_Encoder22 Pin=X1-50
Added Pin To Net: NetName=A_encoder_Encoder22 Pin=X2-28
Added Net: Name=A_encoder_Encoder22
Added Pin To Net: NetName=A_encoder_Encoder33 Pin=U1_Encoder33-12
Added Pin To Net: NetName=A_encoder_Encoder33 Pin=X1-57
Added Pin To Net: NetName=A_encoder_Encoder33 Pin=X3-02
Added Net: Name=A_encoder_Encoder33
Added Pin To Net: NetName=A_single_Encoder22 Pin=U1_Encoder22-5
Added Pin To Net: NetName=A_single_Encoder22 Pin=U2_Encoder22-3
Added Net: Name=A_single_Encoder22
Added Pin To Net: NetName=A_single_Encoder33 Pin=U1_Encoder33-5
Added Pin To Net: NetName=A_single_Encoder33 Pin=U2_Encoder33-3
Added Net: Name=A_single_Encoder33
Added Pin To Net: NetName=B+_Encoder22 Pin=J1_Encoder22-8
Added Pin To Net: NetName=B+_Encoder22 Pin=R2_Encoder22-1
Added Pin To Net: NetName=B+_Encoder22 Pin=R4_Encoder22-3
Added Pin To Net: NetName=B+_Encoder22 Pin=U2_Encoder22-14
Added Pin To Net: NetName=B+_Encoder22 Pin=X5_Encoder22-3
Added Net: Name=B+_Encoder22
Added Pin To Net: NetName=B+_Encoder33 Pin=J1_Encoder33-8
Added Pin To Net: NetName=B+_Encoder33 Pin=R2_Encoder33-1
Added Pin To Net: NetName=B+_Encoder33 Pin=R4_Encoder33-3
Added Pin To Net: NetName=B+_Encoder33 Pin=U2_Encoder33-14
Added Pin To Net: NetName=B+_Encoder33 Pin=X5_Encoder33-3
Added Net: Name=B+_Encoder33
Added Pin To Net: NetName=B-_Encoder22 Pin=C4_Encoder22-2
Added Pin To Net: NetName=B-_Encoder22 Pin=J1_Encoder22-7
Added Pin To Net: NetName=B-_Encoder22 Pin=R4_Encoder22-4
Added Pin To Net: NetName=B-_Encoder22 Pin=U2_Encoder22-15
Added Pin To Net: NetName=B-_Encoder22 Pin=X5_Encoder22-4
Added Net: Name=B-_Encoder22
Added Pin To Net: NetName=B-_Encoder33 Pin=C4_Encoder33-2
Added Pin To Net: NetName=B-_Encoder33 Pin=J1_Encoder33-7
Added Pin To Net: NetName=B-_Encoder33 Pin=R4_Encoder33-4
Added Pin To Net: NetName=B-_Encoder33 Pin=U2_Encoder33-15
Added Pin To Net: NetName=B-_Encoder33 Pin=X5_Encoder33-4
Added Net: Name=B-_Encoder33
Added Pin To Net: NetName=B_encoder_Encoder22 Pin=U1_Encoder22-13
Added Pin To Net: NetName=B_encoder_Encoder22 Pin=X1-49
Added Pin To Net: NetName=B_encoder_Encoder22 Pin=X2-23
Added Net: Name=B_encoder_Encoder22
Added Pin To Net: NetName=B_encoder_Encoder33 Pin=U1_Encoder33-13
Added Pin To Net: NetName=B_encoder_Encoder33 Pin=X1-54
Added Pin To Net: NetName=B_encoder_Encoder33 Pin=X2-29
Added Net: Name=B_encoder_Encoder33
Added Pin To Net: NetName=B_single_Encoder22 Pin=U1_Encoder22-4
Added Pin To Net: NetName=B_single_Encoder22 Pin=U2_Encoder22-13
Added Net: Name=B_single_Encoder22
Added Pin To Net: NetName=B_single_Encoder33 Pin=U1_Encoder33-4
Added Pin To Net: NetName=B_single_Encoder33 Pin=U2_Encoder33-13
Added Net: Name=B_single_Encoder33
Add Net: Net with name "Collective_FLT" already exists
Add Net: Net with name "CPLD_DigIn_01" already exists
Add Net: Net with name "CPLD_DigIn_02" already exists
Add Net: Net with name "CPLD_DigOut_01" already exists
Add Net: Net with name "CPLD_DigOut_02" already exists
Add Net: Net with name "DIG_Res_00" already exists
Add Net: Net with name "DIG_Res_01" already exists
Add Net: Net with name "DIG_Res_02" already exists
Add Net: Net with name "DIG_Res_03" already exists
Add Net: Net with name "DIG_Res_04" already exists
Add Net: Net with name "DIG_Res_05" already exists
Add Net: Net with name "DIG_Res_06" already exists
Add Net: Net with name "DIG_Res_07" already exists
Add Net: Net with name "DIG_Res_08" already exists
Added Pin To Net: NetName=GND_ENC_Encoder22 Pin=C1_Encoder22-1
Added Pin To Net: NetName=GND_ENC_Encoder22 Pin=C5_Encoder22-2
Added Pin To Net: NetName=GND_ENC_Encoder22 Pin=J1_Encoder22-1
Added Pin To Net: NetName=GND_ENC_Encoder22 Pin=U1_Encoder22-2
Added Pin To Net: NetName=GND_ENC_Encoder22 Pin=U1_Encoder22-8
Added Pin To Net: NetName=GND_ENC_Encoder22 Pin=U2_Encoder22-8
Added Pin To Net: NetName=GND_ENC_Encoder22 Pin=U2_Encoder22-9
Added Pin To Net: NetName=GND_ENC_Encoder22 Pin=U2_Encoder22-10
Added Pin To Net: NetName=GND_ENC_Encoder22 Pin=U2_Encoder22-12
Added Pin To Net: NetName=GND_ENC_Encoder22 Pin=U3_Encoder22-4
Added Pin To Net: NetName=GND_ENC_Encoder22 Pin=X5_Encoder22-8
Added Net: Name=GND_ENC_Encoder22
Added Pin To Net: NetName=GND_ENC_Encoder33 Pin=C1_Encoder33-1
Added Pin To Net: NetName=GND_ENC_Encoder33 Pin=C5_Encoder33-2
Added Pin To Net: NetName=GND_ENC_Encoder33 Pin=J1_Encoder33-1
Added Pin To Net: NetName=GND_ENC_Encoder33 Pin=U1_Encoder33-2
Added Pin To Net: NetName=GND_ENC_Encoder33 Pin=U1_Encoder33-8
Added Pin To Net: NetName=GND_ENC_Encoder33 Pin=U2_Encoder33-8
Added Pin To Net: NetName=GND_ENC_Encoder33 Pin=U2_Encoder33-9
Added Pin To Net: NetName=GND_ENC_Encoder33 Pin=U2_Encoder33-10
Added Pin To Net: NetName=GND_ENC_Encoder33 Pin=U2_Encoder33-12
Added Pin To Net: NetName=GND_ENC_Encoder33 Pin=U3_Encoder33-4
Added Pin To Net: NetName=GND_ENC_Encoder33 Pin=X5_Encoder33-8
Added Net: Name=GND_ENC_Encoder33
Add Net: Net with name "I2C0_SCA" already exists
Add Net: Net with name "I2C0_SCL" already exists
Added Pin To Net: NetName=NetC3_Encoder22_1 Pin=C3_Encoder22-1
Added Pin To Net: NetName=NetC3_Encoder22_1 Pin=R1_Encoder22-2
Added Net: Name=NetC3_Encoder22_1
Added Pin To Net: NetName=NetC3_Encoder33_1 Pin=C3_Encoder33-1
Added Pin To Net: NetName=NetC3_Encoder33_1 Pin=R1_Encoder33-2
Added Net: Name=NetC3_Encoder33_1
Added Pin To Net: NetName=NetC4_Encoder22_1 Pin=C4_Encoder22-1
Added Pin To Net: NetName=NetC4_Encoder22_1 Pin=R2_Encoder22-2
Added Net: Name=NetC4_Encoder22_1
Added Pin To Net: NetName=NetC4_Encoder33_1 Pin=C4_Encoder33-1
Added Pin To Net: NetName=NetC4_Encoder33_1 Pin=R2_Encoder33-2
Added Net: Name=NetC4_Encoder33_1
Added Pin To Net: NetName=NetC6_Encoder22_1 Pin=C6_Encoder22-1
Added Pin To Net: NetName=NetC6_Encoder22_1 Pin=R3_Encoder22-2
Added Net: Name=NetC6_Encoder22_1
Added Pin To Net: NetName=NetC6_Encoder33_1 Pin=C6_Encoder33-1
Added Pin To Net: NetName=NetC6_Encoder33_1 Pin=R3_Encoder33-2
Added Net: Name=NetC6_Encoder33_1
Add Net: Net with name "PILOT_IN" already exists
Add Net: Net with name "PILOT_OUT" already exists
Added Pin To Net: NetName=VCC_ENC_Encoder22 Pin=C1_Encoder22-2
Added Pin To Net: NetName=VCC_ENC_Encoder22 Pin=C5_Encoder22-1
Added Pin To Net: NetName=VCC_ENC_Encoder22 Pin=J1_Encoder22-2
Added Pin To Net: NetName=VCC_ENC_Encoder22 Pin=R4_Encoder22-9
Added Pin To Net: NetName=VCC_ENC_Encoder22 Pin=R4_Encoder22-10
Added Pin To Net: NetName=VCC_ENC_Encoder22 Pin=R4_Encoder22-11
Added Pin To Net: NetName=VCC_ENC_Encoder22 Pin=R4_Encoder22-12
Added Pin To Net: NetName=VCC_ENC_Encoder22 Pin=R4_Encoder22-13
Added Pin To Net: NetName=VCC_ENC_Encoder22 Pin=R4_Encoder22-14
Added Pin To Net: NetName=VCC_ENC_Encoder22 Pin=R4_Encoder22-15
Added Pin To Net: NetName=VCC_ENC_Encoder22 Pin=R4_Encoder22-16
Added Pin To Net: NetName=VCC_ENC_Encoder22 Pin=U1_Encoder22-1
Added Pin To Net: NetName=VCC_ENC_Encoder22 Pin=U2_Encoder22-4
Added Pin To Net: NetName=VCC_ENC_Encoder22 Pin=U2_Encoder22-16
Added Pin To Net: NetName=VCC_ENC_Encoder22 Pin=U3_Encoder22-6
Added Pin To Net: NetName=VCC_ENC_Encoder22 Pin=X5_Encoder22-7
Added Net: Name=VCC_ENC_Encoder22
Added Pin To Net: NetName=VCC_ENC_Encoder33 Pin=C1_Encoder33-2
Added Pin To Net: NetName=VCC_ENC_Encoder33 Pin=C5_Encoder33-1
Added Pin To Net: NetName=VCC_ENC_Encoder33 Pin=J1_Encoder33-2
Added Pin To Net: NetName=VCC_ENC_Encoder33 Pin=R4_Encoder33-9
Added Pin To Net: NetName=VCC_ENC_Encoder33 Pin=R4_Encoder33-10
Added Pin To Net: NetName=VCC_ENC_Encoder33 Pin=R4_Encoder33-11
Added Pin To Net: NetName=VCC_ENC_Encoder33 Pin=R4_Encoder33-12
Added Pin To Net: NetName=VCC_ENC_Encoder33 Pin=R4_Encoder33-13
Added Pin To Net: NetName=VCC_ENC_Encoder33 Pin=R4_Encoder33-14
Added Pin To Net: NetName=VCC_ENC_Encoder33 Pin=R4_Encoder33-15
Added Pin To Net: NetName=VCC_ENC_Encoder33 Pin=R4_Encoder33-16
Added Pin To Net: NetName=VCC_ENC_Encoder33 Pin=U1_Encoder33-1
Added Pin To Net: NetName=VCC_ENC_Encoder33 Pin=U2_Encoder33-4
Added Pin To Net: NetName=VCC_ENC_Encoder33 Pin=U2_Encoder33-16
Added Pin To Net: NetName=VCC_ENC_Encoder33 Pin=U3_Encoder33-6
Added Pin To Net: NetName=VCC_ENC_Encoder33 Pin=X5_Encoder33-7
Added Net: Name=VCC_ENC_Encoder33
Added Pin To Net: NetName=Z+_Encoder22 Pin=J1_Encoder22-5
Added Pin To Net: NetName=Z+_Encoder22 Pin=R3_Encoder22-1
Added Pin To Net: NetName=Z+_Encoder22 Pin=R4_Encoder22-5
Added Pin To Net: NetName=Z+_Encoder22 Pin=U2_Encoder22-6
Added Pin To Net: NetName=Z+_Encoder22 Pin=X5_Encoder22-1
Added Net: Name=Z+_Encoder22
Added Pin To Net: NetName=Z+_Encoder33 Pin=J1_Encoder33-5
Added Pin To Net: NetName=Z+_Encoder33 Pin=R3_Encoder33-1
Added Pin To Net: NetName=Z+_Encoder33 Pin=R4_Encoder33-5
Added Pin To Net: NetName=Z+_Encoder33 Pin=U2_Encoder33-6
Added Pin To Net: NetName=Z+_Encoder33 Pin=X5_Encoder33-1
Added Net: Name=Z+_Encoder33
Added Pin To Net: NetName=Z-_Encoder22 Pin=C6_Encoder22-2
Added Pin To Net: NetName=Z-_Encoder22 Pin=J1_Encoder22-9
Added Pin To Net: NetName=Z-_Encoder22 Pin=R4_Encoder22-6
Added Pin To Net: NetName=Z-_Encoder22 Pin=U2_Encoder22-7
Added Pin To Net: NetName=Z-_Encoder22 Pin=X5_Encoder22-2
Added Net: Name=Z-_Encoder22
Added Pin To Net: NetName=Z-_Encoder33 Pin=C6_Encoder33-2
Added Pin To Net: NetName=Z-_Encoder33 Pin=J1_Encoder33-9
Added Pin To Net: NetName=Z-_Encoder33 Pin=R4_Encoder33-6
Added Pin To Net: NetName=Z-_Encoder33 Pin=U2_Encoder33-7
Added Pin To Net: NetName=Z-_Encoder33 Pin=X5_Encoder33-2
Added Net: Name=Z-_Encoder33
Added Pin To Net: NetName=Z_single_Encoder22 Pin=U1_Encoder22-3
Added Pin To Net: NetName=Z_single_Encoder22 Pin=U2_Encoder22-5
Added Net: Name=Z_single_Encoder22
Added Pin To Net: NetName=Z_single_Encoder33 Pin=U1_Encoder33-3
Added Pin To Net: NetName=Z_single_Encoder33 Pin=U2_Encoder33-5
Added Net: Name=Z_single_Encoder33
Added Class: Name=Encoder
Added Member To Class: ClassName=Encoder2 Member=Component C1_Encoder22 (C1) 0.1 µF
Added Member To Class: ClassName=Encoder3 Member=Component C1_Encoder33 (C1) 0.1 µF
Added Member To Class: ClassName=Encoder2 Member=Component C2_Encoder22 (C2) 0.1 µF
Added Member To Class: ClassName=Encoder3 Member=Component C2_Encoder33 (C2) 0.1 µF
Added Member To Class: ClassName=Encoder2 Member=Component C3_Encoder22 (C3) 0.01 µF
Added Member To Class: ClassName=Encoder3 Member=Component C3_Encoder33 (C3) 0.01 µF
Added Member To Class: ClassName=Encoder2 Member=Component C4_Encoder22 (C4) 0.01 µF
Added Member To Class: ClassName=Encoder3 Member=Component C4_Encoder33 (C4) 0.01 µF
Added Member To Class: ClassName=Encoder2 Member=Component C5_Encoder22 (C5) 10 µF
Added Member To Class: ClassName=Encoder3 Member=Component C5_Encoder33 (C5) 10 µF
Added Member To Class: ClassName=Encoder2 Member=Component C6_Encoder22 (C6) 0.01 µF
Added Member To Class: ClassName=Encoder3 Member=Component C6_Encoder33 (C6) 0.01 µF
Added Member To Class: ClassName=Encoder2 Member=Component J1_Encoder22 (J1) DSUB1.385-2H9
Added Member To Class: ClassName=Encoder3 Member=Component J1_Encoder33 (J1) DSUB1.385-2H9
Added Member To Class: ClassName=Encoder2 Member=Component R1_Encoder22 (R1) 120R
Added Member To Class: ClassName=Encoder3 Member=Component R1_Encoder33 (R1) 120R
Added Member To Class: ClassName=Encoder2 Member=Component R2_Encoder22 (R2) 120R
Added Member To Class: ClassName=Encoder3 Member=Component R2_Encoder33 (R2) 120R
Added Member To Class: ClassName=Encoder2 Member=Component R3_Encoder22 (R3) 120R
Added Member To Class: ClassName=Encoder3 Member=Component R3_Encoder33 (R3) 120R
Added Member To Class: ClassName=Encoder2 Member=Component R4_Encoder22 (R4) Res Pack3
Added Member To Class: ClassName=Encoder3 Member=Component R4_Encoder33 (R4) Res Pack3
Added Member To Class: ClassName=Encoder2 Member=Component U1_Encoder22 (U1) ISO7230MDW
Added Member To Class: ClassName=Encoder3 Member=Component U1_Encoder33 (U1) ISO7230MDW
Added Member To Class: ClassName=Encoder2 Member=Component U2_Encoder22 (U2) DS26LS32ACM
Added Member To Class: ClassName=Encoder3 Member=Component U2_Encoder33 (U2) DS26LS32ACM
Added Member To Class: ClassName=Encoder2 Member=Component U3_Encoder22 (U3) TMH 0505S
Added Member To Class: ClassName=Encoder3 Member=Component U3_Encoder33 (U3) TMH 0505S
Added Member To Class: ClassName=Encoder2 Member=Component X5_Encoder22 (X5) Pin Header
Added Member To Class: ClassName=Encoder3 Member=Component X5_Encoder33 (X5) Pin Header
