Removed Pin From Net: NetName=Z_single_1 Pin=U1_1-3
Removed Pin From Net: NetName=A_single_1 Pin=U1_1-5
Removed Pin From Net: NetName=A_encoder_1 Pin=U1_1-12
Removed Pin From Net: NetName=DIG_IO_12 Pin=U1_1-14
Removed Pin From Net: NetName=Z_single_2 Pin=U1_2-3
Removed Pin From Net: NetName=A_single_2 Pin=U1_2-5
Removed Pin From Net: NetName=A_encoder_2 Pin=U1_2-12
Removed Pin From Net: NetName=DIG_IO_15 Pin=U1_2-14
Removed Pin From Net: NetName=Z_single_3 Pin=U1_3-3
Removed Pin From Net: NetName=A_single_3 Pin=U1_3-5
Removed Pin From Net: NetName=A_encoder_3 Pin=U1_3-12
Removed Pin From Net: NetName=DIG_IO_18 Pin=U1_3-14
Added Pin To Net: NetName=A_single_1 Pin=U1_1-3
Added Pin To Net: NetName=Z_single_1 Pin=U1_1-5
Added Pin To Net: NetName=DIG_IO_12 Pin=U1_1-12
Added Pin To Net: NetName=A_encoder_1 Pin=U1_1-14
Added Pin To Net: NetName=A_single_2 Pin=U1_2-3
Added Pin To Net: NetName=Z_single_2 Pin=U1_2-5
Added Pin To Net: NetName=DIG_IO_15 Pin=U1_2-12
Added Pin To Net: NetName=A_encoder_2 Pin=U1_2-14
Added Pin To Net: NetName=A_single_3 Pin=U1_3-3
Added Pin To Net: NetName=Z_single_3 Pin=U1_3-5
Added Pin To Net: NetName=DIG_IO_18 Pin=U1_3-12
Added Pin To Net: NetName=A_encoder_3 Pin=U1_3-14
