Removed Pin From Net: NetName=DIG_Res_00 Pin=X3-09
Removed Pin From Net: NetName=DIG_Res_01 Pin=X3-12
Removed Pin From Net: NetName=DIG_Res_02 Pin=X3-15
Removed Pin From Net: NetName=DIG_Res_07 Pin=X3-16
Removed Pin From Net: NetName=DIG_Res_08 Pin=X3-17
Removed Pin From Net: NetName=DIG_Res_03 Pin=X3-18
Removed Pin From Net: NetName=CPLD_DigIn_01 Pin=X3-19
Removed Pin From Net: NetName=CPLD_DigOut_01 Pin=X3-20
Removed Pin From Net: NetName=DIG_Res_04 Pin=X3-21
Removed Pin From Net: NetName=CPLD_DigIn_02 Pin=X3-22
Removed Pin From Net: NetName=CPLD_DigOut_02 Pin=X3-23
Removed Pin From Net: NetName=DIG_Res_05 Pin=X3-24
Removed Pin From Net: NetName=I2C0_SCL Pin=X3-25
Removed Pin From Net: NetName=I2C0_SCA Pin=X3-26
Removed Pin From Net: NetName=DIG_Res_06 Pin=X3-27
Removed Pin From Net: NetName=Collective_FLT Pin=X3-30
Added Pin To Net: NetName=DIG_Res_08 Pin=X1-77
Added Pin To Net: NetName=DIG_Res_00 Pin=X1-78
Added Pin To Net: NetName=DIG_Res_01 Pin=X1-79
Added Pin To Net: NetName=DIG_Res_02 Pin=X1-80
Added Pin To Net: NetName=CPLD_DigIn_01 Pin=X1-83
Added Pin To Net: NetName=CPLD_DigOut_01 Pin=X1-84
Added Pin To Net: NetName=CPLD_DigIn_02 Pin=X1-85
Added Pin To Net: NetName=CPLD_DigOut_02 Pin=X1-86
Added Pin To Net: NetName=I2C0_SCL Pin=X1-89
Added Pin To Net: NetName=I2C0_SCA Pin=X1-90
Added Pin To Net: NetName=DIG_Res_03 Pin=X1-91
Added Pin To Net: NetName=DIG_Res_04 Pin=X1-92
Added Pin To Net: NetName=DIG_Res_05 Pin=X1-93
Added Pin To Net: NetName=DIG_Res_06 Pin=X1-94
Added Pin To Net: NetName=DIG_Res_07 Pin=X1-95
Added Pin To Net: NetName=Collective_FLT Pin=X1-96
