Remove Pin=X1-5 From Net=VIN
Remove Pin=X1-6 From Net=VIN
Remove Pin=X1-9 From Net=5V_PER
Remove Pin=X1-10 From Net=5V_PER
Remove Pin=X1-13 From Net=3V3_PER
Remove Pin=X1-14 From Net=3V3_PER
Remove Pin=X1-17 From Net=DIG_IO_01
Remove Pin=X1-18 From Net=DIG_IO_02
Remove Pin=X1-21 From Net=DIG_IO_03
Remove Pin=X1-22 From Net=DIG_IO_04
Remove Pin=X1-25 From Net=DIG_IO_05
Remove Pin=X1-26 From Net=DIG_IO_06
Remove Pin=X1-29 From Net=DIG_IO_07
Remove Pin=X1-30 From Net=DIG_IO_08
Remove Pin=X1-33 From Net=DIG_IO_09
Remove Pin=X1-34 From Net=DIG_IO_10
Remove Pin=X1-37 From Net=DIG_IO_11
Remove Pin=X1-38 From Net=DIG_IO_12
Remove Pin=X1-41 From Net=DIG_IO_13
Remove Pin=X1-42 From Net=DIG_IO_14
Remove Pin=X1-45 From Net=DIG_IO_15
Remove Pin=X1-46 From Net=DIG_IO_16
Remove Pin=X1-49 From Net=DIG_IO_17
Remove Pin=X1-50 From Net=DIG_IO_18
Remove Pin=X1-53 From Net=DIG_IO_19
Remove Pin=X1-54 From Net=DIG_IO_20
Remove Pin=X1-57 From Net=DIG_IO_21
Remove Pin=X1-58 From Net=DIG_IO_22
Remove Pin=X1-61 From Net=DIG_IO_23
Remove Pin=X1-62 From Net=DIG_IO_24
Remove Pin=X1-65 From Net=DIG_IO_25
Remove Pin=X1-66 From Net=DIG_IO_26
Remove Pin=X1-69 From Net=DIG_IO_27
Remove Pin=X1-70 From Net=DIG_IO_28
Remove Pin=X1-73 From Net=DIG_IO_29
Remove Pin=X1-74 From Net=DIG_IO_30
Remove Pin=X1-77 From Net=PS_DIG_GPIO_01
Remove Pin=X1-78 From Net=PS_DIG_GPIO_02
Remove Pin=X1-79 From Net=DIG_Res_01
Remove Pin=X1-80 From Net=DIG_Res_02
Remove Pin=X1-83 From Net=CPLD_DigIn_01
Remove Pin=X1-84 From Net=CPLD_DigOut_01
Remove Pin=X1-85 From Net=CPLD_DigIn_02
Remove Pin=X1-86 From Net=CPLD_DigOut_02
Remove Pin=X1-89 From Net=I2C0_SCL
Remove Pin=X1-90 From Net=I2C0_SCA
Remove Pin=X1-91 From Net=DIG_Res_03
Remove Pin=X1-92 From Net=DIG_Res_04
Remove Pin=X1-93 From Net=DIG_Res_05
Remove Pin=X1-94 From Net=DIG_Res_06
Remove Pin=X1-95 From Net=DIG_Res_07
Remove Pin=X1-96 From Net=Collective_FLT
