Removed Pin From Net: NetName=GND_ENC Pin=C1-1
Removed Pin From Net: NetName=VCC_ENC Pin=C1-2
Removed Pin From Net: NetName=GND_ENC Pin=C1_2-1
Removed Pin From Net: NetName=VCC_ENC Pin=C1_2-2
Removed Pin From Net: NetName=GND_ENC Pin=C1_3-1
Removed Pin From Net: NetName=VCC_ENC Pin=C1_3-2
Removed Pin From Net: NetName=GND Pin=C2-1
Removed Pin From Net: NetName=3V3_PER_fused Pin=C2-2
Removed Pin From Net: NetName=GND Pin=C2_2-1
Removed Pin From Net: NetName=3V3_PER_fused Pin=C2_2-2
Removed Pin From Net: NetName=GND Pin=C2_3-1
Removed Pin From Net: NetName=3V3_PER_fused Pin=C2_3-2
Removed Pin From Net: NetName=VCC_ENC Pin=C5-1
Removed Pin From Net: NetName=GND_ENC Pin=C5-2
Removed Pin From Net: NetName=VCC_ENC Pin=C5_2-1
Removed Pin From Net: NetName=GND_ENC Pin=C5_2-2
Removed Pin From Net: NetName=VCC_ENC Pin=C5_3-1
Removed Pin From Net: NetName=GND_ENC Pin=C5_3-2
Removed Pin From Net: NetName=GND_ENC Pin=J1-1
Removed Pin From Net: NetName=VCC_ENC Pin=J1-2
Removed Pin From Net: NetName=GND_ENC Pin=J1_2-1
Removed Pin From Net: NetName=VCC_ENC Pin=J1_2-2
Removed Pin From Net: NetName=GND_ENC Pin=J1_3-1
Removed Pin From Net: NetName=VCC_ENC Pin=J1_3-2
Removed Pin From Net: NetName=VCC_ENC Pin=P1-7
Removed Pin From Net: NetName=GND_ENC Pin=P1-8
Removed Pin From Net: NetName=VCC_ENC Pin=P1_2-7
Removed Pin From Net: NetName=GND_ENC Pin=P1_2-8
Removed Pin From Net: NetName=VCC_ENC Pin=P1_3-7
Removed Pin From Net: NetName=GND_ENC Pin=P1_3-8
Removed Pin From Net: NetName=VCC_ENC Pin=R4-9
Removed Pin From Net: NetName=VCC_ENC Pin=R4-10
Removed Pin From Net: NetName=VCC_ENC Pin=R4-11
Removed Pin From Net: NetName=VCC_ENC Pin=R4-12
Removed Pin From Net: NetName=VCC_ENC Pin=R4-13
Removed Pin From Net: NetName=VCC_ENC Pin=R4-14
Removed Pin From Net: NetName=VCC_ENC Pin=R4-15
Removed Pin From Net: NetName=VCC_ENC Pin=R4-16
Removed Pin From Net: NetName=VCC_ENC Pin=R4_2-9
Removed Pin From Net: NetName=VCC_ENC Pin=R4_2-10
Removed Pin From Net: NetName=VCC_ENC Pin=R4_2-11
Removed Pin From Net: NetName=VCC_ENC Pin=R4_2-12
Removed Pin From Net: NetName=VCC_ENC Pin=R4_2-13
Removed Pin From Net: NetName=VCC_ENC Pin=R4_2-14
Removed Pin From Net: NetName=VCC_ENC Pin=R4_2-15
Removed Pin From Net: NetName=VCC_ENC Pin=R4_2-16
Removed Pin From Net: NetName=VCC_ENC Pin=R4_3-9
Removed Pin From Net: NetName=VCC_ENC Pin=R4_3-10
Removed Pin From Net: NetName=VCC_ENC Pin=R4_3-11
Removed Pin From Net: NetName=VCC_ENC Pin=R4_3-12
Removed Pin From Net: NetName=VCC_ENC Pin=R4_3-13
Removed Pin From Net: NetName=VCC_ENC Pin=R4_3-14
Removed Pin From Net: NetName=VCC_ENC Pin=R4_3-15
Removed Pin From Net: NetName=VCC_ENC Pin=R4_3-16
Removed Pin From Net: NetName=VCC_ENC Pin=U1-1
Removed Pin From Net: NetName=GND_ENC Pin=U1-2
Removed Pin From Net: NetName=GND_ENC Pin=U1-8
Removed Pin From Net: NetName=GND Pin=U1-9
Removed Pin From Net: NetName=3V3_PER_fused Pin=U1-10
Removed Pin From Net: NetName=GND Pin=U1-15
Removed Pin From Net: NetName=3V3_PER_fused Pin=U1-16
Removed Pin From Net: NetName=VCC_ENC Pin=U1_2-1
Removed Pin From Net: NetName=GND_ENC Pin=U1_2-2
Removed Pin From Net: NetName=GND_ENC Pin=U1_2-8
Removed Pin From Net: NetName=GND Pin=U1_2-9
Removed Pin From Net: NetName=3V3_PER_fused Pin=U1_2-10
Removed Pin From Net: NetName=GND Pin=U1_2-15
Removed Pin From Net: NetName=3V3_PER_fused Pin=U1_2-16
Removed Pin From Net: NetName=VCC_ENC Pin=U1_3-1
Removed Pin From Net: NetName=GND_ENC Pin=U1_3-2
Removed Pin From Net: NetName=GND_ENC Pin=U1_3-8
Removed Pin From Net: NetName=GND Pin=U1_3-9
Removed Pin From Net: NetName=3V3_PER_fused Pin=U1_3-10
Removed Pin From Net: NetName=GND Pin=U1_3-15
Removed Pin From Net: NetName=3V3_PER_fused Pin=U1_3-16
Removed Pin From Net: NetName=5V_PER_fused Pin=U3-1
Removed Pin From Net: NetName=GND Pin=U3-2
Removed Pin From Net: NetName=GND_ENC Pin=U3-4
Removed Pin From Net: NetName=VCC_ENC Pin=U3-6
Removed Pin From Net: NetName=5V_PER_fused Pin=U3_2-1
Removed Pin From Net: NetName=GND Pin=U3_2-2
Removed Pin From Net: NetName=GND_ENC Pin=U3_2-4
Removed Pin From Net: NetName=VCC_ENC Pin=U3_2-6
Removed Pin From Net: NetName=5V_PER_fused Pin=U3_3-1
Removed Pin From Net: NetName=GND Pin=U3_3-2
Removed Pin From Net: NetName=GND_ENC Pin=U3_3-4
Removed Pin From Net: NetName=VCC_ENC Pin=U3_3-6
Removed Member From Class: ClassName=X3 Member=C1_2
Removed Member From Class: ClassName=X4 Member=C1_3
Removed Member From Class: ClassName=X2 Member=C1
Removed Member From Class: ClassName=X3 Member=C2_2
Removed Member From Class: ClassName=X4 Member=C2_3
Removed Member From Class: ClassName=X2 Member=C2
Removed Member From Class: ClassName=X3 Member=C3_2
Removed Member From Class: ClassName=X4 Member=C3_3
Removed Member From Class: ClassName=X2 Member=C3
Removed Member From Class: ClassName=X3 Member=C4_2
Removed Member From Class: ClassName=X4 Member=C4_3
Removed Member From Class: ClassName=X2 Member=C4
Removed Member From Class: ClassName=X3 Member=C5_2
Removed Member From Class: ClassName=X4 Member=C5_3
Removed Member From Class: ClassName=X2 Member=C5
Removed Member From Class: ClassName=X3 Member=C6_2
Removed Member From Class: ClassName=X4 Member=C6_3
Removed Member From Class: ClassName=X2 Member=C6
Removed Member From Class: ClassName=X3 Member=J1_2
Removed Member From Class: ClassName=X4 Member=J1_3
Removed Member From Class: ClassName=X2 Member=J1
Removed Member From Class: ClassName=X3 Member=P1_2
Removed Member From Class: ClassName=X4 Member=P1_3
Removed Member From Class: ClassName=X2 Member=P1
Removed Member From Class: ClassName=X3 Member=R1_2
Removed Member From Class: ClassName=X4 Member=R1_3
Removed Member From Class: ClassName=X2 Member=R1
Removed Member From Class: ClassName=X3 Member=R2_2
Removed Member From Class: ClassName=X4 Member=R2_3
Removed Member From Class: ClassName=X2 Member=R2
Removed Member From Class: ClassName=X3 Member=R3_2
Removed Member From Class: ClassName=X4 Member=R3_3
Removed Member From Class: ClassName=X2 Member=R3
Removed Member From Class: ClassName=X3 Member=R4_2
Removed Member From Class: ClassName=X4 Member=R4_3
Removed Member From Class: ClassName=X2 Member=R4
Removed Member From Class: ClassName=X3 Member=U1_2
Removed Member From Class: ClassName=X4 Member=U1_3
Removed Member From Class: ClassName=X2 Member=U1
Removed Member From Class: ClassName=X3 Member=U3_2
Removed Member From Class: ClassName=X4 Member=U3_3
Removed Member From Class: ClassName=X2 Member=U3
Added Component: Designator=C1A(RESC0805)
Add component (AddParameter): Name = "LatestRevisionDate"; Value = "17-Jul-2002"; VariantName = "[No Variations]"
Add component (AddParameter): Name = "LatestRevisionNote"; Value = "Re-released for DXP Platform."; VariantName = "[No Variations]"
Add component (AddParameter): Name = "PackageDescription"; Value = "Radial Cap, Thru-Hole; 2 Leads; 0.3 in Pin Spacing"; VariantName = "[No Variations]"
Add component (AddParameter): Name = "PackageReference"; Value = "RAD-0.3"; VariantName = "[No Variations]"
Add component (AddParameter): Name = "Published"; Value = "8-Jun-2000"; VariantName = "[No Variations]"
Add component (AddParameter): Name = "Publisher"; Value = "Altium Limited"; VariantName = "[No Variations]"
Add component (AddParameter): Name = "Value"; Value = "100nF"; VariantName = "[No Variations]"
Added Component: Designator=C1B(RESC0805)
Add component (AddParameter): Name = "LatestRevisionDate"; Value = "17-Jul-2002"; VariantName = "[No Variations]"
Add component (AddParameter): Name = "LatestRevisionNote"; Value = "Re-released for DXP Platform."; VariantName = "[No Variations]"
Add component (AddParameter): Name = "PackageDescription"; Value = "Radial Cap, Thru-Hole; 2 Leads; 0.3 in Pin Spacing"; VariantName = "[No Variations]"
Add component (AddParameter): Name = "PackageReference"; Value = "RAD-0.3"; VariantName = "[No Variations]"
Add component (AddParameter): Name = "Published"; Value = "8-Jun-2000"; VariantName = "[No Variations]"
Add component (AddParameter): Name = "Publisher"; Value = "Altium Limited"; VariantName = "[No Variations]"
Add component (AddParameter): Name = "Value"; Value = "100nF"; VariantName = "[No Variations]"
Added Component: Designator=C1C(RESC0805)
Add component (AddParameter): Name = "LatestRevisionDate"; Value = "17-Jul-2002"; VariantName = "[No Variations]"
Add component (AddParameter): Name = "LatestRevisionNote"; Value = "Re-released for DXP Platform."; VariantName = "[No Variations]"
Add component (AddParameter): Name = "PackageDescription"; Value = "Radial Cap, Thru-Hole; 2 Leads; 0.3 in Pin Spacing"; VariantName = "[No Variations]"
Add component (AddParameter): Name = "PackageReference"; Value = "RAD-0.3"; VariantName = "[No Variations]"
Add component (AddParameter): Name = "Published"; Value = "8-Jun-2000"; VariantName = "[No Variations]"
Add component (AddParameter): Name = "Publisher"; Value = "Altium Limited"; VariantName = "[No Variations]"
Add component (AddParameter): Name = "Value"; Value = "100nF"; VariantName = "[No Variations]"
Added Component: Designator=C2A(RESC0805)
Add component (AddParameter): Name = "LatestRevisionDate"; Value = "17-Jul-2002"; VariantName = "[No Variations]"
Add component (AddParameter): Name = "LatestRevisionNote"; Value = "Re-released for DXP Platform."; VariantName = "[No Variations]"
Add component (AddParameter): Name = "PackageDescription"; Value = "Radial Cap, Thru-Hole; 2 Leads; 0.3 in Pin Spacing"; VariantName = "[No Variations]"
Add component (AddParameter): Name = "PackageReference"; Value = "RAD-0.3"; VariantName = "[No Variations]"
Add component (AddParameter): Name = "Published"; Value = "8-Jun-2000"; VariantName = "[No Variations]"
Add component (AddParameter): Name = "Publisher"; Value = "Altium Limited"; VariantName = "[No Variations]"
Add component (AddParameter): Name = "Value"; Value = "100nF"; VariantName = "[No Variations]"
Added Component: Designator=C2B(RESC0805)
Add component (AddParameter): Name = "LatestRevisionDate"; Value = "17-Jul-2002"; VariantName = "[No Variations]"
Add component (AddParameter): Name = "LatestRevisionNote"; Value = "Re-released for DXP Platform."; VariantName = "[No Variations]"
Add component (AddParameter): Name = "PackageDescription"; Value = "Radial Cap, Thru-Hole; 2 Leads; 0.3 in Pin Spacing"; VariantName = "[No Variations]"
Add component (AddParameter): Name = "PackageReference"; Value = "RAD-0.3"; VariantName = "[No Variations]"
Add component (AddParameter): Name = "Published"; Value = "8-Jun-2000"; VariantName = "[No Variations]"
Add component (AddParameter): Name = "Publisher"; Value = "Altium Limited"; VariantName = "[No Variations]"
Add component (AddParameter): Name = "Value"; Value = "100nF"; VariantName = "[No Variations]"
Added Component: Designator=C2C(RESC0805)
Add component (AddParameter): Name = "LatestRevisionDate"; Value = "17-Jul-2002"; VariantName = "[No Variations]"
Add component (AddParameter): Name = "LatestRevisionNote"; Value = "Re-released for DXP Platform."; VariantName = "[No Variations]"
Add component (AddParameter): Name = "PackageDescription"; Value = "Radial Cap, Thru-Hole; 2 Leads; 0.3 in Pin Spacing"; VariantName = "[No Variations]"
Add component (AddParameter): Name = "PackageReference"; Value = "RAD-0.3"; VariantName = "[No Variations]"
Add component (AddParameter): Name = "Published"; Value = "8-Jun-2000"; VariantName = "[No Variations]"
Add component (AddParameter): Name = "Publisher"; Value = "Altium Limited"; VariantName = "[No Variations]"
Add component (AddParameter): Name = "Value"; Value = "100nF"; VariantName = "[No Variations]"
Added Component: Designator=C3A(RESC0805)
Add component (AddParameter): Name = "LatestRevisionDate"; Value = "17-Jul-2002"; VariantName = "[No Variations]"
Add component (AddParameter): Name = "LatestRevisionNote"; Value = "Re-released for DXP Platform."; VariantName = "[No Variations]"
Add component (AddParameter): Name = "PackageDescription"; Value = "Radial Cap, Thru-Hole; 2 Leads; 0.3 in Pin Spacing"; VariantName = "[No Variations]"
Add component (AddParameter): Name = "PackageReference"; Value = "RAD-0.3"; VariantName = "[No Variations]"
Add component (AddParameter): Name = "Published"; Value = "8-Jun-2000"; VariantName = "[No Variations]"
Add component (AddParameter): Name = "Publisher"; Value = "Altium Limited"; VariantName = "[No Variations]"
Add component (AddParameter): Name = "Value"; Value = "10nF"; VariantName = "[No Variations]"
Added Component: Designator=C3B(RESC0805)
Add component (AddParameter): Name = "LatestRevisionDate"; Value = "17-Jul-2002"; VariantName = "[No Variations]"
Add component (AddParameter): Name = "LatestRevisionNote"; Value = "Re-released for DXP Platform."; VariantName = "[No Variations]"
Add component (AddParameter): Name = "PackageDescription"; Value = "Radial Cap, Thru-Hole; 2 Leads; 0.3 in Pin Spacing"; VariantName = "[No Variations]"
Add component (AddParameter): Name = "PackageReference"; Value = "RAD-0.3"; VariantName = "[No Variations]"
Add component (AddParameter): Name = "Published"; Value = "8-Jun-2000"; VariantName = "[No Variations]"
Add component (AddParameter): Name = "Publisher"; Value = "Altium Limited"; VariantName = "[No Variations]"
Add component (AddParameter): Name = "Value"; Value = "10nF"; VariantName = "[No Variations]"
Added Component: Designator=C3C(RESC0805)
Add component (AddParameter): Name = "LatestRevisionDate"; Value = "17-Jul-2002"; VariantName = "[No Variations]"
Add component (AddParameter): Name = "LatestRevisionNote"; Value = "Re-released for DXP Platform."; VariantName = "[No Variations]"
Add component (AddParameter): Name = "PackageDescription"; Value = "Radial Cap, Thru-Hole; 2 Leads; 0.3 in Pin Spacing"; VariantName = "[No Variations]"
Add component (AddParameter): Name = "PackageReference"; Value = "RAD-0.3"; VariantName = "[No Variations]"
Add component (AddParameter): Name = "Published"; Value = "8-Jun-2000"; VariantName = "[No Variations]"
Add component (AddParameter): Name = "Publisher"; Value = "Altium Limited"; VariantName = "[No Variations]"
Add component (AddParameter): Name = "Value"; Value = "10nF"; VariantName = "[No Variations]"
Added Component: Designator=C4A(RESC0805)
Add component (AddParameter): Name = "LatestRevisionDate"; Value = "17-Jul-2002"; VariantName = "[No Variations]"
Add component (AddParameter): Name = "LatestRevisionNote"; Value = "Re-released for DXP Platform."; VariantName = "[No Variations]"
Add component (AddParameter): Name = "PackageDescription"; Value = "Radial Cap, Thru-Hole; 2 Leads; 0.3 in Pin Spacing"; VariantName = "[No Variations]"
Add component (AddParameter): Name = "PackageReference"; Value = "RAD-0.3"; VariantName = "[No Variations]"
Add component (AddParameter): Name = "Published"; Value = "8-Jun-2000"; VariantName = "[No Variations]"
Add component (AddParameter): Name = "Publisher"; Value = "Altium Limited"; VariantName = "[No Variations]"
Add component (AddParameter): Name = "Value"; Value = "10nF"; VariantName = "[No Variations]"
Added Component: Designator=C4B(RESC0805)
Add component (AddParameter): Name = "LatestRevisionDate"; Value = "17-Jul-2002"; VariantName = "[No Variations]"
Add component (AddParameter): Name = "LatestRevisionNote"; Value = "Re-released for DXP Platform."; VariantName = "[No Variations]"
Add component (AddParameter): Name = "PackageDescription"; Value = "Radial Cap, Thru-Hole; 2 Leads; 0.3 in Pin Spacing"; VariantName = "[No Variations]"
Add component (AddParameter): Name = "PackageReference"; Value = "RAD-0.3"; VariantName = "[No Variations]"
Add component (AddParameter): Name = "Published"; Value = "8-Jun-2000"; VariantName = "[No Variations]"
Add component (AddParameter): Name = "Publisher"; Value = "Altium Limited"; VariantName = "[No Variations]"
Add component (AddParameter): Name = "Value"; Value = "10nF"; VariantName = "[No Variations]"
Added Component: Designator=C4C(RESC0805)
Add component (AddParameter): Name = "LatestRevisionDate"; Value = "17-Jul-2002"; VariantName = "[No Variations]"
Add component (AddParameter): Name = "LatestRevisionNote"; Value = "Re-released for DXP Platform."; VariantName = "[No Variations]"
Add component (AddParameter): Name = "PackageDescription"; Value = "Radial Cap, Thru-Hole; 2 Leads; 0.3 in Pin Spacing"; VariantName = "[No Variations]"
Add component (AddParameter): Name = "PackageReference"; Value = "RAD-0.3"; VariantName = "[No Variations]"
Add component (AddParameter): Name = "Published"; Value = "8-Jun-2000"; VariantName = "[No Variations]"
Add component (AddParameter): Name = "Publisher"; Value = "Altium Limited"; VariantName = "[No Variations]"
Add component (AddParameter): Name = "Value"; Value = "10nF"; VariantName = "[No Variations]"
Added Component: Designator=C5A(CAPR5-4X5)
Add component (AddParameter): Name = "PackageDescription"; Value = "Capacitor; 2 Leads"; VariantName = "[No Variations]"
Add component (AddParameter): Name = "PackageReference"; Value = "CAPR5-4X5"; VariantName = "[No Variations]"
Add component (AddParameter): Name = "Published"; Value = "23-Sep-2002"; VariantName = "[No Variations]"
Add component (AddParameter): Name = "Publisher"; Value = "Altium Limited"; VariantName = "[No Variations]"
Add component (AddParameter): Name = "Value"; Value = "10uF"; VariantName = "[No Variations]"
Added Component: Designator=C5B(CAPR5-4X5)
Add component (AddParameter): Name = "PackageDescription"; Value = "Capacitor; 2 Leads"; VariantName = "[No Variations]"
Add component (AddParameter): Name = "PackageReference"; Value = "CAPR5-4X5"; VariantName = "[No Variations]"
Add component (AddParameter): Name = "Published"; Value = "23-Sep-2002"; VariantName = "[No Variations]"
Add component (AddParameter): Name = "Publisher"; Value = "Altium Limited"; VariantName = "[No Variations]"
Add component (AddParameter): Name = "Value"; Value = "10uF"; VariantName = "[No Variations]"
Added Component: Designator=C5C(CAPR5-4X5)
Add component (AddParameter): Name = "PackageDescription"; Value = "Capacitor; 2 Leads"; VariantName = "[No Variations]"
Add component (AddParameter): Name = "PackageReference"; Value = "CAPR5-4X5"; VariantName = "[No Variations]"
Add component (AddParameter): Name = "Published"; Value = "23-Sep-2002"; VariantName = "[No Variations]"
Add component (AddParameter): Name = "Publisher"; Value = "Altium Limited"; VariantName = "[No Variations]"
Add component (AddParameter): Name = "Value"; Value = "10uF"; VariantName = "[No Variations]"
Added Component: Designator=C6A(RESC0805)
Add component (AddParameter): Name = "LatestRevisionDate"; Value = "17-Jul-2002"; VariantName = "[No Variations]"
Add component (AddParameter): Name = "LatestRevisionNote"; Value = "Re-released for DXP Platform."; VariantName = "[No Variations]"
Add component (AddParameter): Name = "PackageDescription"; Value = "Radial Cap, Thru-Hole; 2 Leads; 0.3 in Pin Spacing"; VariantName = "[No Variations]"
Add component (AddParameter): Name = "PackageReference"; Value = "RAD-0.3"; VariantName = "[No Variations]"
Add component (AddParameter): Name = "Published"; Value = "8-Jun-2000"; VariantName = "[No Variations]"
Add component (AddParameter): Name = "Publisher"; Value = "Altium Limited"; VariantName = "[No Variations]"
Add component (AddParameter): Name = "Value"; Value = "10nF"; VariantName = "[No Variations]"
Added Component: Designator=C6B(RESC0805)
Add component (AddParameter): Name = "LatestRevisionDate"; Value = "17-Jul-2002"; VariantName = "[No Variations]"
Add component (AddParameter): Name = "LatestRevisionNote"; Value = "Re-released for DXP Platform."; VariantName = "[No Variations]"
Add component (AddParameter): Name = "PackageDescription"; Value = "Radial Cap, Thru-Hole; 2 Leads; 0.3 in Pin Spacing"; VariantName = "[No Variations]"
Add component (AddParameter): Name = "PackageReference"; Value = "RAD-0.3"; VariantName = "[No Variations]"
Add component (AddParameter): Name = "Published"; Value = "8-Jun-2000"; VariantName = "[No Variations]"
Add component (AddParameter): Name = "Publisher"; Value = "Altium Limited"; VariantName = "[No Variations]"
Add component (AddParameter): Name = "Value"; Value = "10nF"; VariantName = "[No Variations]"
Added Component: Designator=C6C(RESC0805)
Add component (AddParameter): Name = "LatestRevisionDate"; Value = "17-Jul-2002"; VariantName = "[No Variations]"
Add component (AddParameter): Name = "LatestRevisionNote"; Value = "Re-released for DXP Platform."; VariantName = "[No Variations]"
Add component (AddParameter): Name = "PackageDescription"; Value = "Radial Cap, Thru-Hole; 2 Leads; 0.3 in Pin Spacing"; VariantName = "[No Variations]"
Add component (AddParameter): Name = "PackageReference"; Value = "RAD-0.3"; VariantName = "[No Variations]"
Add component (AddParameter): Name = "Published"; Value = "8-Jun-2000"; VariantName = "[No Variations]"
Add component (AddParameter): Name = "Publisher"; Value = "Altium Limited"; VariantName = "[No Variations]"
Add component (AddParameter): Name = "Value"; Value = "10nF"; VariantName = "[No Variations]"
Added Component: Designator=J1A(DSUB1.385-2H9)
Add component (AddParameter): Name = "DatasheetDocument"; Value = "1-Sep-1999"; VariantName = "[No Variations]"
Add component (AddParameter): Name = "Gender"; Value = "Receptacle"; VariantName = "[No Variations]"
Add component (AddParameter): Name = "LatestRevisionDate"; Value = "17-Jul-2002"; VariantName = "[No Variations]"
Add component (AddParameter): Name = "LatestRevisionNote"; Value = "Re-released for DXP Platform."; VariantName = "[No Variations]"
Add component (AddParameter): Name = "Orientation"; Value = "Right Angle"; VariantName = "[No Variations]"
Add component (AddParameter): Name = "PackageDocument"; Value = "O"; VariantName = "[No Variations]"
Add component (AddParameter): Name = "PackageReference"; Value = "788750"; VariantName = "[No Variations]"
Add component (AddParameter): Name = "Positions"; Value = "9"; VariantName = "[No Variations]"
Add component (AddParameter): Name = "Published"; Value = "15-Jun-2001"; VariantName = "[No Variations]"
Add component (AddParameter): Name = "Publisher"; Value = "Altium Limited"; VariantName = "[No Variations]"
Added Component: Designator=J1B(DSUB1.385-2H9)
Add component (AddParameter): Name = "DatasheetDocument"; Value = "1-Sep-1999"; VariantName = "[No Variations]"
Add component (AddParameter): Name = "Gender"; Value = "Receptacle"; VariantName = "[No Variations]"
Add component (AddParameter): Name = "LatestRevisionDate"; Value = "17-Jul-2002"; VariantName = "[No Variations]"
Add component (AddParameter): Name = "LatestRevisionNote"; Value = "Re-released for DXP Platform."; VariantName = "[No Variations]"
Add component (AddParameter): Name = "Orientation"; Value = "Right Angle"; VariantName = "[No Variations]"
Add component (AddParameter): Name = "PackageDocument"; Value = "O"; VariantName = "[No Variations]"
Add component (AddParameter): Name = "PackageReference"; Value = "788750"; VariantName = "[No Variations]"
Add component (AddParameter): Name = "Positions"; Value = "9"; VariantName = "[No Variations]"
Add component (AddParameter): Name = "Published"; Value = "15-Jun-2001"; VariantName = "[No Variations]"
Add component (AddParameter): Name = "Publisher"; Value = "Altium Limited"; VariantName = "[No Variations]"
Added Component: Designator=J1C(DSUB1.385-2H9)
Add component (AddParameter): Name = "DatasheetDocument"; Value = "1-Sep-1999"; VariantName = "[No Variations]"
Add component (AddParameter): Name = "Gender"; Value = "Receptacle"; VariantName = "[No Variations]"
Add component (AddParameter): Name = "LatestRevisionDate"; Value = "17-Jul-2002"; VariantName = "[No Variations]"
Add component (AddParameter): Name = "LatestRevisionNote"; Value = "Re-released for DXP Platform."; VariantName = "[No Variations]"
Add component (AddParameter): Name = "Orientation"; Value = "Right Angle"; VariantName = "[No Variations]"
Add component (AddParameter): Name = "PackageDocument"; Value = "O"; VariantName = "[No Variations]"
Add component (AddParameter): Name = "PackageReference"; Value = "788750"; VariantName = "[No Variations]"
Add component (AddParameter): Name = "Positions"; Value = "9"; VariantName = "[No Variations]"
Add component (AddParameter): Name = "Published"; Value = "15-Jun-2001"; VariantName = "[No Variations]"
Add component (AddParameter): Name = "Publisher"; Value = "Altium Limited"; VariantName = "[No Variations]"
Added Component: Designator=P1A(HDR1X8)
Add component (AddParameter): Name = "LatestRevisionDate"; Value = "17-Jul-2002"; VariantName = "[No Variations]"
Add component (AddParameter): Name = "LatestRevisionNote"; Value = "Re-released for DXP Platform."; VariantName = "[No Variations]"
Add component (AddParameter): Name = "Publisher"; Value = "Altium Limited"; VariantName = "[No Variations]"
Added Component: Designator=P1B(HDR1X8)
Add component (AddParameter): Name = "LatestRevisionDate"; Value = "17-Jul-2002"; VariantName = "[No Variations]"
Add component (AddParameter): Name = "LatestRevisionNote"; Value = "Re-released for DXP Platform."; VariantName = "[No Variations]"
Add component (AddParameter): Name = "Publisher"; Value = "Altium Limited"; VariantName = "[No Variations]"
Added Component: Designator=P1C(HDR1X8)
Add component (AddParameter): Name = "LatestRevisionDate"; Value = "17-Jul-2002"; VariantName = "[No Variations]"
Add component (AddParameter): Name = "LatestRevisionNote"; Value = "Re-released for DXP Platform."; VariantName = "[No Variations]"
Add component (AddParameter): Name = "Publisher"; Value = "Altium Limited"; VariantName = "[No Variations]"
Added Component: Designator=R1A(RESC0805)
Add component (AddParameter): Name = "LatestRevisionDate"; Value = "29-May-2009"; VariantName = "[No Variations]"
Add component (AddParameter): Name = "LatestRevisionNote"; Value = "IPC-7351 Footprint Added."; VariantName = "[No Variations]"
Add component (AddParameter): Name = "PackageDescription"; Value = "Chip Resistor"; VariantName = "[No Variations]"
Add component (AddParameter): Name = "PackageReference"; Value = "J1-0603"; VariantName = "[No Variations]"
Add component (AddParameter): Name = "Published"; Value = "8-Jun-2000"; VariantName = "[No Variations]"
Add component (AddParameter): Name = "Publisher"; Value = "Altium Limited"; VariantName = "[No Variations]"
Add component (AddParameter): Name = "Value"; Value = "120"; VariantName = "[No Variations]"
Added Component: Designator=R1B(RESC0805)
Add component (AddParameter): Name = "LatestRevisionDate"; Value = "29-May-2009"; VariantName = "[No Variations]"
Add component (AddParameter): Name = "LatestRevisionNote"; Value = "IPC-7351 Footprint Added."; VariantName = "[No Variations]"
Add component (AddParameter): Name = "PackageDescription"; Value = "Chip Resistor"; VariantName = "[No Variations]"
Add component (AddParameter): Name = "PackageReference"; Value = "J1-0603"; VariantName = "[No Variations]"
Add component (AddParameter): Name = "Published"; Value = "8-Jun-2000"; VariantName = "[No Variations]"
Add component (AddParameter): Name = "Publisher"; Value = "Altium Limited"; VariantName = "[No Variations]"
Add component (AddParameter): Name = "Value"; Value = "120"; VariantName = "[No Variations]"
Added Component: Designator=R1C(RESC0805)
Add component (AddParameter): Name = "LatestRevisionDate"; Value = "29-May-2009"; VariantName = "[No Variations]"
Add component (AddParameter): Name = "LatestRevisionNote"; Value = "IPC-7351 Footprint Added."; VariantName = "[No Variations]"
Add component (AddParameter): Name = "PackageDescription"; Value = "Chip Resistor"; VariantName = "[No Variations]"
Add component (AddParameter): Name = "PackageReference"; Value = "J1-0603"; VariantName = "[No Variations]"
Add component (AddParameter): Name = "Published"; Value = "8-Jun-2000"; VariantName = "[No Variations]"
Add component (AddParameter): Name = "Publisher"; Value = "Altium Limited"; VariantName = "[No Variations]"
Add component (AddParameter): Name = "Value"; Value = "120"; VariantName = "[No Variations]"
Added Component: Designator=R2A(RESC0805)
Add component (AddParameter): Name = "LatestRevisionDate"; Value = "29-May-2009"; VariantName = "[No Variations]"
Add component (AddParameter): Name = "LatestRevisionNote"; Value = "IPC-7351 Footprint Added."; VariantName = "[No Variations]"
Add component (AddParameter): Name = "PackageDescription"; Value = "Chip Resistor"; VariantName = "[No Variations]"
Add component (AddParameter): Name = "PackageReference"; Value = "J1-0603"; VariantName = "[No Variations]"
Add component (AddParameter): Name = "Published"; Value = "8-Jun-2000"; VariantName = "[No Variations]"
Add component (AddParameter): Name = "Publisher"; Value = "Altium Limited"; VariantName = "[No Variations]"
Add component (AddParameter): Name = "Value"; Value = "120"; VariantName = "[No Variations]"
Added Component: Designator=R2B(RESC0805)
Add component (AddParameter): Name = "LatestRevisionDate"; Value = "29-May-2009"; VariantName = "[No Variations]"
Add component (AddParameter): Name = "LatestRevisionNote"; Value = "IPC-7351 Footprint Added."; VariantName = "[No Variations]"
Add component (AddParameter): Name = "PackageDescription"; Value = "Chip Resistor"; VariantName = "[No Variations]"
Add component (AddParameter): Name = "PackageReference"; Value = "J1-0603"; VariantName = "[No Variations]"
Add component (AddParameter): Name = "Published"; Value = "8-Jun-2000"; VariantName = "[No Variations]"
Add component (AddParameter): Name = "Publisher"; Value = "Altium Limited"; VariantName = "[No Variations]"
Add component (AddParameter): Name = "Value"; Value = "120"; VariantName = "[No Variations]"
Added Component: Designator=R2C(RESC0805)
Add component (AddParameter): Name = "LatestRevisionDate"; Value = "29-May-2009"; VariantName = "[No Variations]"
Add component (AddParameter): Name = "LatestRevisionNote"; Value = "IPC-7351 Footprint Added."; VariantName = "[No Variations]"
Add component (AddParameter): Name = "PackageDescription"; Value = "Chip Resistor"; VariantName = "[No Variations]"
Add component (AddParameter): Name = "PackageReference"; Value = "J1-0603"; VariantName = "[No Variations]"
Add component (AddParameter): Name = "Published"; Value = "8-Jun-2000"; VariantName = "[No Variations]"
Add component (AddParameter): Name = "Publisher"; Value = "Altium Limited"; VariantName = "[No Variations]"
Add component (AddParameter): Name = "Value"; Value = "120"; VariantName = "[No Variations]"
Added Component: Designator=R3A(RESC0805)
Add component (AddParameter): Name = "LatestRevisionDate"; Value = "29-May-2009"; VariantName = "[No Variations]"
Add component (AddParameter): Name = "LatestRevisionNote"; Value = "IPC-7351 Footprint Added."; VariantName = "[No Variations]"
Add component (AddParameter): Name = "PackageDescription"; Value = "Chip Resistor"; VariantName = "[No Variations]"
Add component (AddParameter): Name = "PackageReference"; Value = "J1-0603"; VariantName = "[No Variations]"
Add component (AddParameter): Name = "Published"; Value = "8-Jun-2000"; VariantName = "[No Variations]"
Add component (AddParameter): Name = "Publisher"; Value = "Altium Limited"; VariantName = "[No Variations]"
Add component (AddParameter): Name = "Value"; Value = "120"; VariantName = "[No Variations]"
Added Component: Designator=R3B(RESC0805)
Add component (AddParameter): Name = "LatestRevisionDate"; Value = "29-May-2009"; VariantName = "[No Variations]"
Add component (AddParameter): Name = "LatestRevisionNote"; Value = "IPC-7351 Footprint Added."; VariantName = "[No Variations]"
Add component (AddParameter): Name = "PackageDescription"; Value = "Chip Resistor"; VariantName = "[No Variations]"
Add component (AddParameter): Name = "PackageReference"; Value = "J1-0603"; VariantName = "[No Variations]"
Add component (AddParameter): Name = "Published"; Value = "8-Jun-2000"; VariantName = "[No Variations]"
Add component (AddParameter): Name = "Publisher"; Value = "Altium Limited"; VariantName = "[No Variations]"
Add component (AddParameter): Name = "Value"; Value = "120"; VariantName = "[No Variations]"
Added Component: Designator=R3C(RESC0805)
Add component (AddParameter): Name = "LatestRevisionDate"; Value = "29-May-2009"; VariantName = "[No Variations]"
Add component (AddParameter): Name = "LatestRevisionNote"; Value = "IPC-7351 Footprint Added."; VariantName = "[No Variations]"
Add component (AddParameter): Name = "PackageDescription"; Value = "Chip Resistor"; VariantName = "[No Variations]"
Add component (AddParameter): Name = "PackageReference"; Value = "J1-0603"; VariantName = "[No Variations]"
Add component (AddParameter): Name = "Published"; Value = "8-Jun-2000"; VariantName = "[No Variations]"
Add component (AddParameter): Name = "Publisher"; Value = "Altium Limited"; VariantName = "[No Variations]"
Add component (AddParameter): Name = "Value"; Value = "120"; VariantName = "[No Variations]"
Added Component: Designator=R4A(SO-16_N)
Add component (AddParameter): Name = "Code_IPC"; Value = "SOIC127P600-16"; VariantName = "[No Variations]"
Add component (AddParameter): Name = "Code_JEDEC"; Value = "MS-012-AC"; VariantName = "[No Variations]"
Add component (AddParameter): Name = "LatestRevisionDate"; Value = "29-May-2009"; VariantName = "[No Variations]"
Add component (AddParameter): Name = "LatestRevisionNote"; Value = "IPC-7351 Footprint Added."; VariantName = "[No Variations]"
Add component (AddParameter): Name = "PackageDescription"; Value = "16-Pin Small Outline Integrated Circuit 1.27 mm Pitch"; VariantName = "[No Variations]"
Add component (AddParameter): Name = "PackageReference"; Value = "SO-16"; VariantName = "[No Variations]"
Add component (AddParameter): Name = "Published"; Value = "24-Mar-1999"; VariantName = "[No Variations]"
Add component (AddParameter): Name = "Publisher"; Value = "Altium Limited"; VariantName = "[No Variations]"
Add component (AddParameter): Name = "Value"; Value = "4.7K"; VariantName = "[No Variations]"
Added Component: Designator=R4B(SO-16_N)
Add component (AddParameter): Name = "Code_IPC"; Value = "SOIC127P600-16"; VariantName = "[No Variations]"
Add component (AddParameter): Name = "Code_JEDEC"; Value = "MS-012-AC"; VariantName = "[No Variations]"
Add component (AddParameter): Name = "LatestRevisionDate"; Value = "29-May-2009"; VariantName = "[No Variations]"
Add component (AddParameter): Name = "LatestRevisionNote"; Value = "IPC-7351 Footprint Added."; VariantName = "[No Variations]"
Add component (AddParameter): Name = "PackageDescription"; Value = "16-Pin Small Outline Integrated Circuit 1.27 mm Pitch"; VariantName = "[No Variations]"
Add component (AddParameter): Name = "PackageReference"; Value = "SO-16"; VariantName = "[No Variations]"
Add component (AddParameter): Name = "Published"; Value = "24-Mar-1999"; VariantName = "[No Variations]"
Add component (AddParameter): Name = "Publisher"; Value = "Altium Limited"; VariantName = "[No Variations]"
Add component (AddParameter): Name = "Value"; Value = "4.7K"; VariantName = "[No Variations]"
Added Component: Designator=R4C(SO-16_N)
Add component (AddParameter): Name = "Code_IPC"; Value = "SOIC127P600-16"; VariantName = "[No Variations]"
Add component (AddParameter): Name = "Code_JEDEC"; Value = "MS-012-AC"; VariantName = "[No Variations]"
Add component (AddParameter): Name = "LatestRevisionDate"; Value = "29-May-2009"; VariantName = "[No Variations]"
Add component (AddParameter): Name = "LatestRevisionNote"; Value = "IPC-7351 Footprint Added."; VariantName = "[No Variations]"
Add component (AddParameter): Name = "PackageDescription"; Value = "16-Pin Small Outline Integrated Circuit 1.27 mm Pitch"; VariantName = "[No Variations]"
Add component (AddParameter): Name = "PackageReference"; Value = "SO-16"; VariantName = "[No Variations]"
Add component (AddParameter): Name = "Published"; Value = "24-Mar-1999"; VariantName = "[No Variations]"
Add component (AddParameter): Name = "Publisher"; Value = "Altium Limited"; VariantName = "[No Variations]"
Add component (AddParameter): Name = "Value"; Value = "4.7K"; VariantName = "[No Variations]"
Added Component: Designator=U1A(TI ISO7230 SOIC)
Add component (AddParameter): Name = "Supplier 1"; Value = "Mouser"; VariantName = "[No Variations]"
Add component (AddParameter): Name = "Supplier Part Number 1"; Value = "595-ISO7230CDWR"; VariantName = "[No Variations]"
Added Component: Designator=U1B(TI ISO7230 SOIC)
Add component (AddParameter): Name = "Supplier 1"; Value = "Mouser"; VariantName = "[No Variations]"
Add component (AddParameter): Name = "Supplier Part Number 1"; Value = "595-ISO7230CDWR"; VariantName = "[No Variations]"
Added Component: Designator=U1C(TI ISO7230 SOIC)
Add component (AddParameter): Name = "Supplier 1"; Value = "Mouser"; VariantName = "[No Variations]"
Add component (AddParameter): Name = "Supplier Part Number 1"; Value = "595-ISO7230CDWR"; VariantName = "[No Variations]"
Added Component: Designator=U3A(SIL-6(7))
Added Component: Designator=U3B(SIL-6(7))
Added Component: Designator=U3C(SIL-6(7))
Added Pin To Net: NetName=GND_ENC Pin=C1A-1
Added Pin To Net: NetName=VCC_ENC Pin=C1A-2
Added Pin To Net: NetName=GND_ENC Pin=C1B-1
Added Pin To Net: NetName=VCC_ENC Pin=C1B-2
Added Pin To Net: NetName=GND_ENC Pin=C1C-1
Added Pin To Net: NetName=VCC_ENC Pin=C1C-2
Added Pin To Net: NetName=GND Pin=C2A-1
Added Pin To Net: NetName=3V3_PER_fused Pin=C2A-2
Added Pin To Net: NetName=GND Pin=C2B-1
Added Pin To Net: NetName=3V3_PER_fused Pin=C2B-2
Added Pin To Net: NetName=GND Pin=C2C-1
Added Pin To Net: NetName=3V3_PER_fused Pin=C2C-2
Added Pin To Net: NetName=VCC_ENC Pin=C5A-1
Added Pin To Net: NetName=GND_ENC Pin=C5A-2
Added Pin To Net: NetName=VCC_ENC Pin=C5B-1
Added Pin To Net: NetName=GND_ENC Pin=C5B-2
Added Pin To Net: NetName=VCC_ENC Pin=C5C-1
Added Pin To Net: NetName=GND_ENC Pin=C5C-2
Added Pin To Net: NetName=GND_ENC Pin=J1A-1
Added Pin To Net: NetName=VCC_ENC Pin=J1A-2
Added Pin To Net: NetName=GND_ENC Pin=J1B-1
Added Pin To Net: NetName=VCC_ENC Pin=J1B-2
Added Pin To Net: NetName=GND_ENC Pin=J1C-1
Added Pin To Net: NetName=VCC_ENC Pin=J1C-2
Added Pin To Net: NetName=VCC_ENC Pin=P1A-7
Added Pin To Net: NetName=GND_ENC Pin=P1A-8
Added Pin To Net: NetName=VCC_ENC Pin=P1B-7
Added Pin To Net: NetName=GND_ENC Pin=P1B-8
Added Pin To Net: NetName=VCC_ENC Pin=P1C-7
Added Pin To Net: NetName=GND_ENC Pin=P1C-8
Added Pin To Net: NetName=VCC_ENC Pin=R4A-9
Added Pin To Net: NetName=VCC_ENC Pin=R4A-10
Added Pin To Net: NetName=VCC_ENC Pin=R4A-11
Added Pin To Net: NetName=VCC_ENC Pin=R4A-12
Added Pin To Net: NetName=VCC_ENC Pin=R4A-13
Added Pin To Net: NetName=VCC_ENC Pin=R4A-14
Added Pin To Net: NetName=VCC_ENC Pin=R4A-15
Added Pin To Net: NetName=VCC_ENC Pin=R4A-16
Added Pin To Net: NetName=VCC_ENC Pin=R4B-9
Added Pin To Net: NetName=VCC_ENC Pin=R4B-10
Added Pin To Net: NetName=VCC_ENC Pin=R4B-11
Added Pin To Net: NetName=VCC_ENC Pin=R4B-12
Added Pin To Net: NetName=VCC_ENC Pin=R4B-13
Added Pin To Net: NetName=VCC_ENC Pin=R4B-14
Added Pin To Net: NetName=VCC_ENC Pin=R4B-15
Added Pin To Net: NetName=VCC_ENC Pin=R4B-16
Added Pin To Net: NetName=VCC_ENC Pin=R4C-9
Added Pin To Net: NetName=VCC_ENC Pin=R4C-10
Added Pin To Net: NetName=VCC_ENC Pin=R4C-11
Added Pin To Net: NetName=VCC_ENC Pin=R4C-12
Added Pin To Net: NetName=VCC_ENC Pin=R4C-13
Added Pin To Net: NetName=VCC_ENC Pin=R4C-14
Added Pin To Net: NetName=VCC_ENC Pin=R4C-15
Added Pin To Net: NetName=VCC_ENC Pin=R4C-16
Added Pin To Net: NetName=VCC_ENC Pin=U1A-1
Added Pin To Net: NetName=GND_ENC Pin=U1A-2
Added Pin To Net: NetName=GND_ENC Pin=U1A-8
Added Pin To Net: NetName=GND Pin=U1A-9
Added Pin To Net: NetName=3V3_PER_fused Pin=U1A-10
Added Pin To Net: NetName=GND Pin=U1A-15
Added Pin To Net: NetName=3V3_PER_fused Pin=U1A-16
Added Pin To Net: NetName=VCC_ENC Pin=U1B-1
Added Pin To Net: NetName=GND_ENC Pin=U1B-2
Added Pin To Net: NetName=GND_ENC Pin=U1B-8
Added Pin To Net: NetName=GND Pin=U1B-9
Added Pin To Net: NetName=3V3_PER_fused Pin=U1B-10
Added Pin To Net: NetName=GND Pin=U1B-15
Added Pin To Net: NetName=3V3_PER_fused Pin=U1B-16
Added Pin To Net: NetName=VCC_ENC Pin=U1C-1
Added Pin To Net: NetName=GND_ENC Pin=U1C-2
Added Pin To Net: NetName=GND_ENC Pin=U1C-8
Added Pin To Net: NetName=GND Pin=U1C-9
Added Pin To Net: NetName=3V3_PER_fused Pin=U1C-10
Added Pin To Net: NetName=GND Pin=U1C-15
Added Pin To Net: NetName=3V3_PER_fused Pin=U1C-16
Added Pin To Net: NetName=5V_PER_fused Pin=U3A-1
Added Pin To Net: NetName=GND Pin=U3A-2
Added Pin To Net: NetName=GND_ENC Pin=U3A-4
Added Pin To Net: NetName=VCC_ENC Pin=U3A-6
Added Pin To Net: NetName=5V_PER_fused Pin=U3B-1
Added Pin To Net: NetName=GND Pin=U3B-2
Added Pin To Net: NetName=GND_ENC Pin=U3B-4
Added Pin To Net: NetName=VCC_ENC Pin=U3B-6
Added Pin To Net: NetName=5V_PER_fused Pin=U3C-1
Added Pin To Net: NetName=GND Pin=U3C-2
Added Pin To Net: NetName=GND_ENC Pin=U3C-4
Added Pin To Net: NetName=VCC_ENC Pin=U3C-6
Added Pin To Net: NetName=NetC3A_1 Pin=C3A-1
Added Pin To Net: NetName=NetC3A_1 Pin=R1A-2
Added Net: Name=NetC3A_1
Added Pin To Net: NetName=NetC3A_2 Pin=C3A-2
Added Pin To Net: NetName=NetC3A_2 Pin=J1A-4
Added Pin To Net: NetName=NetC3A_2 Pin=P1A-6
Added Pin To Net: NetName=NetC3A_2 Pin=R4A-1
Added Net: Name=NetC3A_2
Added Pin To Net: NetName=NetC3B_1 Pin=C3B-1
Added Pin To Net: NetName=NetC3B_1 Pin=R1B-2
Added Net: Name=NetC3B_1
Added Pin To Net: NetName=NetC3B_2 Pin=C3B-2
Added Pin To Net: NetName=NetC3B_2 Pin=J1B-4
Added Pin To Net: NetName=NetC3B_2 Pin=P1B-6
Added Pin To Net: NetName=NetC3B_2 Pin=R4B-1
Added Net: Name=NetC3B_2
Added Pin To Net: NetName=NetC3C_1 Pin=C3C-1
Added Pin To Net: NetName=NetC3C_1 Pin=R1C-2
Added Net: Name=NetC3C_1
Added Pin To Net: NetName=NetC3C_2 Pin=C3C-2
Added Pin To Net: NetName=NetC3C_2 Pin=J1C-4
Added Pin To Net: NetName=NetC3C_2 Pin=P1C-6
Added Pin To Net: NetName=NetC3C_2 Pin=R4C-1
Added Net: Name=NetC3C_2
Added Pin To Net: NetName=NetC4A_1 Pin=C4A-1
Added Pin To Net: NetName=NetC4A_1 Pin=R2A-2
Added Net: Name=NetC4A_1
Added Pin To Net: NetName=NetC4A_2 Pin=C4A-2
Added Pin To Net: NetName=NetC4A_2 Pin=J1A-7
Added Pin To Net: NetName=NetC4A_2 Pin=P1A-4
Added Pin To Net: NetName=NetC4A_2 Pin=R4A-4
Added Net: Name=NetC4A_2
Added Pin To Net: NetName=NetC4B_1 Pin=C4B-1
Added Pin To Net: NetName=NetC4B_1 Pin=R2B-2
Added Net: Name=NetC4B_1
Added Pin To Net: NetName=NetC4B_2 Pin=C4B-2
Added Pin To Net: NetName=NetC4B_2 Pin=J1B-7
Added Pin To Net: NetName=NetC4B_2 Pin=P1B-4
Added Pin To Net: NetName=NetC4B_2 Pin=R4B-4
Added Net: Name=NetC4B_2
Added Pin To Net: NetName=NetC4C_1 Pin=C4C-1
Added Pin To Net: NetName=NetC4C_1 Pin=R2C-2
Added Net: Name=NetC4C_1
Added Pin To Net: NetName=NetC4C_2 Pin=C4C-2
Added Pin To Net: NetName=NetC4C_2 Pin=J1C-7
Added Pin To Net: NetName=NetC4C_2 Pin=P1C-4
Added Pin To Net: NetName=NetC4C_2 Pin=R4C-4
Added Net: Name=NetC4C_2
Added Pin To Net: NetName=NetC6A_1 Pin=C6A-1
Added Pin To Net: NetName=NetC6A_1 Pin=R3A-2
Added Net: Name=NetC6A_1
Added Pin To Net: NetName=NetC6A_2 Pin=C6A-2
Added Pin To Net: NetName=NetC6A_2 Pin=J1A-9
Added Pin To Net: NetName=NetC6A_2 Pin=P1A-2
Added Pin To Net: NetName=NetC6A_2 Pin=R4A-6
Added Net: Name=NetC6A_2
Added Pin To Net: NetName=NetC6B_1 Pin=C6B-1
Added Pin To Net: NetName=NetC6B_1 Pin=R3B-2
Added Net: Name=NetC6B_1
Added Pin To Net: NetName=NetC6B_2 Pin=C6B-2
Added Pin To Net: NetName=NetC6B_2 Pin=J1B-9
Added Pin To Net: NetName=NetC6B_2 Pin=P1B-2
Added Pin To Net: NetName=NetC6B_2 Pin=R4B-6
Added Net: Name=NetC6B_2
Added Pin To Net: NetName=NetC6C_1 Pin=C6C-1
Added Pin To Net: NetName=NetC6C_1 Pin=R3C-2
Added Net: Name=NetC6C_1
Added Pin To Net: NetName=NetC6C_2 Pin=C6C-2
Added Pin To Net: NetName=NetC6C_2 Pin=J1C-9
Added Pin To Net: NetName=NetC6C_2 Pin=P1C-2
Added Pin To Net: NetName=NetC6C_2 Pin=R4C-6
Added Net: Name=NetC6C_2
Added Pin To Net: NetName=NetJ1A_3 Pin=J1A-3
Added Pin To Net: NetName=NetJ1A_3 Pin=P1A-5
Added Pin To Net: NetName=NetJ1A_3 Pin=R1A-1
Added Pin To Net: NetName=NetJ1A_3 Pin=R4A-2
Added Net: Name=NetJ1A_3
Added Pin To Net: NetName=NetJ1A_5 Pin=J1A-5
Added Pin To Net: NetName=NetJ1A_5 Pin=P1A-1
Added Pin To Net: NetName=NetJ1A_5 Pin=R3A-1
Added Pin To Net: NetName=NetJ1A_5 Pin=R4A-5
Added Net: Name=NetJ1A_5
Added Pin To Net: NetName=NetJ1A_8 Pin=J1A-8
Added Pin To Net: NetName=NetJ1A_8 Pin=P1A-3
Added Pin To Net: NetName=NetJ1A_8 Pin=R2A-1
Added Pin To Net: NetName=NetJ1A_8 Pin=R4A-3
Added Net: Name=NetJ1A_8
Added Pin To Net: NetName=NetJ1B_3 Pin=J1B-3
Added Pin To Net: NetName=NetJ1B_3 Pin=P1B-5
Added Pin To Net: NetName=NetJ1B_3 Pin=R1B-1
Added Pin To Net: NetName=NetJ1B_3 Pin=R4B-2
Added Net: Name=NetJ1B_3
Added Pin To Net: NetName=NetJ1B_5 Pin=J1B-5
Added Pin To Net: NetName=NetJ1B_5 Pin=P1B-1
Added Pin To Net: NetName=NetJ1B_5 Pin=R3B-1
Added Pin To Net: NetName=NetJ1B_5 Pin=R4B-5
Added Net: Name=NetJ1B_5
Added Pin To Net: NetName=NetJ1B_8 Pin=J1B-8
Added Pin To Net: NetName=NetJ1B_8 Pin=P1B-3
Added Pin To Net: NetName=NetJ1B_8 Pin=R2B-1
Added Pin To Net: NetName=NetJ1B_8 Pin=R4B-3
Added Net: Name=NetJ1B_8
Added Pin To Net: NetName=NetJ1C_3 Pin=J1C-3
Added Pin To Net: NetName=NetJ1C_3 Pin=P1C-5
Added Pin To Net: NetName=NetJ1C_3 Pin=R1C-1
Added Pin To Net: NetName=NetJ1C_3 Pin=R4C-2
Added Net: Name=NetJ1C_3
Added Pin To Net: NetName=NetJ1C_5 Pin=J1C-5
Added Pin To Net: NetName=NetJ1C_5 Pin=P1C-1
Added Pin To Net: NetName=NetJ1C_5 Pin=R3C-1
Added Pin To Net: NetName=NetJ1C_5 Pin=R4C-5
Added Net: Name=NetJ1C_5
Added Pin To Net: NetName=NetJ1C_8 Pin=J1C-8
Added Pin To Net: NetName=NetJ1C_8 Pin=P1C-3
Added Pin To Net: NetName=NetJ1C_8 Pin=R2C-1
Added Pin To Net: NetName=NetJ1C_8 Pin=R4C-3
Added Net: Name=NetJ1C_8
Added Pin To Net: NetName=NetU1A_3 Pin=U1A-3
Added Net: Name=NetU1A_3
Added Pin To Net: NetName=NetU1A_4 Pin=U1A-4
Added Net: Name=NetU1A_4
Added Pin To Net: NetName=NetU1A_5 Pin=U1A-5
Added Net: Name=NetU1A_5
Added Pin To Net: NetName=NetU1A_12 Pin=U1A-12
Added Net: Name=NetU1A_12
Added Pin To Net: NetName=NetU1A_13 Pin=U1A-13
Added Net: Name=NetU1A_13
Added Pin To Net: NetName=NetU1A_14 Pin=U1A-14
Added Net: Name=NetU1A_14
Added Pin To Net: NetName=NetU1B_3 Pin=U1B-3
Added Net: Name=NetU1B_3
Added Pin To Net: NetName=NetU1B_4 Pin=U1B-4
Added Net: Name=NetU1B_4
Added Pin To Net: NetName=NetU1B_5 Pin=U1B-5
Added Net: Name=NetU1B_5
Added Pin To Net: NetName=NetU1B_12 Pin=U1B-12
Added Net: Name=NetU1B_12
Added Pin To Net: NetName=NetU1B_13 Pin=U1B-13
Added Net: Name=NetU1B_13
Added Pin To Net: NetName=NetU1B_14 Pin=U1B-14
Added Net: Name=NetU1B_14
Added Pin To Net: NetName=NetU1C_3 Pin=U1C-3
Added Net: Name=NetU1C_3
Added Pin To Net: NetName=NetU1C_4 Pin=U1C-4
Added Net: Name=NetU1C_4
Added Pin To Net: NetName=NetU1C_5 Pin=U1C-5
Added Net: Name=NetU1C_5
Added Pin To Net: NetName=NetU1C_12 Pin=U1C-12
Added Net: Name=NetU1C_12
Added Pin To Net: NetName=NetU1C_13 Pin=U1C-13
Added Net: Name=NetU1C_13
Added Pin To Net: NetName=NetU1C_14 Pin=U1C-14
Added Net: Name=NetU1C_14
Change Class Name : Old Net Name=X2 New Net Name=EN_A
Change Class Name : Old Net Name=X3 New Net Name=EN_B
Change Class Name : Old Net Name=X4 New Net Name=EN_C
Added Class: Name=Encoder_1
Added Member To Class: ClassName=EN_A Member=Component C1A (C1) 100nF
Added Member To Class: ClassName=EN_B Member=Component C1B (C1) 100nF
Added Member To Class: ClassName=EN_C Member=Component C1C (C1) 100nF
Added Member To Class: ClassName=EN_A Member=Component C2A (C2) 100nF
Added Member To Class: ClassName=EN_B Member=Component C2B (C2) 100nF
Added Member To Class: ClassName=EN_C Member=Component C2C (C2) 100nF
Added Member To Class: ClassName=EN_A Member=Component C3A (C3) 10nF
Added Member To Class: ClassName=EN_B Member=Component C3B (C3) 10nF
Added Member To Class: ClassName=EN_C Member=Component C3C (C3) 10nF
Added Member To Class: ClassName=EN_A Member=Component C4A (C4) 10nF
Added Member To Class: ClassName=EN_B Member=Component C4B (C4) 10nF
Added Member To Class: ClassName=EN_C Member=Component C4C (C4) 10nF
Added Member To Class: ClassName=EN_A Member=Component C5A (C5) 10uF
Added Member To Class: ClassName=EN_B Member=Component C5B (C5) 10uF
Added Member To Class: ClassName=EN_C Member=Component C5C (C5) 10uF
Added Member To Class: ClassName=EN_A Member=Component C6A (C6) 10nF
Added Member To Class: ClassName=EN_B Member=Component C6B (C6) 10nF
Added Member To Class: ClassName=EN_C Member=Component C6C (C6) 10nF
Added Member To Class: ClassName=EN_A Member=Component J1A (J1) Encoder Jack
Added Member To Class: ClassName=EN_B Member=Component J1B (J1) Encoder Jack
Added Member To Class: ClassName=EN_C Member=Component J1C (J1) Encoder Jack
Added Member To Class: ClassName=EN_A Member=Component P1A (P1) Header 8
Added Member To Class: ClassName=EN_B Member=Component P1B (P1) Header 8
Added Member To Class: ClassName=EN_C Member=Component P1C (P1) Header 8
Added Member To Class: ClassName=EN_A Member=Component R1A (R1) 120
Added Member To Class: ClassName=EN_B Member=Component R1B (R1) 120
Added Member To Class: ClassName=EN_C Member=Component R1C (R1) 120
Added Member To Class: ClassName=EN_A Member=Component R2A (R2) 120
Added Member To Class: ClassName=EN_B Member=Component R2B (R2) 120
Added Member To Class: ClassName=EN_C Member=Component R2C (R2) 120
Added Member To Class: ClassName=EN_A Member=Component R3A (R3) 120
Added Member To Class: ClassName=EN_B Member=Component R3B (R3) 120
Added Member To Class: ClassName=EN_C Member=Component R3C (R3) 120
Added Member To Class: ClassName=EN_A Member=Component R4A (R4) VISHAY  VSOR 47.K
Added Member To Class: ClassName=EN_B Member=Component R4B (R4) VISHAY  VSOR 47.K
Added Member To Class: ClassName=EN_C Member=Component R4C (R4) VISHAY  VSOR 47.K
Added Member To Class: ClassName=X1 Member=Component R? (R2) R_TF
Added Member To Class: ClassName=EN_A Member=Component U1A (U1) ISO7230
Added Member To Class: ClassName=EN_B Member=Component U1B (U1) ISO7230
Added Member To Class: ClassName=EN_C Member=Component U1C (U1) ISO7230
Added Member To Class: ClassName=EN_A Member=Component U3A (U3) TMH 0505S
Added Member To Class: ClassName=EN_B Member=Component U3B (U3) TMH 0505S
Added Member To Class: ClassName=EN_C Member=Component U3C (U3) TMH 0505S
Change Room Name: Old Name=X3 New Name=EN_C
Change Room Scope: Old Scope=InComponentClass('X3') New Scope=InComponentClass('EN_C')
Change Room Name: Old Name=X4 New Name=EN_A
Change Room Scope: Old Scope=InComponentClass('X4') New Scope=InComponentClass('EN_A')
Added Room: Name=EN_B
