Added Component: Designator=C?(CAPR5-4X5)
Add component (AddParameter): Name = "PackageDescription"; Value = "Capacitor; 2 Leads"; VariantName = "[No Variations]"
Add component (AddParameter): Name = "PackageReference"; Value = "CAPR5-4X5"; VariantName = "[No Variations]"
Add component (AddParameter): Name = "Published"; Value = "23-Sep-2002"; VariantName = "[No Variations]"
Add component (AddParameter): Name = "Publisher"; Value = "Altium Limited"; VariantName = "[No Variations]"
Add component (AddParameter): Name = "Value"; Value = "10uF"; VariantName = "[No Variations]"
Added Component: Designator=J1(DSUB1.385-2H9)
Add component (AddParameter): Name = "DatasheetDocument"; Value = "1-Sep-1999"; VariantName = "[No Variations]"
Add component (AddParameter): Name = "Gender"; Value = "Receptacle"; VariantName = "[No Variations]"
Add component (AddParameter): Name = "LatestRevisionDate"; Value = "17-Jul-2002"; VariantName = "[No Variations]"
Add component (AddParameter): Name = "LatestRevisionNote"; Value = "Re-released for DXP Platform."; VariantName = "[No Variations]"
Add component (AddParameter): Name = "Orientation"; Value = "Right Angle"; VariantName = "[No Variations]"
Add component (AddParameter): Name = "PackageDocument"; Value = "O"; VariantName = "[No Variations]"
Add component (AddParameter): Name = "PackageReference"; Value = "788750"; VariantName = "[No Variations]"
Add component (AddParameter): Name = "Positions"; Value = "9"; VariantName = "[No Variations]"
Add component (AddParameter): Name = "Published"; Value = "15-Jun-2001"; VariantName = "[No Variations]"
Add component (AddParameter): Name = "Publisher"; Value = "Altium Limited"; VariantName = "[No Variations]"
Added Component: Designator=P1(HDR1X8)
Add component (AddParameter): Name = "LatestRevisionDate"; Value = "17-Jul-2002"; VariantName = "[No Variations]"
Add component (AddParameter): Name = "LatestRevisionNote"; Value = "Re-released for DXP Platform."; VariantName = "[No Variations]"
Add component (AddParameter): Name = "Publisher"; Value = "Altium Limited"; VariantName = "[No Variations]"
Added Component: Designator=R4(SO-16_N)
Add component (AddParameter): Name = "Code_IPC"; Value = "SOIC127P600-16"; VariantName = "[No Variations]"
Add component (AddParameter): Name = "Code_JEDEC"; Value = "MS-012-AC"; VariantName = "[No Variations]"
Add component (AddParameter): Name = "LatestRevisionDate"; Value = "29-May-2009"; VariantName = "[No Variations]"
Add component (AddParameter): Name = "LatestRevisionNote"; Value = "IPC-7351 Footprint Added."; VariantName = "[No Variations]"
Add component (AddParameter): Name = "PackageDescription"; Value = "16-Pin Small Outline Integrated Circuit 1.27 mm Pitch"; VariantName = "[No Variations]"
Add component (AddParameter): Name = "PackageReference"; Value = "SO-16"; VariantName = "[No Variations]"
Add component (AddParameter): Name = "Published"; Value = "24-Mar-1999"; VariantName = "[No Variations]"
Add component (AddParameter): Name = "Publisher"; Value = "Altium Limited"; VariantName = "[No Variations]"
Add component (AddParameter): Name = "Value"; Value = "4.7K"; VariantName = "[No Variations]"
Added Pin To Net: NetName=GND Pin=C?-1
Added Pin To Net: NetName=3V3_PER_fused Pin=C?-2
Added Net: Name=3V3_PER_fused
Added Net: Name=5V_PER_fused
Added Pin To Net: NetName=GND_ENC Pin=C?-1
Added Pin To Net: NetName=GND_ENC Pin=C?-2
Added Pin To Net: NetName=GND_ENC Pin=J1-1
Added Pin To Net: NetName=GND_ENC Pin=P1-8
Added Net: Name=GND_ENC
Added Net: Name=NetC3_1
Added Pin To Net: NetName=NetC3_2 Pin=J1-4
Added Pin To Net: NetName=NetC3_2 Pin=P1-6
Added Pin To Net: NetName=NetC3_2 Pin=R4-1
Added Net: Name=NetC3_2
Added Net: Name=NetC4_1
Added Pin To Net: NetName=NetC4_2 Pin=J1-7
Added Pin To Net: NetName=NetC4_2 Pin=P1-4
Added Pin To Net: NetName=NetC4_2 Pin=R4-4
Added Net: Name=NetC4_2
Added Net: Name=NetC5_1
Added Pin To Net: NetName=NetC5_2 Pin=J1-9
Added Pin To Net: NetName=NetC5_2 Pin=P1-2
Added Pin To Net: NetName=NetC5_2 Pin=R4-6
Added Net: Name=NetC5_2
Added Pin To Net: NetName=NetJ1_3 Pin=J1-3
Added Pin To Net: NetName=NetJ1_3 Pin=P1-5
Added Pin To Net: NetName=NetJ1_3 Pin=R4-2
Added Net: Name=NetJ1_3
Added Pin To Net: NetName=NetJ1_5 Pin=J1-5
Added Pin To Net: NetName=NetJ1_5 Pin=P1-1
Added Pin To Net: NetName=NetJ1_5 Pin=R4-5
Added Net: Name=NetJ1_5
Added Pin To Net: NetName=NetJ1_8 Pin=J1-8
Added Pin To Net: NetName=NetJ1_8 Pin=P1-3
Added Pin To Net: NetName=NetJ1_8 Pin=R4-3
Added Net: Name=NetJ1_8
Added Net: Name=NetU1_3
Added Net: Name=NetU1_4
Added Net: Name=NetU1_5
Added Net: Name=NetU1_12
Added Net: Name=NetU1_13
Added Net: Name=NetU1_14
Added Pin To Net: NetName=VCC_ENC Pin=C?-1
Added Pin To Net: NetName=VCC_ENC Pin=C?-2
Added Pin To Net: NetName=VCC_ENC Pin=J1-2
Added Pin To Net: NetName=VCC_ENC Pin=P1-7
Added Pin To Net: NetName=VCC_ENC Pin=R4-9
Added Pin To Net: NetName=VCC_ENC Pin=R4-10
Added Pin To Net: NetName=VCC_ENC Pin=R4-11
Added Pin To Net: NetName=VCC_ENC Pin=R4-12
Added Pin To Net: NetName=VCC_ENC Pin=R4-13
Added Pin To Net: NetName=VCC_ENC Pin=R4-14
Added Pin To Net: NetName=VCC_ENC Pin=R4-15
Added Pin To Net: NetName=VCC_ENC Pin=R4-16
Added Net: Name=VCC_ENC
Added Member To Class: ClassName=X2 Member=Component C? 100nF
Added Member To Class: ClassName=X2 Member=Component C? 100nF
Added Member To Class: ClassName=X2 Member=Component C? 10uF
Added Member To Class: ClassName=X2 Member=Component J1 Encoder Jack
Added Member To Class: ClassName=X2 Member=Component P1 Header 8
Added Member To Class: ClassName=X2 Member=Component R4 VISHAY  VSOR 47.K
Added Member To Class: ClassName=X1 Member=Component R? R_TF
Added Room: Name=X2
