Change Net Name : Old Net Name=NetC3A_2 New Net Name=PS_DIG_GPIO_01
Added Net: Name=3V3_PER
Added Net: Name=5V_PER
Added Net: Name=Collective_FLT
Added Net: Name=CPLD_DigIn_01
Added Net: Name=CPLD_DigIn_02
Added Net: Name=CPLD_DigOut_01
Added Net: Name=CPLD_DigOut_02
Added Net: Name=DIG_IO_01
Added Net: Name=DIG_IO_02
Added Net: Name=DIG_IO_03
Added Net: Name=DIG_IO_04
Added Net: Name=DIG_IO_05
Added Net: Name=DIG_IO_06
Added Net: Name=DIG_IO_07
Added Net: Name=DIG_IO_08
Added Net: Name=DIG_IO_09
Added Net: Name=DIG_IO_10
Added Net: Name=DIG_IO_11
Added Net: Name=DIG_IO_12
Added Net: Name=DIG_IO_13
Added Net: Name=DIG_IO_14
Added Net: Name=DIG_IO_15
Added Net: Name=DIG_IO_16
Added Net: Name=DIG_IO_17
Added Net: Name=DIG_IO_18
Added Net: Name=DIG_IO_19
Added Net: Name=DIG_IO_20
Added Net: Name=DIG_IO_21
Added Net: Name=DIG_IO_22
Added Net: Name=DIG_IO_23
Added Net: Name=DIG_IO_24
Added Net: Name=DIG_IO_25
Added Net: Name=DIG_IO_26
Added Net: Name=DIG_IO_27
Added Net: Name=DIG_IO_28
Added Net: Name=DIG_IO_29
Added Net: Name=DIG_IO_30
Added Net: Name=DIG_Res_01
Added Net: Name=DIG_Res_02
Added Net: Name=DIG_Res_03
Added Net: Name=DIG_Res_04
Added Net: Name=DIG_Res_05
Added Net: Name=DIG_Res_06
Added Net: Name=DIG_Res_07
Added Net: Name=I2C0_SCA
Added Net: Name=I2C0_SCL
Added Net: Name=I2C0_SDA
Added Net: Name=PS_DIG_GPIO_02
Added Net: Name=VIN_fused
Added Net: Name=VIN
