Added Component: Designator=C1_2(RESC0805)
Add component (AddParameter): Name = "LatestRevisionDate"; Value = "17-Jul-2002"; VariantName = "[No Variations]"
Add component (AddParameter): Name = "LatestRevisionNote"; Value = "Re-released for DXP Platform."; VariantName = "[No Variations]"
Add component (AddParameter): Name = "PackageDescription"; Value = "Radial Cap, Thru-Hole; 2 Leads; 0.3 in Pin Spacing"; VariantName = "[No Variations]"
Add component (AddParameter): Name = "PackageReference"; Value = "RAD-0.3"; VariantName = "[No Variations]"
Add component (AddParameter): Name = "Published"; Value = "8-Jun-2000"; VariantName = "[No Variations]"
Add component (AddParameter): Name = "Publisher"; Value = "Altium Limited"; VariantName = "[No Variations]"
Add component (AddParameter): Name = "Value"; Value = "100nF"; VariantName = "[No Variations]"
Added Component: Designator=C2_2(RESC0805)
Add component (AddParameter): Name = "LatestRevisionDate"; Value = "17-Jul-2002"; VariantName = "[No Variations]"
Add component (AddParameter): Name = "LatestRevisionNote"; Value = "Re-released for DXP Platform."; VariantName = "[No Variations]"
Add component (AddParameter): Name = "PackageDescription"; Value = "Radial Cap, Thru-Hole; 2 Leads; 0.3 in Pin Spacing"; VariantName = "[No Variations]"
Add component (AddParameter): Name = "PackageReference"; Value = "RAD-0.3"; VariantName = "[No Variations]"
Add component (AddParameter): Name = "Published"; Value = "8-Jun-2000"; VariantName = "[No Variations]"
Add component (AddParameter): Name = "Publisher"; Value = "Altium Limited"; VariantName = "[No Variations]"
Add component (AddParameter): Name = "Value"; Value = "100nF"; VariantName = "[No Variations]"
Added Component: Designator=C3_2(RESC0805)
Add component (AddParameter): Name = "LatestRevisionDate"; Value = "17-Jul-2002"; VariantName = "[No Variations]"
Add component (AddParameter): Name = "LatestRevisionNote"; Value = "Re-released for DXP Platform."; VariantName = "[No Variations]"
Add component (AddParameter): Name = "PackageDescription"; Value = "Radial Cap, Thru-Hole; 2 Leads; 0.3 in Pin Spacing"; VariantName = "[No Variations]"
Add component (AddParameter): Name = "PackageReference"; Value = "RAD-0.3"; VariantName = "[No Variations]"
Add component (AddParameter): Name = "Published"; Value = "8-Jun-2000"; VariantName = "[No Variations]"
Add component (AddParameter): Name = "Publisher"; Value = "Altium Limited"; VariantName = "[No Variations]"
Add component (AddParameter): Name = "Value"; Value = "10nF"; VariantName = "[No Variations]"
Added Component: Designator=C4_2(RESC0805)
Add component (AddParameter): Name = "LatestRevisionDate"; Value = "17-Jul-2002"; VariantName = "[No Variations]"
Add component (AddParameter): Name = "LatestRevisionNote"; Value = "Re-released for DXP Platform."; VariantName = "[No Variations]"
Add component (AddParameter): Name = "PackageDescription"; Value = "Radial Cap, Thru-Hole; 2 Leads; 0.3 in Pin Spacing"; VariantName = "[No Variations]"
Add component (AddParameter): Name = "PackageReference"; Value = "RAD-0.3"; VariantName = "[No Variations]"
Add component (AddParameter): Name = "Published"; Value = "8-Jun-2000"; VariantName = "[No Variations]"
Add component (AddParameter): Name = "Publisher"; Value = "Altium Limited"; VariantName = "[No Variations]"
Add component (AddParameter): Name = "Value"; Value = "10nF"; VariantName = "[No Variations]"
Added Component: Designator=C5_2(CAPR5-4X5)
Add component (AddParameter): Name = "PackageDescription"; Value = "Capacitor; 2 Leads"; VariantName = "[No Variations]"
Add component (AddParameter): Name = "PackageReference"; Value = "CAPR5-4X5"; VariantName = "[No Variations]"
Add component (AddParameter): Name = "Published"; Value = "23-Sep-2002"; VariantName = "[No Variations]"
Add component (AddParameter): Name = "Publisher"; Value = "Altium Limited"; VariantName = "[No Variations]"
Add component (AddParameter): Name = "Value"; Value = "10uF"; VariantName = "[No Variations]"
Added Component: Designator=C6_2(RESC0805)
Add component (AddParameter): Name = "LatestRevisionDate"; Value = "17-Jul-2002"; VariantName = "[No Variations]"
Add component (AddParameter): Name = "LatestRevisionNote"; Value = "Re-released for DXP Platform."; VariantName = "[No Variations]"
Add component (AddParameter): Name = "PackageDescription"; Value = "Radial Cap, Thru-Hole; 2 Leads; 0.3 in Pin Spacing"; VariantName = "[No Variations]"
Add component (AddParameter): Name = "PackageReference"; Value = "RAD-0.3"; VariantName = "[No Variations]"
Add component (AddParameter): Name = "Published"; Value = "8-Jun-2000"; VariantName = "[No Variations]"
Add component (AddParameter): Name = "Publisher"; Value = "Altium Limited"; VariantName = "[No Variations]"
Add component (AddParameter): Name = "Value"; Value = "10nF"; VariantName = "[No Variations]"
Added Component: Designator=J1_2(DSUB1.385-2H9)
Add component (AddParameter): Name = "DatasheetDocument"; Value = "1-Sep-1999"; VariantName = "[No Variations]"
Add component (AddParameter): Name = "Gender"; Value = "Receptacle"; VariantName = "[No Variations]"
Add component (AddParameter): Name = "LatestRevisionDate"; Value = "17-Jul-2002"; VariantName = "[No Variations]"
Add component (AddParameter): Name = "LatestRevisionNote"; Value = "Re-released for DXP Platform."; VariantName = "[No Variations]"
Add component (AddParameter): Name = "Orientation"; Value = "Right Angle"; VariantName = "[No Variations]"
Add component (AddParameter): Name = "PackageDocument"; Value = "O"; VariantName = "[No Variations]"
Add component (AddParameter): Name = "PackageReference"; Value = "788750"; VariantName = "[No Variations]"
Add component (AddParameter): Name = "Positions"; Value = "9"; VariantName = "[No Variations]"
Add component (AddParameter): Name = "Published"; Value = "15-Jun-2001"; VariantName = "[No Variations]"
Add component (AddParameter): Name = "Publisher"; Value = "Altium Limited"; VariantName = "[No Variations]"
Added Component: Designator=P1_2(HDR1X8)
Add component (AddParameter): Name = "LatestRevisionDate"; Value = "17-Jul-2002"; VariantName = "[No Variations]"
Add component (AddParameter): Name = "LatestRevisionNote"; Value = "Re-released for DXP Platform."; VariantName = "[No Variations]"
Add component (AddParameter): Name = "Publisher"; Value = "Altium Limited"; VariantName = "[No Variations]"
Added Component: Designator=R1_2(RESC0805)
Add component (AddParameter): Name = "LatestRevisionDate"; Value = "29-May-2009"; VariantName = "[No Variations]"
Add component (AddParameter): Name = "LatestRevisionNote"; Value = "IPC-7351 Footprint Added."; VariantName = "[No Variations]"
Add component (AddParameter): Name = "PackageDescription"; Value = "Chip Resistor"; VariantName = "[No Variations]"
Add component (AddParameter): Name = "PackageReference"; Value = "J1-0603"; VariantName = "[No Variations]"
Add component (AddParameter): Name = "Published"; Value = "8-Jun-2000"; VariantName = "[No Variations]"
Add component (AddParameter): Name = "Publisher"; Value = "Altium Limited"; VariantName = "[No Variations]"
Add component (AddParameter): Name = "Value"; Value = "120"; VariantName = "[No Variations]"
Added Component: Designator=R2_2(RESC0805)
Add component (AddParameter): Name = "LatestRevisionDate"; Value = "29-May-2009"; VariantName = "[No Variations]"
Add component (AddParameter): Name = "LatestRevisionNote"; Value = "IPC-7351 Footprint Added."; VariantName = "[No Variations]"
Add component (AddParameter): Name = "PackageDescription"; Value = "Chip Resistor"; VariantName = "[No Variations]"
Add component (AddParameter): Name = "PackageReference"; Value = "J1-0603"; VariantName = "[No Variations]"
Add component (AddParameter): Name = "Published"; Value = "8-Jun-2000"; VariantName = "[No Variations]"
Add component (AddParameter): Name = "Publisher"; Value = "Altium Limited"; VariantName = "[No Variations]"
Add component (AddParameter): Name = "Value"; Value = "120"; VariantName = "[No Variations]"
Added Component: Designator=R3_2(RESC0805)
Add component (AddParameter): Name = "LatestRevisionDate"; Value = "29-May-2009"; VariantName = "[No Variations]"
Add component (AddParameter): Name = "LatestRevisionNote"; Value = "IPC-7351 Footprint Added."; VariantName = "[No Variations]"
Add component (AddParameter): Name = "PackageDescription"; Value = "Chip Resistor"; VariantName = "[No Variations]"
Add component (AddParameter): Name = "PackageReference"; Value = "J1-0603"; VariantName = "[No Variations]"
Add component (AddParameter): Name = "Published"; Value = "8-Jun-2000"; VariantName = "[No Variations]"
Add component (AddParameter): Name = "Publisher"; Value = "Altium Limited"; VariantName = "[No Variations]"
Add component (AddParameter): Name = "Value"; Value = "120"; VariantName = "[No Variations]"
Added Component: Designator=R4_2(SO-16_N)
Add component (AddParameter): Name = "Code_IPC"; Value = "SOIC127P600-16"; VariantName = "[No Variations]"
Add component (AddParameter): Name = "Code_JEDEC"; Value = "MS-012-AC"; VariantName = "[No Variations]"
Add component (AddParameter): Name = "LatestRevisionDate"; Value = "29-May-2009"; VariantName = "[No Variations]"
Add component (AddParameter): Name = "LatestRevisionNote"; Value = "IPC-7351 Footprint Added."; VariantName = "[No Variations]"
Add component (AddParameter): Name = "PackageDescription"; Value = "16-Pin Small Outline Integrated Circuit 1.27 mm Pitch"; VariantName = "[No Variations]"
Add component (AddParameter): Name = "PackageReference"; Value = "SO-16"; VariantName = "[No Variations]"
Add component (AddParameter): Name = "Published"; Value = "24-Mar-1999"; VariantName = "[No Variations]"
Add component (AddParameter): Name = "Publisher"; Value = "Altium Limited"; VariantName = "[No Variations]"
Add component (AddParameter): Name = "Value"; Value = "4.7K"; VariantName = "[No Variations]"
Added Component: Designator=U1_2(TI ISO7230 SOIC)
Add component (AddParameter): Name = "Supplier 1"; Value = "Mouser"; VariantName = "[No Variations]"
Add component (AddParameter): Name = "Supplier Part Number 1"; Value = "595-ISO7230CDWR"; VariantName = "[No Variations]"
Added Component: Designator=U3_2(SIL-6(7))
Added Pin To Net: NetName=GND_ENC Pin=C1_2-1
Added Pin To Net: NetName=VCC_ENC Pin=C1_2-2
Added Pin To Net: NetName=GND Pin=C2_2-1
Added Pin To Net: NetName=3V3_PER_fused Pin=C2_2-2
Added Pin To Net: NetName=VCC_ENC Pin=C5_2-1
Added Pin To Net: NetName=GND_ENC Pin=C5_2-2
Added Pin To Net: NetName=GND_ENC Pin=J1_2-1
Added Pin To Net: NetName=VCC_ENC Pin=J1_2-2
Added Pin To Net: NetName=VCC_ENC Pin=P1_2-7
Added Pin To Net: NetName=GND_ENC Pin=P1_2-8
Added Pin To Net: NetName=VCC_ENC Pin=R4_2-9
Added Pin To Net: NetName=VCC_ENC Pin=R4_2-10
Added Pin To Net: NetName=VCC_ENC Pin=R4_2-11
Added Pin To Net: NetName=VCC_ENC Pin=R4_2-12
Added Pin To Net: NetName=VCC_ENC Pin=R4_2-13
Added Pin To Net: NetName=VCC_ENC Pin=R4_2-14
Added Pin To Net: NetName=VCC_ENC Pin=R4_2-15
Added Pin To Net: NetName=VCC_ENC Pin=R4_2-16
Added Pin To Net: NetName=VCC_ENC Pin=U1_2-1
Added Pin To Net: NetName=GND_ENC Pin=U1_2-2
Added Pin To Net: NetName=GND_ENC Pin=U1_2-8
Added Pin To Net: NetName=GND Pin=U1_2-9
Added Pin To Net: NetName=3V3_PER_fused Pin=U1_2-10
Added Pin To Net: NetName=GND Pin=U1_2-15
Added Pin To Net: NetName=3V3_PER_fused Pin=U1_2-16
Added Pin To Net: NetName=5V_PER_fused Pin=U3_2-1
Added Pin To Net: NetName=GND Pin=U3_2-2
Added Pin To Net: NetName=GND_ENC Pin=U3_2-4
Added Pin To Net: NetName=VCC_ENC Pin=U3_2-6
Added Pin To Net: NetName=NetC3_2_1 Pin=C3_2-1
Added Pin To Net: NetName=NetC3_2_1 Pin=R1_2-2
Added Net: Name=NetC3_2_1
Added Pin To Net: NetName=NetC3_2_2 Pin=C3_2-2
Added Pin To Net: NetName=NetC3_2_2 Pin=J1_2-4
Added Pin To Net: NetName=NetC3_2_2 Pin=P1_2-6
Added Pin To Net: NetName=NetC3_2_2 Pin=R4_2-1
Added Net: Name=NetC3_2_2
Added Pin To Net: NetName=NetC4_2_1 Pin=C4_2-1
Added Pin To Net: NetName=NetC4_2_1 Pin=R2_2-2
Added Net: Name=NetC4_2_1
Added Pin To Net: NetName=NetC4_2_2 Pin=C4_2-2
Added Pin To Net: NetName=NetC4_2_2 Pin=J1_2-7
Added Pin To Net: NetName=NetC4_2_2 Pin=P1_2-4
Added Pin To Net: NetName=NetC4_2_2 Pin=R4_2-4
Added Net: Name=NetC4_2_2
Added Pin To Net: NetName=NetC6_2_1 Pin=C6_2-1
Added Pin To Net: NetName=NetC6_2_1 Pin=R3_2-2
Added Net: Name=NetC6_2_1
Added Pin To Net: NetName=NetC6_2_2 Pin=C6_2-2
Added Pin To Net: NetName=NetC6_2_2 Pin=J1_2-9
Added Pin To Net: NetName=NetC6_2_2 Pin=P1_2-2
Added Pin To Net: NetName=NetC6_2_2 Pin=R4_2-6
Added Net: Name=NetC6_2_2
Added Pin To Net: NetName=NetJ1_2_3 Pin=J1_2-3
Added Pin To Net: NetName=NetJ1_2_3 Pin=P1_2-5
Added Pin To Net: NetName=NetJ1_2_3 Pin=R1_2-1
Added Pin To Net: NetName=NetJ1_2_3 Pin=R4_2-2
Added Net: Name=NetJ1_2_3
Added Pin To Net: NetName=NetJ1_2_5 Pin=J1_2-5
Added Pin To Net: NetName=NetJ1_2_5 Pin=P1_2-1
Added Pin To Net: NetName=NetJ1_2_5 Pin=R3_2-1
Added Pin To Net: NetName=NetJ1_2_5 Pin=R4_2-5
Added Net: Name=NetJ1_2_5
Added Pin To Net: NetName=NetJ1_2_8 Pin=J1_2-8
Added Pin To Net: NetName=NetJ1_2_8 Pin=P1_2-3
Added Pin To Net: NetName=NetJ1_2_8 Pin=R2_2-1
Added Pin To Net: NetName=NetJ1_2_8 Pin=R4_2-3
Added Net: Name=NetJ1_2_8
Added Pin To Net: NetName=NetU1_2_3 Pin=U1_2-3
Added Net: Name=NetU1_2_3
Added Pin To Net: NetName=NetU1_2_4 Pin=U1_2-4
Added Net: Name=NetU1_2_4
Added Pin To Net: NetName=NetU1_2_5 Pin=U1_2-5
Added Net: Name=NetU1_2_5
Added Pin To Net: NetName=NetU1_2_12 Pin=U1_2-12
Added Net: Name=NetU1_2_12
Added Pin To Net: NetName=NetU1_2_13 Pin=U1_2-13
Added Net: Name=NetU1_2_13
Added Pin To Net: NetName=NetU1_2_14 Pin=U1_2-14
Added Net: Name=NetU1_2_14
Added Class: Name=X3
Added Member To Class: ClassName=X1 Member=Component R? (R_B) R_TF
Added Room: Name=X3
