Removed Pin From Net: NetName=PILOT_OUT Pin=R?-1
Removed Pin From Net: NetName=PILOT_IN Pin=R?-2
Removed Pin From Net: NetName=GND Pin=X?-1
Removed Pin From Net: NetName=GND Pin=X?-2
Removed Pin From Net: NetName=GND Pin=X?-3
Removed Pin From Net: NetName=GND Pin=X?-4
Removed Pin From Net: NetName=GND Pin=X?-7
Removed Pin From Net: NetName=GND Pin=X?-8
Removed Pin From Net: NetName=GND Pin=X?-11
Removed Pin From Net: NetName=GND Pin=X?-12
Removed Pin From Net: NetName=GND Pin=X?-15
Removed Pin From Net: NetName=GND Pin=X?-16
Removed Pin From Net: NetName=GND Pin=X?-19
Removed Pin From Net: NetName=GND Pin=X?-20
Removed Pin From Net: NetName=GND Pin=X?-23
Removed Pin From Net: NetName=GND Pin=X?-24
Removed Pin From Net: NetName=GND Pin=X?-27
Removed Pin From Net: NetName=GND Pin=X?-28
Removed Pin From Net: NetName=GND Pin=X?-31
Removed Pin From Net: NetName=GND Pin=X?-32
Removed Pin From Net: NetName=GND Pin=X?-35
Removed Pin From Net: NetName=GND Pin=X?-36
Removed Pin From Net: NetName=GND Pin=X?-39
Removed Pin From Net: NetName=GND Pin=X?-40
Removed Pin From Net: NetName=GND Pin=X?-43
Removed Pin From Net: NetName=GND Pin=X?-44
Removed Pin From Net: NetName=GND Pin=X?-47
Removed Pin From Net: NetName=GND Pin=X?-48
Removed Pin From Net: NetName=GND Pin=X?-51
Removed Pin From Net: NetName=GND Pin=X?-52
Removed Pin From Net: NetName=GND Pin=X?-55
Removed Pin From Net: NetName=GND Pin=X?-56
Removed Pin From Net: NetName=GND Pin=X?-59
Removed Pin From Net: NetName=GND Pin=X?-60
Removed Pin From Net: NetName=GND Pin=X?-63
Removed Pin From Net: NetName=GND Pin=X?-64
Removed Pin From Net: NetName=GND Pin=X?-67
Removed Pin From Net: NetName=GND Pin=X?-68
Removed Pin From Net: NetName=GND Pin=X?-71
Removed Pin From Net: NetName=GND Pin=X?-72
Removed Pin From Net: NetName=GND Pin=X?-75
Removed Pin From Net: NetName=GND Pin=X?-76
Removed Pin From Net: NetName=GND Pin=X?-81
Removed Pin From Net: NetName=GND Pin=X?-82
Removed Pin From Net: NetName=GND Pin=X?-87
Removed Pin From Net: NetName=GND Pin=X?-88
Removed Pin From Net: NetName=GND Pin=X?-97
Removed Pin From Net: NetName=GND Pin=X?-98
Removed Pin From Net: NetName=PILOT_OUT Pin=X?-99
Removed Pin From Net: NetName=PILOT_IN Pin=X?-100
Removed Member From Class: ClassName=X1 Member=R?
Removed Member From Class: ClassName=X1 Member=X?
Added Pin To Net: NetName=NetC3A_2 Pin=C3B-2
Added Pin To Net: NetName=NetC3A_2 Pin=C3C-2
Added Pin To Net: NetName=NetC3A_2 Pin=C4A-2
Added Pin To Net: NetName=NetC3A_2 Pin=C4B-2
Added Pin To Net: NetName=NetC3A_2 Pin=C4C-2
Added Pin To Net: NetName=NetC3A_2 Pin=C6A-2
Added Pin To Net: NetName=NetC3A_2 Pin=C6B-2
Added Pin To Net: NetName=NetC3A_2 Pin=C6C-2
Added Pin To Net: NetName=NetC3A_2 Pin=J1A-3
Added Pin To Net: NetName=NetC3A_2 Pin=J1A-5
Added Pin To Net: NetName=NetC3A_2 Pin=J1A-7
Added Pin To Net: NetName=NetC3A_2 Pin=J1A-8
Added Pin To Net: NetName=NetC3A_2 Pin=J1A-9
Added Pin To Net: NetName=NetC3A_2 Pin=J1B-3
Added Pin To Net: NetName=NetC3A_2 Pin=J1B-4
Added Pin To Net: NetName=NetC3A_2 Pin=J1B-5
Added Pin To Net: NetName=NetC3A_2 Pin=J1B-7
Added Pin To Net: NetName=NetC3A_2 Pin=J1B-8
Added Pin To Net: NetName=NetC3A_2 Pin=J1B-9
Added Pin To Net: NetName=NetC3A_2 Pin=J1C-3
Added Pin To Net: NetName=NetC3A_2 Pin=J1C-4
Added Pin To Net: NetName=NetC3A_2 Pin=J1C-5
Added Pin To Net: NetName=NetC3A_2 Pin=J1C-7
Added Pin To Net: NetName=NetC3A_2 Pin=J1C-8
Added Pin To Net: NetName=NetC3A_2 Pin=J1C-9
Added Pin To Net: NetName=NetC3A_2 Pin=P1A-1
Added Pin To Net: NetName=NetC3A_2 Pin=P1A-2
Added Pin To Net: NetName=NetC3A_2 Pin=P1A-3
Added Pin To Net: NetName=NetC3A_2 Pin=P1A-4
Added Pin To Net: NetName=NetC3A_2 Pin=P1A-5
Added Pin To Net: NetName=NetC3A_2 Pin=P1B-1
Added Pin To Net: NetName=NetC3A_2 Pin=P1B-2
Added Pin To Net: NetName=NetC3A_2 Pin=P1B-3
Added Pin To Net: NetName=NetC3A_2 Pin=P1B-4
Added Pin To Net: NetName=NetC3A_2 Pin=P1B-5
Added Pin To Net: NetName=NetC3A_2 Pin=P1B-6
Added Pin To Net: NetName=NetC3A_2 Pin=P1C-1
Added Pin To Net: NetName=NetC3A_2 Pin=P1C-2
Added Pin To Net: NetName=NetC3A_2 Pin=P1C-3
Added Pin To Net: NetName=NetC3A_2 Pin=P1C-4
Added Pin To Net: NetName=NetC3A_2 Pin=P1C-5
Added Pin To Net: NetName=NetC3A_2 Pin=P1C-6
Added Pin To Net: NetName=NetC3A_2 Pin=R1A-1
Added Pin To Net: NetName=NetC3A_2 Pin=R1B-1
Added Pin To Net: NetName=NetC3A_2 Pin=R1C-1
Added Pin To Net: NetName=NetC3A_2 Pin=R2A-1
Added Pin To Net: NetName=NetC3A_2 Pin=R2B-1
Added Pin To Net: NetName=NetC3A_2 Pin=R2C-1
Added Pin To Net: NetName=NetC3A_2 Pin=R3A-1
Added Pin To Net: NetName=NetC3A_2 Pin=R3B-1
Added Pin To Net: NetName=NetC3A_2 Pin=R3C-1
Added Pin To Net: NetName=NetC3A_2 Pin=R4A-2
Added Pin To Net: NetName=NetC3A_2 Pin=R4A-3
Added Pin To Net: NetName=NetC3A_2 Pin=R4A-4
Added Pin To Net: NetName=NetC3A_2 Pin=R4A-5
Added Pin To Net: NetName=NetC3A_2 Pin=R4A-6
Added Pin To Net: NetName=NetC3A_2 Pin=R4B-1
Added Pin To Net: NetName=NetC3A_2 Pin=R4B-2
Added Pin To Net: NetName=NetC3A_2 Pin=R4B-3
Added Pin To Net: NetName=NetC3A_2 Pin=R4B-4
Added Pin To Net: NetName=NetC3A_2 Pin=R4B-5
Added Pin To Net: NetName=NetC3A_2 Pin=R4B-6
Added Pin To Net: NetName=NetC3A_2 Pin=R4C-1
Added Pin To Net: NetName=NetC3A_2 Pin=R4C-2
Added Pin To Net: NetName=NetC3A_2 Pin=R4C-3
Added Pin To Net: NetName=NetC3A_2 Pin=R4C-4
Added Pin To Net: NetName=NetC3A_2 Pin=R4C-5
Added Pin To Net: NetName=NetC3A_2 Pin=R4C-6
